FILE: field.cpp
FILE: field.h
FILE: game_object.h
FILE: io.h
SYMBOL_MACRO: _FIELD_ [field.h <2:9 2:15>]
SYMBOL_MACRO: _GAME_OBJECT_ [game_object.h <2:9 2:21>]
SYMBOL_MACRO: _IO_ [io.h <2:9 2:12>]
SYMBOL_CLASS: GameObject [game_object.h <4:1 <4:7 4:16> 8:1>]
SYMBOL_METHOD: public void GameObject::GameObject() [game_object.h <6:2 <6:2 <6:2 6:11> 6:13> 6:16>]
SYMBOL_METHOD: public void GameObject::~GameObject() [game_object.h <7:2 <7:2 <7:10 7:20> 7:22> 7:25>]
SYMBOL_METHOD: public GameObject & GameObject::operator=(const GameObject &) [game_object.h <4:7 <4:7 4:16> 4:16>]
SYMBOL_METHOD: public void GameObject::GameObject(const GameObject &) [game_object.h <4:7 <4:7 4:16> 4:16>]
QUALIFIER: Field [field.cpp <5:1 5:5>]
QUALIFIER: Field [field.cpp <5:14 5:18>]
QUALIFIER: Field [field.cpp <15:1 15:5>]
QUALIFIER: Field [field.cpp <23:1 23:5>]
QUALIFIER: Field [field.cpp <30:7 30:11>]
QUALIFIER: Field [field.cpp <41:6 41:10>]
QUALIFIER: Field [field.cpp <50:6 50:10>]
QUALIFIER: Field [field.cpp <77:5 77:9>]
QUALIFIER: Field [field.cpp <98:6 98:10>]
QUALIFIER: Field [field.cpp <102:6 102:10>]
QUALIFIER: Field [field.cpp <106:6 106:10>]
QUALIFIER: Field [field.cpp <110:6 110:10>]
QUALIFIER: Field [field.cpp <119:6 119:10>]
SYMBOL_CLASS: Field [field.h <6:1 <6:7 6:11> 41:1>]
SYMBOL_ENUM: public Field::Token [field.h <8:2 <8:7 8:11> 12:2>]
SYMBOL_ENUM_CONSTANT: Field::Token::None [field.h <9:3 9:6>]
SYMBOL_ENUM_CONSTANT: Field::Token::PlayerA [field.h <10:3 10:9>]
SYMBOL_ENUM_CONSTANT: Field::Token::PlayerB [field.h <11:3 11:9>]
SYMBOL_METHOD: public static Field::Token Field::Opponent(Field::Token) [field.cpp <5:1 <5:21 5:28> 13:1>]
SYMBOL_METHOD: public static Field::Token Field::Opponent(Field::Token) [field.h <14:2 <14:15 14:22> 14:37>]
SYMBOL_STRUCT: public Field::Move [field.h <16:2 <16:9 16:12> 19:2>]
SYMBOL_FIELD: public int Field::Move::row [field.h <17:7 17:9>]
SYMBOL_BUILTIN_TYPE: int
SYMBOL_FIELD: public int Field::Move::col [field.h <18:7 18:9>]
SYMBOL_METHOD: public void Field::Field() [field.cpp <15:1 <15:8 15:12> 21:1>]
SYMBOL_METHOD: public void Field::Field() [field.h <21:2 <21:2 21:6> 21:8>]
SYMBOL_METHOD: public void Field::~Field() [field.cpp <23:1 <23:8 23:13> 28:1>]
SYMBOL_METHOD: public void Field::~Field() [field.h <22:2 <22:2 22:7> 22:9>]
SYMBOL_METHOD: public Field Field::Clone() const [field.cpp <30:1 <30:14 30:18> 39:1>]
SYMBOL_METHOD: public Field Field::Clone() const [field.h <24:2 <24:8 24:12> 24:20>]
SYMBOL_METHOD: public void Field::Clear() [field.cpp <41:1 <41:13 41:17> 48:1>]
SYMBOL_METHOD: public void Field::Clear() [field.h <25:2 <25:7 25:11> 25:13>]
SYMBOL_BUILTIN_TYPE: void
SYMBOL_METHOD: public void Field::Show() const [field.cpp <50:1 <50:13 50:16> 75:1>]
SYMBOL_METHOD: public void Field::Show() const [field.h <27:2 <27:7 27:10> 27:18>]
SYMBOL_METHOD: public int Field::SameInRow(Field::Token, int) const [field.cpp <77:1 <77:12 77:20> 96:1>]
SYMBOL_METHOD: public int Field::SameInRow(Field::Token, int) const [field.h <29:2 <29:6 29:14> 29:47>]
SYMBOL_METHOD: public bool Field::InRange(const Field::Move &) const [field.cpp <98:1 <98:13 98:19> 100:1>]
SYMBOL_METHOD: public bool Field::InRange(const Field::Move &) const [field.h <31:2 <31:7 31:13> 31:39>]
SYMBOL_BUILTIN_TYPE: bool
SYMBOL_METHOD: public bool Field::IsEmpty(const Field::Move &) const [field.cpp <102:1 <102:13 102:19> 104:1>]
SYMBOL_METHOD: public bool Field::IsEmpty(const Field::Move &) const [field.h <32:2 <32:7 32:13> 32:39>]
SYMBOL_METHOD: public bool Field::IsFull() const [field.cpp <106:1 <106:13 106:18> 108:1>]
SYMBOL_METHOD: public bool Field::IsFull() const [field.h <33:2 <33:7 33:12> 33:20>]
SYMBOL_METHOD: public void Field::MakeMove(const Field::Move &, Field::Token) [field.cpp <110:1 <110:13 110:20> 117:1>]
SYMBOL_METHOD: public void Field::MakeMove(const Field::Move &, Field::Token) [field.h <35:2 <35:7 35:14> 35:47>]
SYMBOL_METHOD: public void Field::ClearMove(const Field::Move &) [field.cpp <119:1 <119:13 119:21> 126:1>]
SYMBOL_METHOD: public void Field::ClearMove(const Field::Move &) [field.h <36:2 <36:7 36:15> 36:35>]
SYMBOL_FIELD: private Field::Token * * Field::grid_ [field.h <39:10 39:14>]
SYMBOL_FIELD: private int Field::left_ [field.h <40:6 40:10>]
SYMBOL_METHOD: public void Field::Field(const Field &) [field.h <6:7 <6:7 6:11> 6:11>]
SYMBOL_METHOD: public Field & Field::operator=(const Field &) [field.h <6:7 <6:7 6:11> 6:11>]
QUALIFIER: io [field.cpp <51:2 51:3>]
QUALIFIER: io [field.cpp <53:3 53:4>]
QUALIFIER: io [field.cpp <54:3 54:4>]
QUALIFIER: io [field.cpp <58:5 58:6>]
QUALIFIER: io [field.cpp <60:5 60:6>]
QUALIFIER: io [field.cpp <62:5 62:6>]
QUALIFIER: io [field.cpp <66:5 66:6>]
QUALIFIER: io [field.cpp <71:4 71:5>]
QUALIFIER: io [field.cpp <74:2 74:3>]
SYMBOL_NAMESPACE: io [io.h <4:1 <4:11 4:12> 11:1>]
SYMBOL_FUNCTION: int io::numberIn() [io.h <6:2 <6:6 6:13> 6:15>]
SYMBOL_FUNCTION: void io::numberOut(int) [io.h <7:2 <7:7 7:15> 7:24>]
SYMBOL_FUNCTION: void io::stringOut(const char *) [io.h <9:2 <9:7 9:15> 9:32>]
SYMBOL_BUILTIN_TYPE: char
REFERENCE_INCLUDE: field.cpp -> field.h [field.cpp <1:10 1:18>]
REFERENCE_MACRO_USAGE: field.h -> _FIELD_ [field.h <1:9 1:15>]
REFERENCE_INCLUDE: field.h -> game_object.h [field.h <4:10 4:24>]
REFERENCE_MACRO_USAGE: game_object.h -> _GAME_OBJECT_ [game_object.h <1:9 1:21>]
REFERENCE_INCLUDE: field.cpp -> io.h [field.cpp <3:10 3:15>]
REFERENCE_MACRO_USAGE: io.h -> _IO_ [io.h <1:9 1:12>]
REFERENCE_INHERITANCE: Field -> GameObject [field.h <6:22 6:31>]
REFERENCE_TYPE_USAGE: static Field::Token Field::Opponent(Field::Token) -> Field::Token [field.cpp <5:8 5:12>]
REFERENCE_TYPE_USAGE: static Field::Token Field::Opponent(Field::Token) -> Field::Token [field.cpp <5:31 5:35>]
REFERENCE_TYPE_USAGE: static Field::Token Field::Opponent(Field::Token) -> Field::Token [field.h <14:9 14:13>]
REFERENCE_TYPE_USAGE: static Field::Token Field::Opponent(Field::Token) -> Field::Token [field.h <14:25 14:29>]
REFERENCE_TYPE_USAGE: int Field::Move::row -> int [field.h <17:3 17:5>]
REFERENCE_TYPE_USAGE: int Field::Move::col -> int [field.h <18:3 18:5>]
REFERENCE_OVERRIDE: void Field::~Field() -> void GameObject::~GameObject() [field.cpp <23:8 23:8>]
REFERENCE_OVERRIDE: void Field::~Field() -> void GameObject::~GameObject() [field.h <22:2 22:2>]
REFERENCE_TYPE_USAGE: Field Field::Clone() const -> Field [field.cpp <30:1 30:5>]
REFERENCE_TYPE_USAGE: Field Field::Clone() const -> Field [field.cpp <31:2 31:6>]
REFERENCE_TYPE_USAGE: Field Field::Clone() const -> Field [field.h <24:2 24:6>]
REFERENCE_TYPE_USAGE: void Field::Clear() -> void [field.cpp <41:1 41:4>]
REFERENCE_TYPE_USAGE: void Field::Clear() -> void [field.h <25:2 25:5>]
REFERENCE_TYPE_USAGE: void Field::Show() const -> void [field.cpp <50:1 50:4>]
REFERENCE_TYPE_USAGE: void Field::Show() const -> void [field.h <27:2 27:5>]
REFERENCE_TYPE_USAGE: int Field::SameInRow(Field::Token, int) const -> int [field.cpp <77:1 77:3>]
REFERENCE_TYPE_USAGE: int Field::SameInRow(Field::Token, int) const -> int [field.cpp <77:36 77:38>]
REFERENCE_TYPE_USAGE: int Field::SameInRow(Field::Token, int) const -> int [field.cpp <78:2 78:4>]
REFERENCE_TYPE_USAGE: int Field::SameInRow(Field::Token, int) const -> int [field.cpp <79:2 79:4>]
REFERENCE_TYPE_USAGE: int Field::SameInRow(Field::Token, int) const -> int [field.cpp <81:8 81:10>]
REFERENCE_TYPE_USAGE: int Field::SameInRow(Field::Token, int) const -> int [field.h <29:2 29:4>]
REFERENCE_TYPE_USAGE: int Field::SameInRow(Field::Token, int) const -> int [field.h <29:30 29:32>]
REFERENCE_TYPE_USAGE: int Field::SameInRow(Field::Token, int) const -> Field::Token [field.cpp <77:23 77:27>]
REFERENCE_TYPE_USAGE: int Field::SameInRow(Field::Token, int) const -> Field::Token [field.h <29:17 29:21>]
REFERENCE_TYPE_USAGE: bool Field::InRange(const Field::Move &) const -> bool [field.cpp <98:1 98:4>]
REFERENCE_TYPE_USAGE: bool Field::InRange(const Field::Move &) const -> bool [field.h <31:2 31:5>]
REFERENCE_TYPE_USAGE: bool Field::InRange(const Field::Move &) const -> Field::Move [field.cpp <98:28 98:31>]
REFERENCE_TYPE_USAGE: bool Field::InRange(const Field::Move &) const -> Field::Move [field.h <31:22 31:25>]
REFERENCE_TYPE_USAGE: bool Field::IsEmpty(const Field::Move &) const -> bool [field.cpp <102:1 102:4>]
REFERENCE_TYPE_USAGE: bool Field::IsEmpty(const Field::Move &) const -> bool [field.h <32:2 32:5>]
REFERENCE_TYPE_USAGE: bool Field::IsEmpty(const Field::Move &) const -> Field::Move [field.cpp <102:28 102:31>]
REFERENCE_TYPE_USAGE: bool Field::IsEmpty(const Field::Move &) const -> Field::Move [field.h <32:22 32:25>]
REFERENCE_TYPE_USAGE: bool Field::IsFull() const -> bool [field.cpp <106:1 106:4>]
REFERENCE_TYPE_USAGE: bool Field::IsFull() const -> bool [field.h <33:2 33:5>]
REFERENCE_TYPE_USAGE: void Field::MakeMove(const Field::Move &, Field::Token) -> void [field.cpp <110:1 110:4>]
REFERENCE_TYPE_USAGE: void Field::MakeMove(const Field::Move &, Field::Token) -> void [field.h <35:2 35:5>]
REFERENCE_TYPE_USAGE: void Field::MakeMove(const Field::Move &, Field::Token) -> Field::Move [field.cpp <110:29 110:32>]
REFERENCE_TYPE_USAGE: void Field::MakeMove(const Field::Move &, Field::Token) -> Field::Move [field.h <35:23 35:26>]
REFERENCE_TYPE_USAGE: void Field::MakeMove(const Field::Move &, Field::Token) -> Field::Token [field.cpp <110:41 110:45>]
REFERENCE_TYPE_USAGE: void Field::MakeMove(const Field::Move &, Field::Token) -> Field::Token [field.h <35:35 35:39>]
REFERENCE_TYPE_USAGE: void Field::ClearMove(const Field::Move &) -> void [field.cpp <119:1 119:4>]
REFERENCE_TYPE_USAGE: void Field::ClearMove(const Field::Move &) -> void [field.h <36:2 36:5>]
REFERENCE_TYPE_USAGE: void Field::ClearMove(const Field::Move &) -> Field::Move [field.cpp <119:30 119:33>]
REFERENCE_TYPE_USAGE: void Field::ClearMove(const Field::Move &) -> Field::Move [field.h <36:24 36:27>]
REFERENCE_TYPE_USAGE: Field::Token * * Field::grid_ -> Field::Token [field.h <39:2 39:6>]
REFERENCE_TYPE_USAGE: int Field::left_ -> int [field.h <40:2 40:4>]
REFERENCE_CALL: void Field::Field(const Field &) -> void GameObject::GameObject(const GameObject &) [field.h <6:7 6:11>]
REFERENCE_USAGE: void Field::Field(const Field &) -> Field::Token * * Field::grid_ [field.h <6:7 6:11>]
REFERENCE_USAGE: void Field::Field(const Field &) -> int Field::left_ [field.h <6:7 6:11>]
REFERENCE_TYPE_USAGE: int io::numberIn() -> int [io.h <6:2 6:4>]
REFERENCE_TYPE_USAGE: void io::numberOut(int) -> void [io.h <7:2 7:5>]
REFERENCE_TYPE_USAGE: void io::numberOut(int) -> int [io.h <7:17 7:19>]
REFERENCE_TYPE_USAGE: void io::stringOut(const char *) -> void [io.h <9:2 9:5>]
REFERENCE_TYPE_USAGE: void io::stringOut(const char *) -> char [io.h <9:23 9:26>]
REFERENCE_USAGE: static Field::Token Field::Opponent(Field::Token) -> Field::Token::PlayerA [field.cpp <6:16 6:22>]
REFERENCE_USAGE: static Field::Token Field::Opponent(Field::Token) -> Field::Token::PlayerA [field.cpp <9:10 9:16>]
REFERENCE_USAGE: static Field::Token Field::Opponent(Field::Token) -> Field::Token::PlayerB [field.cpp <7:10 7:16>]
REFERENCE_USAGE: static Field::Token Field::Opponent(Field::Token) -> Field::Token::PlayerB [field.cpp <8:22 8:28>]
REFERENCE_USAGE: static Field::Token Field::Opponent(Field::Token) -> Field::Token::None [field.cpp <11:10 11:13>]
REFERENCE_CALL: void Field::Field() -> void GameObject::GameObject() [field.cpp <15:8 15:12>]
REFERENCE_USAGE: void Field::Field() -> int Field::left_ [field.cpp <16:4 16:8>]
REFERENCE_USAGE: void Field::Field() -> Field::Token * * Field::grid_ [field.cpp <17:2 17:6>]
REFERENCE_USAGE: void Field::Field() -> Field::Token * * Field::grid_ [field.cpp <19:3 19:7>]
REFERENCE_TYPE_USAGE: void Field::Field() -> Field::Token [field.cpp <17:14 17:18>]
REFERENCE_TYPE_USAGE: void Field::Field() -> Field::Token [field.cpp <19:18 19:22>]
REFERENCE_TYPE_USAGE: void Field::Field() -> int [field.cpp <18:8 18:10>]
REFERENCE_TYPE_USAGE: void Field::~Field() -> int [field.cpp <24:8 24:10>]
REFERENCE_USAGE: void Field::~Field() -> Field::Token * * Field::grid_ [field.cpp <25:13 25:17>]
REFERENCE_USAGE: void Field::~Field() -> Field::Token * * Field::grid_ [field.cpp <27:12 27:16>]
REFERENCE_CALL: Field Field::Clone() const -> void Field::Field() [field.cpp <31:8 31:12>]
REFERENCE_TYPE_USAGE: Field Field::Clone() const -> int [field.cpp <32:8 32:10>]
REFERENCE_TYPE_USAGE: Field Field::Clone() const -> int [field.cpp <33:9 33:11>]
REFERENCE_USAGE: Field Field::Clone() const -> Field::Token * * Field::grid_ [field.cpp <34:10 34:14>]
REFERENCE_USAGE: Field Field::Clone() const -> Field::Token * * Field::grid_ [field.cpp <34:24 34:28>]
REFERENCE_USAGE: Field Field::Clone() const -> int Field::left_ [field.cpp <37:8 37:12>]
REFERENCE_USAGE: Field Field::Clone() const -> int Field::left_ [field.cpp <37:16 37:20>]
REFERENCE_CALL: Field Field::Clone() const -> void Field::Field(const Field &) [field.cpp <38:9 38:13>]
REFERENCE_TYPE_USAGE: void Field::Clear() -> int [field.cpp <42:8 42:10>]
REFERENCE_TYPE_USAGE: void Field::Clear() -> int [field.cpp <43:9 43:11>]
REFERENCE_USAGE: void Field::Clear() -> Field::Token * * Field::grid_ [field.cpp <44:4 44:8>]
REFERENCE_USAGE: void Field::Clear() -> Field::Token::None [field.cpp <44:18 44:21>]
REFERENCE_USAGE: void Field::Clear() -> int Field::left_ [field.cpp <47:2 47:6>]
REFERENCE_CALL: void Field::Show() const -> void io::stringOut(const char *) [field.cpp <51:6 51:14>]
REFERENCE_CALL: void Field::Show() const -> void io::stringOut(const char *) [field.cpp <54:7 54:15>]
REFERENCE_CALL: void Field::Show() const -> void io::stringOut(const char *) [field.cpp <58:9 58:17>]
REFERENCE_CALL: void Field::Show() const -> void io::stringOut(const char *) [field.cpp <60:9 60:17>]
REFERENCE_CALL: void Field::Show() const -> void io::stringOut(const char *) [field.cpp <62:9 62:17>]
REFERENCE_CALL: void Field::Show() const -> void io::stringOut(const char *) [field.cpp <66:9 66:17>]
REFERENCE_CALL: void Field::Show() const -> void io::stringOut(const char *) [field.cpp <71:8 71:16>]
REFERENCE_CALL: void Field::Show() const -> void io::stringOut(const char *) [field.cpp <74:6 74:14>]
REFERENCE_TYPE_USAGE: void Field::Show() const -> int [field.cpp <52:8 52:10>]
REFERENCE_TYPE_USAGE: void Field::Show() const -> int [field.cpp <56:9 56:11>]
REFERENCE_CALL: void Field::Show() const -> void io::numberOut(int) [field.cpp <53:7 53:15>]
REFERENCE_USAGE: void Field::Show() const -> Field::Token * * Field::grid_ [field.cpp <57:9 57:13>]
REFERENCE_USAGE: void Field::Show() const -> Field::Token * * Field::grid_ [field.cpp <59:16 59:20>]
REFERENCE_USAGE: void Field::Show() const -> Field::Token::PlayerA [field.cpp <57:28 57:34>]
REFERENCE_USAGE: void Field::Show() const -> Field::Token::PlayerB [field.cpp <59:35 59:41>]
REFERENCE_USAGE: int Field::SameInRow(Field::Token, int) const -> Field::Token * * Field::grid_ [field.cpp <82:8 82:12>]
REFERENCE_USAGE: int Field::SameInRow(Field::Token, int) const -> Field::Token * * Field::grid_ [field.cpp <82:22 82:26>]
REFERENCE_USAGE: int Field::SameInRow(Field::Token, int) const -> Field::Token * * Field::grid_ [field.cpp <82:36 82:40>]
REFERENCE_USAGE: int Field::SameInRow(Field::Token, int) const -> Field::Token * * Field::grid_ [field.cpp <84:15 84:19>]
REFERENCE_USAGE: int Field::SameInRow(Field::Token, int) const -> Field::Token * * Field::grid_ [field.cpp <84:29 84:33>]
REFERENCE_USAGE: int Field::SameInRow(Field::Token, int) const -> Field::Token * * Field::grid_ [field.cpp <84:43 84:47>]
REFERENCE_USAGE: int Field::SameInRow(Field::Token, int) const -> Field::Token * * Field::grid_ [field.cpp <89:7 89:11>]
REFERENCE_USAGE: int Field::SameInRow(Field::Token, int) const -> Field::Token * * Field::grid_ [field.cpp <89:21 89:25>]
REFERENCE_USAGE: int Field::SameInRow(Field::Token, int) const -> Field::Token * * Field::grid_ [field.cpp <89:35 89:39>]
REFERENCE_USAGE: int Field::SameInRow(Field::Token, int) const -> Field::Token * * Field::grid_ [field.cpp <91:14 91:18>]
REFERENCE_USAGE: int Field::SameInRow(Field::Token, int) const -> Field::Token * * Field::grid_ [field.cpp <91:28 91:32>]
REFERENCE_USAGE: int Field::SameInRow(Field::Token, int) const -> Field::Token * * Field::grid_ [field.cpp <91:42 91:46>]
REFERENCE_USAGE: bool Field::InRange(const Field::Move &) const -> int Field::Move::row [field.cpp <99:14 99:16>]
REFERENCE_USAGE: bool Field::InRange(const Field::Move &) const -> int Field::Move::row [field.cpp <99:31 99:33>]
REFERENCE_USAGE: bool Field::InRange(const Field::Move &) const -> int Field::Move::col [field.cpp <99:47 99:49>]
REFERENCE_USAGE: bool Field::InRange(const Field::Move &) const -> int Field::Move::col [field.cpp <99:64 99:66>]
REFERENCE_USAGE: bool Field::IsEmpty(const Field::Move &) const -> Field::Token * * Field::grid_ [field.cpp <103:9 103:13>]
REFERENCE_USAGE: bool Field::IsEmpty(const Field::Move &) const -> int Field::Move::row [field.cpp <103:20 103:22>]
REFERENCE_USAGE: bool Field::IsEmpty(const Field::Move &) const -> int Field::Move::col [field.cpp <103:30 103:32>]
REFERENCE_USAGE: bool Field::IsEmpty(const Field::Move &) const -> Field::Token::None [field.cpp <103:38 103:41>]
REFERENCE_USAGE: bool Field::IsFull() const -> int Field::left_ [field.cpp <107:9 107:13>]
REFERENCE_CALL: void Field::MakeMove(const Field::Move &, Field::Token) -> bool Field::InRange(const Field::Move &) const [field.cpp <111:8 111:14>]
REFERENCE_CALL: void Field::MakeMove(const Field::Move &, Field::Token) -> bool Field::IsEmpty(const Field::Move &) const [field.cpp <111:28 111:34>]
REFERENCE_USAGE: void Field::MakeMove(const Field::Move &, Field::Token) -> Field::Token::None [field.cpp <111:56 111:59>]
REFERENCE_USAGE: void Field::MakeMove(const Field::Move &, Field::Token) -> int Field::left_ [field.cpp <111:65 111:69>]
REFERENCE_USAGE: void Field::MakeMove(const Field::Move &, Field::Token) -> int Field::left_ [field.cpp <116:2 116:6>]
REFERENCE_USAGE: void Field::MakeMove(const Field::Move &, Field::Token) -> Field::Token * * Field::grid_ [field.cpp <115:2 115:6>]
REFERENCE_USAGE: void Field::MakeMove(const Field::Move &, Field::Token) -> int Field::Move::row [field.cpp <115:13 115:15>]
REFERENCE_USAGE: void Field::MakeMove(const Field::Move &, Field::Token) -> int Field::Move::col [field.cpp <115:23 115:25>]
REFERENCE_CALL: void Field::ClearMove(const Field::Move &) -> bool Field::InRange(const Field::Move &) const [field.cpp <120:8 120:14>]
REFERENCE_CALL: void Field::ClearMove(const Field::Move &) -> bool Field::IsEmpty(const Field::Move &) const [field.cpp <120:28 120:34>]
REFERENCE_USAGE: void Field::ClearMove(const Field::Move &) -> int Field::left_ [field.cpp <120:47 120:51>]
REFERENCE_USAGE: void Field::ClearMove(const Field::Move &) -> int Field::left_ [field.cpp <125:2 125:6>]
REFERENCE_USAGE: void Field::ClearMove(const Field::Move &) -> Field::Token * * Field::grid_ [field.cpp <124:2 124:6>]
REFERENCE_USAGE: void Field::ClearMove(const Field::Move &) -> int Field::Move::row [field.cpp <124:13 124:15>]
REFERENCE_USAGE: void Field::ClearMove(const Field::Move &) -> int Field::Move::col [field.cpp <124:23 124:25>]
REFERENCE_USAGE: void Field::ClearMove(const Field::Move &) -> Field::Token::None [field.cpp <124:30 124:33>]
LOCAL_SYMBOL: field.cpp<102:34> [field.cpp <102:34 102:37>]
LOCAL_SYMBOL: field.cpp<102:34> [field.cpp <103:15 103:18>]
LOCAL_SYMBOL: field.cpp<102:34> [field.cpp <103:25 103:28>]
LOCAL_SYMBOL: field.cpp<102:47> [field.cpp <102:47 102:47>]
LOCAL_SYMBOL: field.cpp<102:47> [field.cpp <104:1 104:1>]
LOCAL_SYMBOL: field.cpp<106:28> [field.cpp <106:28 106:28>]
LOCAL_SYMBOL: field.cpp<106:28> [field.cpp <108:1 108:1>]
LOCAL_SYMBOL: field.cpp<10:9> [field.cpp <10:9 10:9>]
LOCAL_SYMBOL: field.cpp<10:9> [field.cpp <12:2 12:2>]
LOCAL_SYMBOL: field.cpp<110:35> [field.cpp <110:35 110:38>]
LOCAL_SYMBOL: field.cpp<110:35> [field.cpp <111:17 111:20>]
LOCAL_SYMBOL: field.cpp<110:35> [field.cpp <111:37 111:40>]
LOCAL_SYMBOL: field.cpp<110:35> [field.cpp <115:8 115:11>]
LOCAL_SYMBOL: field.cpp<110:35> [field.cpp <115:18 115:21>]
LOCAL_SYMBOL: field.cpp<110:47> [field.cpp <110:47 110:51>]
LOCAL_SYMBOL: field.cpp<110:47> [field.cpp <111:47 111:51>]
LOCAL_SYMBOL: field.cpp<110:47> [field.cpp <115:30 115:34>]
LOCAL_SYMBOL: field.cpp<110:55> [field.cpp <110:55 110:55>]
LOCAL_SYMBOL: field.cpp<110:55> [field.cpp <117:1 117:1>]
LOCAL_SYMBOL: field.cpp<111:73> [field.cpp <111:73 111:73>]
LOCAL_SYMBOL: field.cpp<111:73> [field.cpp <113:2 113:2>]
LOCAL_SYMBOL: field.cpp<119:36> [field.cpp <119:36 119:39>]
LOCAL_SYMBOL: field.cpp<119:36> [field.cpp <120:17 120:20>]
LOCAL_SYMBOL: field.cpp<119:36> [field.cpp <120:37 120:40>]
LOCAL_SYMBOL: field.cpp<119:36> [field.cpp <124:8 124:11>]
LOCAL_SYMBOL: field.cpp<119:36> [field.cpp <124:18 124:21>]
LOCAL_SYMBOL: field.cpp<119:43> [field.cpp <119:43 119:43>]
LOCAL_SYMBOL: field.cpp<119:43> [field.cpp <126:1 126:1>]
LOCAL_SYMBOL: field.cpp<120:60> [field.cpp <120:60 120:60>]
LOCAL_SYMBOL: field.cpp<120:60> [field.cpp <122:2 122:2>]
LOCAL_SYMBOL: field.cpp<16:15> [field.cpp <16:15 16:15>]
LOCAL_SYMBOL: field.cpp<16:15> [field.cpp <21:1 21:1>]
LOCAL_SYMBOL: field.cpp<18:12> [field.cpp <18:12 18:12>]
LOCAL_SYMBOL: field.cpp<18:12> [field.cpp <18:19 18:19>]
LOCAL_SYMBOL: field.cpp<18:12> [field.cpp <18:27 18:27>]
LOCAL_SYMBOL: field.cpp<18:12> [field.cpp <19:9 19:9>]
LOCAL_SYMBOL: field.cpp<18:33> [field.cpp <18:33 18:33>]
LOCAL_SYMBOL: field.cpp<18:33> [field.cpp <20:2 20:2>]
LOCAL_SYMBOL: field.cpp<23:17> [field.cpp <23:17 23:17>]
LOCAL_SYMBOL: field.cpp<23:17> [field.cpp <28:1 28:1>]
LOCAL_SYMBOL: field.cpp<24:12> [field.cpp <24:12 24:12>]
LOCAL_SYMBOL: field.cpp<24:12> [field.cpp <24:19 24:19>]
LOCAL_SYMBOL: field.cpp<24:12> [field.cpp <24:26 24:26>]
LOCAL_SYMBOL: field.cpp<24:12> [field.cpp <25:19 25:19>]
LOCAL_SYMBOL: field.cpp<24:32> [field.cpp <24:32 24:32>]
LOCAL_SYMBOL: field.cpp<24:32> [field.cpp <26:2 26:2>]
LOCAL_SYMBOL: field.cpp<30:28> [field.cpp <30:28 30:28>]
LOCAL_SYMBOL: field.cpp<30:28> [field.cpp <39:1 39:1>]
LOCAL_SYMBOL: field.cpp<31:8> [field.cpp <31:8 31:12>]
LOCAL_SYMBOL: field.cpp<31:8> [field.cpp <34:4 34:8>]
LOCAL_SYMBOL: field.cpp<31:8> [field.cpp <37:2 37:6>]
LOCAL_SYMBOL: field.cpp<31:8> [field.cpp <38:9 38:13>]
LOCAL_SYMBOL: field.cpp<32:12> [field.cpp <32:12 32:12>]
LOCAL_SYMBOL: field.cpp<32:12> [field.cpp <32:19 32:19>]
LOCAL_SYMBOL: field.cpp<32:12> [field.cpp <32:26 32:26>]
LOCAL_SYMBOL: field.cpp<32:12> [field.cpp <34:16 34:16>]
LOCAL_SYMBOL: field.cpp<32:12> [field.cpp <34:30 34:30>]
LOCAL_SYMBOL: field.cpp<32:32> [field.cpp <32:32 32:32>]
LOCAL_SYMBOL: field.cpp<32:32> [field.cpp <36:2 36:2>]
LOCAL_SYMBOL: field.cpp<33:13> [field.cpp <33:13 33:13>]
LOCAL_SYMBOL: field.cpp<33:13> [field.cpp <33:20 33:20>]
LOCAL_SYMBOL: field.cpp<33:13> [field.cpp <33:27 33:27>]
LOCAL_SYMBOL: field.cpp<33:13> [field.cpp <34:19 34:19>]
LOCAL_SYMBOL: field.cpp<33:13> [field.cpp <34:33 34:33>]
LOCAL_SYMBOL: field.cpp<33:33> [field.cpp <33:33 33:33>]
LOCAL_SYMBOL: field.cpp<33:33> [field.cpp <35:3 35:3>]
LOCAL_SYMBOL: field.cpp<41:21> [field.cpp <41:21 41:21>]
LOCAL_SYMBOL: field.cpp<41:21> [field.cpp <48:1 48:1>]
LOCAL_SYMBOL: field.cpp<42:12> [field.cpp <42:12 42:12>]
LOCAL_SYMBOL: field.cpp<42:12> [field.cpp <42:19 42:19>]
LOCAL_SYMBOL: field.cpp<42:12> [field.cpp <42:26 42:26>]
LOCAL_SYMBOL: field.cpp<42:12> [field.cpp <44:10 44:10>]
LOCAL_SYMBOL: field.cpp<42:32> [field.cpp <42:32 42:32>]
LOCAL_SYMBOL: field.cpp<42:32> [field.cpp <46:2 46:2>]
LOCAL_SYMBOL: field.cpp<43:13> [field.cpp <43:13 43:13>]
LOCAL_SYMBOL: field.cpp<43:13> [field.cpp <43:20 43:20>]
LOCAL_SYMBOL: field.cpp<43:13> [field.cpp <43:27 43:27>]
LOCAL_SYMBOL: field.cpp<43:13> [field.cpp <44:13 44:13>]
LOCAL_SYMBOL: field.cpp<43:33> [field.cpp <43:33 43:33>]
LOCAL_SYMBOL: field.cpp<43:33> [field.cpp <45:3 45:3>]
LOCAL_SYMBOL: field.cpp<50:26> [field.cpp <50:26 50:26>]
LOCAL_SYMBOL: field.cpp<50:26> [field.cpp <75:1 75:1>]
LOCAL_SYMBOL: field.cpp<52:12> [field.cpp <52:12 52:14>]
LOCAL_SYMBOL: field.cpp<52:12> [field.cpp <52:21 52:23>]
LOCAL_SYMBOL: field.cpp<52:12> [field.cpp <52:30 52:32>]
LOCAL_SYMBOL: field.cpp<52:12> [field.cpp <53:17 53:19>]
LOCAL_SYMBOL: field.cpp<52:12> [field.cpp <57:15 57:17>]
LOCAL_SYMBOL: field.cpp<52:12> [field.cpp <59:22 59:24>]
LOCAL_SYMBOL: field.cpp<52:12> [field.cpp <70:8 70:10>]
LOCAL_SYMBOL: field.cpp<52:38> [field.cpp <52:38 52:38>]
LOCAL_SYMBOL: field.cpp<52:38> [field.cpp <73:2 73:2>]
LOCAL_SYMBOL: field.cpp<56:13> [field.cpp <56:13 56:15>]
LOCAL_SYMBOL: field.cpp<56:13> [field.cpp <56:22 56:24>]
LOCAL_SYMBOL: field.cpp<56:13> [field.cpp <56:31 56:33>]
LOCAL_SYMBOL: field.cpp<56:13> [field.cpp <57:20 57:22>]
LOCAL_SYMBOL: field.cpp<56:13> [field.cpp <59:27 59:29>]
LOCAL_SYMBOL: field.cpp<56:13> [field.cpp <65:9 65:11>]
LOCAL_SYMBOL: field.cpp<56:39> [field.cpp <56:39 56:39>]
LOCAL_SYMBOL: field.cpp<56:39> [field.cpp <68:3 68:3>]
LOCAL_SYMBOL: field.cpp<57:38> [field.cpp <57:38 57:38>]
LOCAL_SYMBOL: field.cpp<57:38> [field.cpp <59:4 59:4>]
LOCAL_SYMBOL: field.cpp<59:45> [field.cpp <59:45 59:45>]
LOCAL_SYMBOL: field.cpp<59:45> [field.cpp <61:4 61:4>]
LOCAL_SYMBOL: field.cpp<5:37> [field.cpp <5:37 5:41>]
LOCAL_SYMBOL: field.cpp<5:37> [field.cpp <6:7 6:11>]
LOCAL_SYMBOL: field.cpp<5:37> [field.cpp <8:13 8:17>]
LOCAL_SYMBOL: field.cpp<5:45> [field.cpp <5:45 5:45>]
LOCAL_SYMBOL: field.cpp<5:45> [field.cpp <13:1 13:1>]
LOCAL_SYMBOL: field.cpp<61:11> [field.cpp <61:11 61:11>]
LOCAL_SYMBOL: field.cpp<61:11> [field.cpp <63:4 63:4>]
LOCAL_SYMBOL: field.cpp<65:19> [field.cpp <65:19 65:19>]
LOCAL_SYMBOL: field.cpp<65:19> [field.cpp <67:4 67:4>]
LOCAL_SYMBOL: field.cpp<6:26> [field.cpp <6:26 6:26>]
LOCAL_SYMBOL: field.cpp<6:26> [field.cpp <8:2 8:2>]
LOCAL_SYMBOL: field.cpp<70:18> [field.cpp <70:18 70:18>]
LOCAL_SYMBOL: field.cpp<70:18> [field.cpp <72:3 72:3>]
LOCAL_SYMBOL: field.cpp<77:29> [field.cpp <77:29 77:33>]
LOCAL_SYMBOL: field.cpp<77:29> [field.cpp <78:21 78:25>]
LOCAL_SYMBOL: field.cpp<77:40> [field.cpp <77:40 77:45>]
LOCAL_SYMBOL: field.cpp<77:40> [field.cpp <78:12 78:17>]
LOCAL_SYMBOL: field.cpp<77:55> [field.cpp <77:55 77:55>]
LOCAL_SYMBOL: field.cpp<77:55> [field.cpp <96:1 96:1>]
LOCAL_SYMBOL: field.cpp<78:6> [field.cpp <78:6 78:8>]
LOCAL_SYMBOL: field.cpp<78:6> [field.cpp <82:51 82:53>]
LOCAL_SYMBOL: field.cpp<78:6> [field.cpp <84:58 84:60>]
LOCAL_SYMBOL: field.cpp<78:6> [field.cpp <89:50 89:52>]
LOCAL_SYMBOL: field.cpp<78:6> [field.cpp <91:57 91:59>]
LOCAL_SYMBOL: field.cpp<79:6> [field.cpp <79:6 79:10>]
LOCAL_SYMBOL: field.cpp<79:6> [field.cpp <83:4 83:8>]
LOCAL_SYMBOL: field.cpp<79:6> [field.cpp <85:4 85:8>]
LOCAL_SYMBOL: field.cpp<79:6> [field.cpp <90:3 90:7>]
LOCAL_SYMBOL: field.cpp<79:6> [field.cpp <92:3 92:7>]
LOCAL_SYMBOL: field.cpp<79:6> [field.cpp <95:9 95:13>]
LOCAL_SYMBOL: field.cpp<81:12> [field.cpp <81:12 81:12>]
LOCAL_SYMBOL: field.cpp<81:12> [field.cpp <81:19 81:19>]
LOCAL_SYMBOL: field.cpp<81:12> [field.cpp <81:26 81:26>]
LOCAL_SYMBOL: field.cpp<81:12> [field.cpp <82:14 82:14>]
LOCAL_SYMBOL: field.cpp<81:12> [field.cpp <82:28 82:28>]
LOCAL_SYMBOL: field.cpp<81:12> [field.cpp <82:42 82:42>]
LOCAL_SYMBOL: field.cpp<81:12> [field.cpp <84:24 84:24>]
LOCAL_SYMBOL: field.cpp<81:12> [field.cpp <84:38 84:38>]
LOCAL_SYMBOL: field.cpp<81:12> [field.cpp <84:52 84:52>]
LOCAL_SYMBOL: field.cpp<81:32> [field.cpp <81:32 81:32>]
LOCAL_SYMBOL: field.cpp<81:32> [field.cpp <87:2 87:2>]
LOCAL_SYMBOL: field.cpp<82:57> [field.cpp <82:57 82:57>]
LOCAL_SYMBOL: field.cpp<82:57> [field.cpp <84:3 84:3>]
LOCAL_SYMBOL: field.cpp<84:64> [field.cpp <84:64 84:64>]
LOCAL_SYMBOL: field.cpp<84:64> [field.cpp <86:3 86:3>]
LOCAL_SYMBOL: field.cpp<89:56> [field.cpp <89:56 89:56>]
LOCAL_SYMBOL: field.cpp<89:56> [field.cpp <91:2 91:2>]
LOCAL_SYMBOL: field.cpp<8:30> [field.cpp <8:30 8:30>]
LOCAL_SYMBOL: field.cpp<8:30> [field.cpp <10:2 10:2>]
LOCAL_SYMBOL: field.cpp<91:63> [field.cpp <91:63 91:63>]
LOCAL_SYMBOL: field.cpp<91:63> [field.cpp <93:2 93:2>]
LOCAL_SYMBOL: field.cpp<98:34> [field.cpp <98:34 98:37>]
LOCAL_SYMBOL: field.cpp<98:34> [field.cpp <99:9 99:12>]
LOCAL_SYMBOL: field.cpp<98:34> [field.cpp <99:26 99:29>]
LOCAL_SYMBOL: field.cpp<98:34> [field.cpp <99:42 99:45>]
LOCAL_SYMBOL: field.cpp<98:34> [field.cpp <99:59 99:62>]
LOCAL_SYMBOL: field.cpp<98:47> [field.cpp <98:47 98:47>]
LOCAL_SYMBOL: field.cpp<98:47> [field.cpp <100:1 100:1>]
LOCAL_SYMBOL: field.h<14:31> [field.h <14:31 14:35>]
LOCAL_SYMBOL: field.h<16:14> [field.h <16:14 16:14>]
LOCAL_SYMBOL: field.h<16:14> [field.h <19:2 19:2>]
LOCAL_SYMBOL: field.h<29:23> [field.h <29:23 29:27>]
LOCAL_SYMBOL: field.h<29:34> [field.h <29:34 29:39>]
LOCAL_SYMBOL: field.h<31:28> [field.h <31:28 31:31>]
LOCAL_SYMBOL: field.h<32:28> [field.h <32:28 32:31>]
LOCAL_SYMBOL: field.h<35:29> [field.h <35:29 35:32>]
LOCAL_SYMBOL: field.h<35:41> [field.h <35:41 35:45>]
LOCAL_SYMBOL: field.h<36:30> [field.h <36:30 36:33>]
LOCAL_SYMBOL: field.h<6:33> [field.h <6:33 6:33>]
LOCAL_SYMBOL: field.h<6:33> [field.h <41:1 41:1>]
LOCAL_SYMBOL: field.h<6:7> [field.h <6:7 6:11>]
LOCAL_SYMBOL: field.h<8:13> [field.h <8:13 8:13>]
LOCAL_SYMBOL: field.h<8:13> [field.h <12:2 12:2>]
LOCAL_SYMBOL: game_object.h<4:18> [game_object.h <4:18 4:18>]
LOCAL_SYMBOL: game_object.h<4:18> [game_object.h <8:1 8:1>]
LOCAL_SYMBOL: game_object.h<6:15> [game_object.h <6:15 6:15>]
LOCAL_SYMBOL: game_object.h<6:15> [game_object.h <6:16 6:16>]
LOCAL_SYMBOL: game_object.h<7:24> [game_object.h <7:24 7:24>]
LOCAL_SYMBOL: game_object.h<7:24> [game_object.h <7:25 7:25>]
LOCAL_SYMBOL: io.h<4:14> [io.h <4:14 4:14>]
LOCAL_SYMBOL: io.h<4:14> [io.h <11:1 11:1>]
LOCAL_SYMBOL: io.h<7:21> [io.h <7:21 7:23>]
LOCAL_SYMBOL: io.h<9:29> [io.h <9:29 9:31>]
COMMENT: comment [field.h <43:8 43:18>]
COMMENT: comment [game_object.h <10:8 10:24>]
COMMENT: comment [io.h <13:8 13:15>]
