SourceFilePath: "src/main/java/main.java"
	LanguageStandard: "8"
