FILE: b2Math.cpp
COMMENT: comment [b2Math.cpp <1:1 17:3>]
COMMENT: comment [b2Math.cpp <23:1 23:72>]
COMMENT: comment [b2Math.cpp <24:1 24:50>]
COMMENT: comment [b2Math.cpp <39:1 39:72>]
COMMENT: comment [b2Math.cpp <40:1 40:50>]
COMMENT: comment [b2Math.cpp <55:1 55:4>]
COMMENT: comment [b2Math.cpp <70:1 70:41>]
SYMBOL_GLOBAL_VARIABLE const b2Vec2 b2Vec2_zero [b2Math.cpp <21:14 21:24>]
REFERENCE_TYPE_USAGE const b2Vec2 b2Vec2_zero -> b2Vec2 [b2Math.cpp <21:7 21:12>]
SYMBOL_FUNCTION void b2Vec2::b2Vec2(float32, float32)
REFERENCE_CALL const b2Vec2 b2Vec2_zero -> void b2Vec2::b2Vec2(float32, float32) [b2Math.cpp <21:14 21:24>]
SYMBOL_METHOD public b2Vec3 b2Mat33::Solve33(const b2Vec3 &) const [b2Math.cpp <25:1 <25:17 25:23> 37:1>]
SYMBOL_STRUCT b2Mat33
QUALIFIER: b2Mat33 [b2Math.cpp <25:8 25:14>]
REFERENCE_TYPE_USAGE b2Vec3 b2Mat33::Solve33(const b2Vec3 &) const -> b2Vec3 [b2Math.cpp <25:1 25:6>]
LOCAL_SYMBOL: b2Math.cpp<25:39> [b2Math.cpp <25:39 25:39>]
REFERENCE_TYPE_USAGE b2Vec3 b2Mat33::Solve33(const b2Vec3 &) const -> b2Vec3 [b2Math.cpp <25:31 25:36>]
LOCAL_SYMBOL: b2Math.cpp<27:10> [b2Math.cpp <27:10 27:12>]
REFERENCE_TYPE_USAGE b2Vec3 b2Mat33::Solve33(const b2Vec3 &) const -> float32 [b2Math.cpp <27:2 27:8>]
SYMBOL_FUNCTION float32 b2Dot(const b2Vec3 &, const b2Vec3 &)
REFERENCE_CALL b2Vec3 b2Mat33::Solve33(const b2Vec3 &) const -> float32 b2Dot(const b2Vec3 &, const b2Vec3 &) [b2Math.cpp <27:16 27:20>]
REFERENCE_USAGE b2Vec3 b2Mat33::Solve33(const b2Vec3 &) const -> b2Vec3 b2Mat33::ex [b2Math.cpp <27:22 27:23>]
SYMBOL_FUNCTION b2Vec3 b2Cross(const b2Vec3 &, const b2Vec3 &)
REFERENCE_CALL b2Vec3 b2Mat33::Solve33(const b2Vec3 &) const -> b2Vec3 b2Cross(const b2Vec3 &, const b2Vec3 &) [b2Math.cpp <27:26 27:32>]
REFERENCE_USAGE b2Vec3 b2Mat33::Solve33(const b2Vec3 &) const -> b2Vec3 b2Mat33::ey [b2Math.cpp <27:34 27:35>]
REFERENCE_USAGE b2Vec3 b2Mat33::Solve33(const b2Vec3 &) const -> b2Vec3 b2Mat33::ez [b2Math.cpp <27:38 27:39>]
LOCAL_SYMBOL: b2Math.cpp<27:10> [b2Math.cpp <28:6 28:8>]
LOCAL_SYMBOL: b2Math.cpp<27:10> [b2Math.cpp <30:3 30:5>]
LOCAL_SYMBOL: b2Math.cpp<27:10> [b2Math.cpp <30:16 30:18>]
LOCAL_SYMBOL: b2Math.cpp<32:9> [b2Math.cpp <32:9 32:9>]
REFERENCE_TYPE_USAGE b2Vec3 b2Mat33::Solve33(const b2Vec3 &) const -> b2Vec3 [b2Math.cpp <32:2 32:7>]
SYMBOL_FUNCTION void b2Vec3::b2Vec3()
REFERENCE_CALL b2Vec3 b2Mat33::Solve33(const b2Vec3 &) const -> void b2Vec3::b2Vec3() [b2Math.cpp <32:9 32:9>]
REFERENCE_USAGE b2Vec3 b2Mat33::Solve33(const b2Vec3 &) const -> float32 b2Vec3::x [b2Math.cpp <33:4 33:4>]
LOCAL_SYMBOL: b2Math.cpp<32:9> [b2Math.cpp <33:2 33:2>]
LOCAL_SYMBOL: b2Math.cpp<27:10> [b2Math.cpp <33:8 33:10>]
REFERENCE_CALL b2Vec3 b2Mat33::Solve33(const b2Vec3 &) const -> float32 b2Dot(const b2Vec3 &, const b2Vec3 &) [b2Math.cpp <33:14 33:18>]
LOCAL_SYMBOL: b2Math.cpp<25:39> [b2Math.cpp <33:20 33:20>]
REFERENCE_CALL b2Vec3 b2Mat33::Solve33(const b2Vec3 &) const -> b2Vec3 b2Cross(const b2Vec3 &, const b2Vec3 &) [b2Math.cpp <33:23 33:29>]
REFERENCE_USAGE b2Vec3 b2Mat33::Solve33(const b2Vec3 &) const -> b2Vec3 b2Mat33::ey [b2Math.cpp <33:31 33:32>]
REFERENCE_USAGE b2Vec3 b2Mat33::Solve33(const b2Vec3 &) const -> b2Vec3 b2Mat33::ez [b2Math.cpp <33:35 33:36>]
REFERENCE_USAGE b2Vec3 b2Mat33::Solve33(const b2Vec3 &) const -> float32 b2Vec3::y [b2Math.cpp <34:4 34:4>]
LOCAL_SYMBOL: b2Math.cpp<32:9> [b2Math.cpp <34:2 34:2>]
LOCAL_SYMBOL: b2Math.cpp<27:10> [b2Math.cpp <34:8 34:10>]
REFERENCE_CALL b2Vec3 b2Mat33::Solve33(const b2Vec3 &) const -> float32 b2Dot(const b2Vec3 &, const b2Vec3 &) [b2Math.cpp <34:14 34:18>]
REFERENCE_USAGE b2Vec3 b2Mat33::Solve33(const b2Vec3 &) const -> b2Vec3 b2Mat33::ex [b2Math.cpp <34:20 34:21>]
REFERENCE_CALL b2Vec3 b2Mat33::Solve33(const b2Vec3 &) const -> b2Vec3 b2Cross(const b2Vec3 &, const b2Vec3 &) [b2Math.cpp <34:24 34:30>]
LOCAL_SYMBOL: b2Math.cpp<25:39> [b2Math.cpp <34:32 34:32>]
REFERENCE_USAGE b2Vec3 b2Mat33::Solve33(const b2Vec3 &) const -> b2Vec3 b2Mat33::ez [b2Math.cpp <34:35 34:36>]
REFERENCE_USAGE b2Vec3 b2Mat33::Solve33(const b2Vec3 &) const -> float32 b2Vec3::z [b2Math.cpp <35:4 35:4>]
LOCAL_SYMBOL: b2Math.cpp<32:9> [b2Math.cpp <35:2 35:2>]
LOCAL_SYMBOL: b2Math.cpp<27:10> [b2Math.cpp <35:8 35:10>]
REFERENCE_CALL b2Vec3 b2Mat33::Solve33(const b2Vec3 &) const -> float32 b2Dot(const b2Vec3 &, const b2Vec3 &) [b2Math.cpp <35:14 35:18>]
REFERENCE_USAGE b2Vec3 b2Mat33::Solve33(const b2Vec3 &) const -> b2Vec3 b2Mat33::ex [b2Math.cpp <35:20 35:21>]
REFERENCE_CALL b2Vec3 b2Mat33::Solve33(const b2Vec3 &) const -> b2Vec3 b2Cross(const b2Vec3 &, const b2Vec3 &) [b2Math.cpp <35:24 35:30>]
REFERENCE_USAGE b2Vec3 b2Mat33::Solve33(const b2Vec3 &) const -> b2Vec3 b2Mat33::ey [b2Math.cpp <35:32 35:33>]
LOCAL_SYMBOL: b2Math.cpp<25:39> [b2Math.cpp <35:36 35:36>]
SYMBOL_FUNCTION void b2Vec3::b2Vec3(b2Vec3 &)
REFERENCE_CALL b2Vec3 b2Mat33::Solve33(const b2Vec3 &) const -> void b2Vec3::b2Vec3(b2Vec3 &) [b2Math.cpp <36:9 36:9>]
LOCAL_SYMBOL: b2Math.cpp<32:9> [b2Math.cpp <36:9 36:9>]
SYMBOL_METHOD public b2Vec2 b2Mat33::Solve22(const b2Vec2 &) const [b2Math.cpp <41:1 <41:17 41:23> 53:1>]
QUALIFIER: b2Mat33 [b2Math.cpp <41:8 41:14>]
REFERENCE_TYPE_USAGE b2Vec2 b2Mat33::Solve22(const b2Vec2 &) const -> b2Vec2 [b2Math.cpp <41:1 41:6>]
LOCAL_SYMBOL: b2Math.cpp<41:39> [b2Math.cpp <41:39 41:39>]
REFERENCE_TYPE_USAGE b2Vec2 b2Mat33::Solve22(const b2Vec2 &) const -> b2Vec2 [b2Math.cpp <41:31 41:36>]
LOCAL_SYMBOL: b2Math.cpp<43:10> [b2Math.cpp <43:10 43:12>]
REFERENCE_TYPE_USAGE b2Vec2 b2Mat33::Solve22(const b2Vec2 &) const -> float32 [b2Math.cpp <43:2 43:8>]
REFERENCE_USAGE b2Vec2 b2Mat33::Solve22(const b2Vec2 &) const -> float32 b2Vec3::x [b2Math.cpp <43:19 43:19>]
REFERENCE_USAGE b2Vec2 b2Mat33::Solve22(const b2Vec2 &) const -> b2Vec3 b2Mat33::ex [b2Math.cpp <43:16 43:17>]
LOCAL_SYMBOL: b2Math.cpp<43:22> [b2Math.cpp <43:22 43:24>]
REFERENCE_USAGE b2Vec2 b2Mat33::Solve22(const b2Vec2 &) const -> float32 b2Vec3::x [b2Math.cpp <43:31 43:31>]
REFERENCE_USAGE b2Vec2 b2Mat33::Solve22(const b2Vec2 &) const -> b2Vec3 b2Mat33::ey [b2Math.cpp <43:28 43:29>]
LOCAL_SYMBOL: b2Math.cpp<43:34> [b2Math.cpp <43:34 43:36>]
REFERENCE_USAGE b2Vec2 b2Mat33::Solve22(const b2Vec2 &) const -> float32 b2Vec3::y [b2Math.cpp <43:43 43:43>]
REFERENCE_USAGE b2Vec2 b2Mat33::Solve22(const b2Vec2 &) const -> b2Vec3 b2Mat33::ex [b2Math.cpp <43:40 43:41>]
LOCAL_SYMBOL: b2Math.cpp<43:46> [b2Math.cpp <43:46 43:48>]
REFERENCE_USAGE b2Vec2 b2Mat33::Solve22(const b2Vec2 &) const -> float32 b2Vec3::y [b2Math.cpp <43:55 43:55>]
REFERENCE_USAGE b2Vec2 b2Mat33::Solve22(const b2Vec2 &) const -> b2Vec3 b2Mat33::ey [b2Math.cpp <43:52 43:53>]
LOCAL_SYMBOL: b2Math.cpp<44:10> [b2Math.cpp <44:10 44:12>]
REFERENCE_TYPE_USAGE b2Vec2 b2Mat33::Solve22(const b2Vec2 &) const -> float32 [b2Math.cpp <44:2 44:8>]
LOCAL_SYMBOL: b2Math.cpp<43:10> [b2Math.cpp <44:16 44:18>]
LOCAL_SYMBOL: b2Math.cpp<43:46> [b2Math.cpp <44:22 44:24>]
LOCAL_SYMBOL: b2Math.cpp<43:22> [b2Math.cpp <44:28 44:30>]
LOCAL_SYMBOL: b2Math.cpp<43:34> [b2Math.cpp <44:34 44:36>]
LOCAL_SYMBOL: b2Math.cpp<44:10> [b2Math.cpp <45:6 45:8>]
LOCAL_SYMBOL: b2Math.cpp<44:10> [b2Math.cpp <47:3 47:5>]
LOCAL_SYMBOL: b2Math.cpp<44:10> [b2Math.cpp <47:16 47:18>]
LOCAL_SYMBOL: b2Math.cpp<49:9> [b2Math.cpp <49:9 49:9>]
REFERENCE_TYPE_USAGE b2Vec2 b2Mat33::Solve22(const b2Vec2 &) const -> b2Vec2 [b2Math.cpp <49:2 49:7>]
SYMBOL_FUNCTION void b2Vec2::b2Vec2()
REFERENCE_CALL b2Vec2 b2Mat33::Solve22(const b2Vec2 &) const -> void b2Vec2::b2Vec2() [b2Math.cpp <49:9 49:9>]
REFERENCE_USAGE b2Vec2 b2Mat33::Solve22(const b2Vec2 &) const -> float32 b2Vec2::x [b2Math.cpp <50:4 50:4>]
LOCAL_SYMBOL: b2Math.cpp<49:9> [b2Math.cpp <50:2 50:2>]
LOCAL_SYMBOL: b2Math.cpp<44:10> [b2Math.cpp <50:8 50:10>]
LOCAL_SYMBOL: b2Math.cpp<43:46> [b2Math.cpp <50:15 50:17>]
REFERENCE_USAGE b2Vec2 b2Mat33::Solve22(const b2Vec2 &) const -> float32 b2Vec2::x [b2Math.cpp <50:23 50:23>]
LOCAL_SYMBOL: b2Math.cpp<41:39> [b2Math.cpp <50:21 50:21>]
LOCAL_SYMBOL: b2Math.cpp<43:22> [b2Math.cpp <50:27 50:29>]
REFERENCE_USAGE b2Vec2 b2Mat33::Solve22(const b2Vec2 &) const -> float32 b2Vec2::y [b2Math.cpp <50:35 50:35>]
LOCAL_SYMBOL: b2Math.cpp<41:39> [b2Math.cpp <50:33 50:33>]
REFERENCE_USAGE b2Vec2 b2Mat33::Solve22(const b2Vec2 &) const -> float32 b2Vec2::y [b2Math.cpp <51:4 51:4>]
LOCAL_SYMBOL: b2Math.cpp<49:9> [b2Math.cpp <51:2 51:2>]
LOCAL_SYMBOL: b2Math.cpp<44:10> [b2Math.cpp <51:8 51:10>]
LOCAL_SYMBOL: b2Math.cpp<43:10> [b2Math.cpp <51:15 51:17>]
REFERENCE_USAGE b2Vec2 b2Mat33::Solve22(const b2Vec2 &) const -> float32 b2Vec2::y [b2Math.cpp <51:23 51:23>]
LOCAL_SYMBOL: b2Math.cpp<41:39> [b2Math.cpp <51:21 51:21>]
LOCAL_SYMBOL: b2Math.cpp<43:34> [b2Math.cpp <51:27 51:29>]
REFERENCE_USAGE b2Vec2 b2Mat33::Solve22(const b2Vec2 &) const -> float32 b2Vec2::x [b2Math.cpp <51:35 51:35>]
LOCAL_SYMBOL: b2Math.cpp<41:39> [b2Math.cpp <51:33 51:33>]
SYMBOL_FUNCTION void b2Vec2::b2Vec2(b2Vec2 &)
REFERENCE_CALL b2Vec2 b2Mat33::Solve22(const b2Vec2 &) const -> void b2Vec2::b2Vec2(b2Vec2 &) [b2Math.cpp <52:9 52:9>]
LOCAL_SYMBOL: b2Math.cpp<49:9> [b2Math.cpp <52:9 52:9>]
SYMBOL_METHOD public void b2Mat33::GetInverse22(b2Mat33 *) const [b2Math.cpp <56:1 <56:15 56:26> 68:1>]
QUALIFIER: b2Mat33 [b2Math.cpp <56:6 56:12>]
SYMBOL_BUILTIN_TYPE void
REFERENCE_TYPE_USAGE void b2Mat33::GetInverse22(b2Mat33 *) const -> void [b2Math.cpp <56:1 56:4>]
LOCAL_SYMBOL: b2Math.cpp<56:37> [b2Math.cpp <56:37 56:37>]
REFERENCE_TYPE_USAGE void b2Mat33::GetInverse22(b2Mat33 *) const -> b2Mat33 [b2Math.cpp <56:28 56:34>]
LOCAL_SYMBOL: b2Math.cpp<58:10> [b2Math.cpp <58:10 58:10>]
REFERENCE_TYPE_USAGE void b2Mat33::GetInverse22(b2Mat33 *) const -> float32 [b2Math.cpp <58:2 58:8>]
REFERENCE_USAGE void b2Mat33::GetInverse22(b2Mat33 *) const -> float32 b2Vec3::x [b2Math.cpp <58:17 58:17>]
REFERENCE_USAGE void b2Mat33::GetInverse22(b2Mat33 *) const -> b2Vec3 b2Mat33::ex [b2Math.cpp <58:14 58:15>]
LOCAL_SYMBOL: b2Math.cpp<58:20> [b2Math.cpp <58:20 58:20>]
REFERENCE_USAGE void b2Mat33::GetInverse22(b2Mat33 *) const -> float32 b2Vec3::x [b2Math.cpp <58:27 58:27>]
REFERENCE_USAGE void b2Mat33::GetInverse22(b2Mat33 *) const -> b2Vec3 b2Mat33::ey [b2Math.cpp <58:24 58:25>]
LOCAL_SYMBOL: b2Math.cpp<58:30> [b2Math.cpp <58:30 58:30>]
REFERENCE_USAGE void b2Mat33::GetInverse22(b2Mat33 *) const -> float32 b2Vec3::y [b2Math.cpp <58:37 58:37>]
REFERENCE_USAGE void b2Mat33::GetInverse22(b2Mat33 *) const -> b2Vec3 b2Mat33::ex [b2Math.cpp <58:34 58:35>]
LOCAL_SYMBOL: b2Math.cpp<58:40> [b2Math.cpp <58:40 58:40>]
REFERENCE_USAGE void b2Mat33::GetInverse22(b2Mat33 *) const -> float32 b2Vec3::y [b2Math.cpp <58:47 58:47>]
REFERENCE_USAGE void b2Mat33::GetInverse22(b2Mat33 *) const -> b2Vec3 b2Mat33::ey [b2Math.cpp <58:44 58:45>]
LOCAL_SYMBOL: b2Math.cpp<59:10> [b2Math.cpp <59:10 59:12>]
REFERENCE_TYPE_USAGE void b2Mat33::GetInverse22(b2Mat33 *) const -> float32 [b2Math.cpp <59:2 59:8>]
LOCAL_SYMBOL: b2Math.cpp<58:10> [b2Math.cpp <59:16 59:16>]
LOCAL_SYMBOL: b2Math.cpp<58:40> [b2Math.cpp <59:20 59:20>]
LOCAL_SYMBOL: b2Math.cpp<58:20> [b2Math.cpp <59:24 59:24>]
LOCAL_SYMBOL: b2Math.cpp<58:30> [b2Math.cpp <59:28 59:28>]
LOCAL_SYMBOL: b2Math.cpp<59:10> [b2Math.cpp <60:6 60:8>]
LOCAL_SYMBOL: b2Math.cpp<59:10> [b2Math.cpp <62:3 62:5>]
LOCAL_SYMBOL: b2Math.cpp<59:10> [b2Math.cpp <62:16 62:18>]
REFERENCE_USAGE void b2Mat33::GetInverse22(b2Mat33 *) const -> float32 b2Vec3::x [b2Math.cpp <65:8 65:8>]
REFERENCE_USAGE void b2Mat33::GetInverse22(b2Mat33 *) const -> b2Vec3 b2Mat33::ex [b2Math.cpp <65:5 65:6>]
LOCAL_SYMBOL: b2Math.cpp<56:37> [b2Math.cpp <65:2 65:2>]
LOCAL_SYMBOL: b2Math.cpp<59:10> [b2Math.cpp <65:13 65:15>]
LOCAL_SYMBOL: b2Math.cpp<58:40> [b2Math.cpp <65:19 65:19>]
REFERENCE_USAGE void b2Mat33::GetInverse22(b2Mat33 *) const -> float32 b2Vec3::x [b2Math.cpp <65:28 65:28>]
REFERENCE_USAGE void b2Mat33::GetInverse22(b2Mat33 *) const -> b2Vec3 b2Mat33::ey [b2Math.cpp <65:25 65:26>]
LOCAL_SYMBOL: b2Math.cpp<56:37> [b2Math.cpp <65:22 65:22>]
LOCAL_SYMBOL: b2Math.cpp<59:10> [b2Math.cpp <65:33 65:35>]
LOCAL_SYMBOL: b2Math.cpp<58:20> [b2Math.cpp <65:39 65:39>]
REFERENCE_USAGE void b2Mat33::GetInverse22(b2Mat33 *) const -> float32 b2Vec3::z [b2Math.cpp <65:48 65:48>]
REFERENCE_USAGE void b2Mat33::GetInverse22(b2Mat33 *) const -> b2Vec3 b2Mat33::ex [b2Math.cpp <65:45 65:46>]
LOCAL_SYMBOL: b2Math.cpp<56:37> [b2Math.cpp <65:42 65:42>]
REFERENCE_USAGE void b2Mat33::GetInverse22(b2Mat33 *) const -> float32 b2Vec3::y [b2Math.cpp <66:8 66:8>]
REFERENCE_USAGE void b2Mat33::GetInverse22(b2Mat33 *) const -> b2Vec3 b2Mat33::ex [b2Math.cpp <66:5 66:6>]
LOCAL_SYMBOL: b2Math.cpp<56:37> [b2Math.cpp <66:2 66:2>]
LOCAL_SYMBOL: b2Math.cpp<59:10> [b2Math.cpp <66:13 66:15>]
LOCAL_SYMBOL: b2Math.cpp<58:30> [b2Math.cpp <66:19 66:19>]
REFERENCE_USAGE void b2Mat33::GetInverse22(b2Mat33 *) const -> float32 b2Vec3::y [b2Math.cpp <66:28 66:28>]
REFERENCE_USAGE void b2Mat33::GetInverse22(b2Mat33 *) const -> b2Vec3 b2Mat33::ey [b2Math.cpp <66:25 66:26>]
LOCAL_SYMBOL: b2Math.cpp<56:37> [b2Math.cpp <66:22 66:22>]
LOCAL_SYMBOL: b2Math.cpp<59:10> [b2Math.cpp <66:33 66:35>]
LOCAL_SYMBOL: b2Math.cpp<58:10> [b2Math.cpp <66:39 66:39>]
REFERENCE_USAGE void b2Mat33::GetInverse22(b2Mat33 *) const -> float32 b2Vec3::z [b2Math.cpp <66:48 66:48>]
REFERENCE_USAGE void b2Mat33::GetInverse22(b2Mat33 *) const -> b2Vec3 b2Mat33::ey [b2Math.cpp <66:45 66:46>]
LOCAL_SYMBOL: b2Math.cpp<56:37> [b2Math.cpp <66:42 66:42>]
REFERENCE_USAGE void b2Mat33::GetInverse22(b2Mat33 *) const -> float32 b2Vec3::x [b2Math.cpp <67:8 67:8>]
REFERENCE_USAGE void b2Mat33::GetInverse22(b2Mat33 *) const -> b2Vec3 b2Mat33::ez [b2Math.cpp <67:5 67:6>]
LOCAL_SYMBOL: b2Math.cpp<56:37> [b2Math.cpp <67:2 67:2>]
REFERENCE_USAGE void b2Mat33::GetInverse22(b2Mat33 *) const -> float32 b2Vec3::y [b2Math.cpp <67:24 67:24>]
REFERENCE_USAGE void b2Mat33::GetInverse22(b2Mat33 *) const -> b2Vec3 b2Mat33::ez [b2Math.cpp <67:21 67:22>]
LOCAL_SYMBOL: b2Math.cpp<56:37> [b2Math.cpp <67:18 67:18>]
REFERENCE_USAGE void b2Mat33::GetInverse22(b2Mat33 *) const -> float32 b2Vec3::z [b2Math.cpp <67:40 67:40>]
REFERENCE_USAGE void b2Mat33::GetInverse22(b2Mat33 *) const -> b2Vec3 b2Mat33::ez [b2Math.cpp <67:37 67:38>]
LOCAL_SYMBOL: b2Math.cpp<56:37> [b2Math.cpp <67:34 67:34>]
SYMBOL_METHOD public void b2Mat33::GetSymInverse33(b2Mat33 *) const [b2Math.cpp <71:1 <71:15 71:29> 94:1>]
QUALIFIER: b2Mat33 [b2Math.cpp <71:6 71:12>]
REFERENCE_TYPE_USAGE void b2Mat33::GetSymInverse33(b2Mat33 *) const -> void [b2Math.cpp <71:1 71:4>]
LOCAL_SYMBOL: b2Math.cpp<71:40> [b2Math.cpp <71:40 71:40>]
REFERENCE_TYPE_USAGE void b2Mat33::GetSymInverse33(b2Mat33 *) const -> b2Mat33 [b2Math.cpp <71:31 71:37>]
LOCAL_SYMBOL: b2Math.cpp<73:10> [b2Math.cpp <73:10 73:12>]
REFERENCE_TYPE_USAGE void b2Mat33::GetSymInverse33(b2Mat33 *) const -> float32 [b2Math.cpp <73:2 73:8>]
REFERENCE_CALL void b2Mat33::GetSymInverse33(b2Mat33 *) const -> float32 b2Dot(const b2Vec3 &, const b2Vec3 &) [b2Math.cpp <73:16 73:20>]
REFERENCE_USAGE void b2Mat33::GetSymInverse33(b2Mat33 *) const -> b2Vec3 b2Mat33::ex [b2Math.cpp <73:22 73:23>]
REFERENCE_CALL void b2Mat33::GetSymInverse33(b2Mat33 *) const -> b2Vec3 b2Cross(const b2Vec3 &, const b2Vec3 &) [b2Math.cpp <73:26 73:32>]
REFERENCE_USAGE void b2Mat33::GetSymInverse33(b2Mat33 *) const -> b2Vec3 b2Mat33::ey [b2Math.cpp <73:34 73:35>]
REFERENCE_USAGE void b2Mat33::GetSymInverse33(b2Mat33 *) const -> b2Vec3 b2Mat33::ez [b2Math.cpp <73:38 73:39>]
LOCAL_SYMBOL: b2Math.cpp<73:10> [b2Math.cpp <74:6 74:8>]
LOCAL_SYMBOL: b2Math.cpp<73:10> [b2Math.cpp <76:3 76:5>]
LOCAL_SYMBOL: b2Math.cpp<73:10> [b2Math.cpp <76:16 76:18>]
LOCAL_SYMBOL: b2Math.cpp<79:10> [b2Math.cpp <79:10 79:12>]
REFERENCE_TYPE_USAGE void b2Mat33::GetSymInverse33(b2Mat33 *) const -> float32 [b2Math.cpp <79:2 79:8>]
REFERENCE_USAGE void b2Mat33::GetSymInverse33(b2Mat33 *) const -> float32 b2Vec3::x [b2Math.cpp <79:19 79:19>]
REFERENCE_USAGE void b2Mat33::GetSymInverse33(b2Mat33 *) const -> b2Vec3 b2Mat33::ex [b2Math.cpp <79:16 79:17>]
LOCAL_SYMBOL: b2Math.cpp<79:22> [b2Math.cpp <79:22 79:24>]
REFERENCE_USAGE void b2Mat33::GetSymInverse33(b2Mat33 *) const -> float32 b2Vec3::x [b2Math.cpp <79:31 79:31>]
REFERENCE_USAGE void b2Mat33::GetSymInverse33(b2Mat33 *) const -> b2Vec3 b2Mat33::ey [b2Math.cpp <79:28 79:29>]
LOCAL_SYMBOL: b2Math.cpp<79:34> [b2Math.cpp <79:34 79:36>]
REFERENCE_USAGE void b2Mat33::GetSymInverse33(b2Mat33 *) const -> float32 b2Vec3::x [b2Math.cpp <79:43 79:43>]
REFERENCE_USAGE void b2Mat33::GetSymInverse33(b2Mat33 *) const -> b2Vec3 b2Mat33::ez [b2Math.cpp <79:40 79:41>]
LOCAL_SYMBOL: b2Math.cpp<80:10> [b2Math.cpp <80:10 80:12>]
REFERENCE_TYPE_USAGE void b2Mat33::GetSymInverse33(b2Mat33 *) const -> float32 [b2Math.cpp <80:2 80:8>]
REFERENCE_USAGE void b2Mat33::GetSymInverse33(b2Mat33 *) const -> float32 b2Vec3::y [b2Math.cpp <80:19 80:19>]
REFERENCE_USAGE void b2Mat33::GetSymInverse33(b2Mat33 *) const -> b2Vec3 b2Mat33::ey [b2Math.cpp <80:16 80:17>]
LOCAL_SYMBOL: b2Math.cpp<80:22> [b2Math.cpp <80:22 80:24>]
REFERENCE_USAGE void b2Mat33::GetSymInverse33(b2Mat33 *) const -> float32 b2Vec3::y [b2Math.cpp <80:31 80:31>]
REFERENCE_USAGE void b2Mat33::GetSymInverse33(b2Mat33 *) const -> b2Vec3 b2Mat33::ez [b2Math.cpp <80:28 80:29>]
LOCAL_SYMBOL: b2Math.cpp<81:10> [b2Math.cpp <81:10 81:12>]
REFERENCE_TYPE_USAGE void b2Mat33::GetSymInverse33(b2Mat33 *) const -> float32 [b2Math.cpp <81:2 81:8>]
REFERENCE_USAGE void b2Mat33::GetSymInverse33(b2Mat33 *) const -> float32 b2Vec3::z [b2Math.cpp <81:19 81:19>]
REFERENCE_USAGE void b2Mat33::GetSymInverse33(b2Mat33 *) const -> b2Vec3 b2Mat33::ez [b2Math.cpp <81:16 81:17>]
REFERENCE_USAGE void b2Mat33::GetSymInverse33(b2Mat33 *) const -> float32 b2Vec3::x [b2Math.cpp <83:8 83:8>]
REFERENCE_USAGE void b2Mat33::GetSymInverse33(b2Mat33 *) const -> b2Vec3 b2Mat33::ex [b2Math.cpp <83:5 83:6>]
LOCAL_SYMBOL: b2Math.cpp<71:40> [b2Math.cpp <83:2 83:2>]
LOCAL_SYMBOL: b2Math.cpp<73:10> [b2Math.cpp <83:12 83:14>]
LOCAL_SYMBOL: b2Math.cpp<80:10> [b2Math.cpp <83:19 83:21>]
LOCAL_SYMBOL: b2Math.cpp<81:10> [b2Math.cpp <83:25 83:27>]
LOCAL_SYMBOL: b2Math.cpp<80:22> [b2Math.cpp <83:31 83:33>]
LOCAL_SYMBOL: b2Math.cpp<80:22> [b2Math.cpp <83:37 83:39>]
REFERENCE_USAGE void b2Mat33::GetSymInverse33(b2Mat33 *) const -> float32 b2Vec3::y [b2Math.cpp <84:8 84:8>]
REFERENCE_USAGE void b2Mat33::GetSymInverse33(b2Mat33 *) const -> b2Vec3 b2Mat33::ex [b2Math.cpp <84:5 84:6>]
LOCAL_SYMBOL: b2Math.cpp<71:40> [b2Math.cpp <84:2 84:2>]
LOCAL_SYMBOL: b2Math.cpp<73:10> [b2Math.cpp <84:12 84:14>]
LOCAL_SYMBOL: b2Math.cpp<79:34> [b2Math.cpp <84:19 84:21>]
LOCAL_SYMBOL: b2Math.cpp<80:22> [b2Math.cpp <84:25 84:27>]
LOCAL_SYMBOL: b2Math.cpp<79:22> [b2Math.cpp <84:31 84:33>]
LOCAL_SYMBOL: b2Math.cpp<81:10> [b2Math.cpp <84:37 84:39>]
REFERENCE_USAGE void b2Mat33::GetSymInverse33(b2Mat33 *) const -> float32 b2Vec3::z [b2Math.cpp <85:8 85:8>]
REFERENCE_USAGE void b2Mat33::GetSymInverse33(b2Mat33 *) const -> b2Vec3 b2Mat33::ex [b2Math.cpp <85:5 85:6>]
LOCAL_SYMBOL: b2Math.cpp<71:40> [b2Math.cpp <85:2 85:2>]
LOCAL_SYMBOL: b2Math.cpp<73:10> [b2Math.cpp <85:12 85:14>]
LOCAL_SYMBOL: b2Math.cpp<79:22> [b2Math.cpp <85:19 85:21>]
LOCAL_SYMBOL: b2Math.cpp<80:22> [b2Math.cpp <85:25 85:27>]
LOCAL_SYMBOL: b2Math.cpp<79:34> [b2Math.cpp <85:31 85:33>]
LOCAL_SYMBOL: b2Math.cpp<80:10> [b2Math.cpp <85:37 85:39>]
REFERENCE_USAGE void b2Mat33::GetSymInverse33(b2Mat33 *) const -> float32 b2Vec3::x [b2Math.cpp <87:8 87:8>]
REFERENCE_USAGE void b2Mat33::GetSymInverse33(b2Mat33 *) const -> b2Vec3 b2Mat33::ey [b2Math.cpp <87:5 87:6>]
LOCAL_SYMBOL: b2Math.cpp<71:40> [b2Math.cpp <87:2 87:2>]
REFERENCE_USAGE void b2Mat33::GetSymInverse33(b2Mat33 *) const -> float32 b2Vec3::y [b2Math.cpp <87:18 87:18>]
REFERENCE_USAGE void b2Mat33::GetSymInverse33(b2Mat33 *) const -> b2Vec3 b2Mat33::ex [b2Math.cpp <87:15 87:16>]
LOCAL_SYMBOL: b2Math.cpp<71:40> [b2Math.cpp <87:12 87:12>]
REFERENCE_USAGE void b2Mat33::GetSymInverse33(b2Mat33 *) const -> float32 b2Vec3::y [b2Math.cpp <88:8 88:8>]
REFERENCE_USAGE void b2Mat33::GetSymInverse33(b2Mat33 *) const -> b2Vec3 b2Mat33::ey [b2Math.cpp <88:5 88:6>]
LOCAL_SYMBOL: b2Math.cpp<71:40> [b2Math.cpp <88:2 88:2>]
LOCAL_SYMBOL: b2Math.cpp<73:10> [b2Math.cpp <88:12 88:14>]
LOCAL_SYMBOL: b2Math.cpp<79:10> [b2Math.cpp <88:19 88:21>]
LOCAL_SYMBOL: b2Math.cpp<81:10> [b2Math.cpp <88:25 88:27>]
LOCAL_SYMBOL: b2Math.cpp<79:34> [b2Math.cpp <88:31 88:33>]
LOCAL_SYMBOL: b2Math.cpp<79:34> [b2Math.cpp <88:37 88:39>]
REFERENCE_USAGE void b2Mat33::GetSymInverse33(b2Mat33 *) const -> float32 b2Vec3::z [b2Math.cpp <89:8 89:8>]
REFERENCE_USAGE void b2Mat33::GetSymInverse33(b2Mat33 *) const -> b2Vec3 b2Mat33::ey [b2Math.cpp <89:5 89:6>]
LOCAL_SYMBOL: b2Math.cpp<71:40> [b2Math.cpp <89:2 89:2>]
LOCAL_SYMBOL: b2Math.cpp<73:10> [b2Math.cpp <89:12 89:14>]
LOCAL_SYMBOL: b2Math.cpp<79:34> [b2Math.cpp <89:19 89:21>]
LOCAL_SYMBOL: b2Math.cpp<79:22> [b2Math.cpp <89:25 89:27>]
LOCAL_SYMBOL: b2Math.cpp<79:10> [b2Math.cpp <89:31 89:33>]
LOCAL_SYMBOL: b2Math.cpp<80:22> [b2Math.cpp <89:37 89:39>]
REFERENCE_USAGE void b2Mat33::GetSymInverse33(b2Mat33 *) const -> float32 b2Vec3::x [b2Math.cpp <91:8 91:8>]
REFERENCE_USAGE void b2Mat33::GetSymInverse33(b2Mat33 *) const -> b2Vec3 b2Mat33::ez [b2Math.cpp <91:5 91:6>]
LOCAL_SYMBOL: b2Math.cpp<71:40> [b2Math.cpp <91:2 91:2>]
REFERENCE_USAGE void b2Mat33::GetSymInverse33(b2Mat33 *) const -> float32 b2Vec3::z [b2Math.cpp <91:18 91:18>]
REFERENCE_USAGE void b2Mat33::GetSymInverse33(b2Mat33 *) const -> b2Vec3 b2Mat33::ex [b2Math.cpp <91:15 91:16>]
LOCAL_SYMBOL: b2Math.cpp<71:40> [b2Math.cpp <91:12 91:12>]
REFERENCE_USAGE void b2Mat33::GetSymInverse33(b2Mat33 *) const -> float32 b2Vec3::y [b2Math.cpp <92:8 92:8>]
REFERENCE_USAGE void b2Mat33::GetSymInverse33(b2Mat33 *) const -> b2Vec3 b2Mat33::ez [b2Math.cpp <92:5 92:6>]
LOCAL_SYMBOL: b2Math.cpp<71:40> [b2Math.cpp <92:2 92:2>]
REFERENCE_USAGE void b2Mat33::GetSymInverse33(b2Mat33 *) const -> float32 b2Vec3::z [b2Math.cpp <92:18 92:18>]
REFERENCE_USAGE void b2Mat33::GetSymInverse33(b2Mat33 *) const -> b2Vec3 b2Mat33::ey [b2Math.cpp <92:15 92:16>]
LOCAL_SYMBOL: b2Math.cpp<71:40> [b2Math.cpp <92:12 92:12>]
REFERENCE_USAGE void b2Mat33::GetSymInverse33(b2Mat33 *) const -> float32 b2Vec3::z [b2Math.cpp <93:8 93:8>]
REFERENCE_USAGE void b2Mat33::GetSymInverse33(b2Mat33 *) const -> b2Vec3 b2Mat33::ez [b2Math.cpp <93:5 93:6>]
LOCAL_SYMBOL: b2Math.cpp<71:40> [b2Math.cpp <93:2 93:2>]
LOCAL_SYMBOL: b2Math.cpp<73:10> [b2Math.cpp <93:12 93:14>]
LOCAL_SYMBOL: b2Math.cpp<79:10> [b2Math.cpp <93:19 93:21>]
LOCAL_SYMBOL: b2Math.cpp<80:10> [b2Math.cpp <93:25 93:27>]
LOCAL_SYMBOL: b2Math.cpp<79:22> [b2Math.cpp <93:31 93:33>]
LOCAL_SYMBOL: b2Math.cpp<79:22> [b2Math.cpp <93:37 93:39>]
