FILE: LambdaConstraintType.java
SYMBOL_PACKAGE: com.github.javaparser.symbolsolver.model.typesystem [ <1:50 1:59>]
QUALIFIER: com.github.javaparser.symbolsolver.model [ <1:44 1:48>]
SYMBOL_PACKAGE: com.github.javaparser.symbolsolver.model
QUALIFIER: com.github.javaparser.symbolsolver [ <1:31 1:42>]
SYMBOL_PACKAGE: com.github.javaparser.symbolsolver
QUALIFIER: com.github.javaparser [ <1:20 1:29>]
SYMBOL_PACKAGE: com.github.javaparser
QUALIFIER: com.github [ <1:13 1:18>]
SYMBOL_PACKAGE: com.github
QUALIFIER: com [ <1:9 1:11>]
SYMBOL_PACKAGE: com
QUALIFIER: com.github.javaparser.symbolsolver.model.typesystem.LambdaConstraintType [ <7:9 7:12>]
SYMBOL_CLASS: public com.github.javaparser.symbolsolver.model.typesystem.LambdaConstraintType [ <3:1 <3:14 3:33> 37:1>]
SYMBOL_FIELD: default com.github.javaparser.symbolsolver.model.typesystem.Type com.github.javaparser.symbolsolver.model.typesystem.LambdaConstraintType.bound [ <4:10 4:14>]
SYMBOL_METHOD: public com.github.javaparser.symbolsolver.model.typesystem.LambdaConstraintType.LambdaConstraintType(com.github.javaparser.symbolsolver.model.typesystem.Type) [ <6:5 <6:5 <6:12 6:31> 6:43> 8:5>]
SYMBOL_METHOD: public java.lang.String com.github.javaparser.symbolsolver.model.typesystem.LambdaConstraintType.describe() [ <10:5 <10:5 <11:19 11:26> 11:28> 13:5>]
SYMBOL_METHOD: java.lang.String com.github.javaparser.symbolsolver.model.typesystem.Type.describe()
SYMBOL_PACKAGE: java.lang
SYMBOL_METHOD: public com.github.javaparser.symbolsolver.model.typesystem.Type com.github.javaparser.symbolsolver.model.typesystem.LambdaConstraintType.getBound() [ <15:5 <15:5 <15:17 15:24> 15:26> 17:5>]
SYMBOL_METHOD: public boolean com.github.javaparser.symbolsolver.model.typesystem.LambdaConstraintType.isConstraint() [ <19:5 <19:5 <20:20 20:31> 20:33> 22:5>]
SYMBOL_METHOD: boolean com.github.javaparser.symbolsolver.model.typesystem.Type.isConstraint()
SYMBOL_BUILTIN_TYPE: boolean
SYMBOL_METHOD: public com.github.javaparser.symbolsolver.model.typesystem.LambdaConstraintType com.github.javaparser.symbolsolver.model.typesystem.LambdaConstraintType.asConstraintType() [ <24:5 <24:5 <25:33 25:48> 25:50> 27:5>]
SYMBOL_METHOD: com.github.javaparser.symbolsolver.model.typesystem.LambdaConstraintType com.github.javaparser.symbolsolver.model.typesystem.Type.asConstraintType()
SYMBOL_METHOD: public static com.github.javaparser.symbolsolver.model.typesystem.LambdaConstraintType com.github.javaparser.symbolsolver.model.typesystem.LambdaConstraintType.bound(com.github.javaparser.symbolsolver.model.typesystem.Type) [ <29:5 <29:5 <29:40 29:44> 29:56> 31:5>]
SYMBOL_METHOD: public boolean com.github.javaparser.symbolsolver.model.typesystem.LambdaConstraintType.isAssignableBy(com.github.javaparser.symbolsolver.model.typesystem.Type) [ <33:5 <33:5 <34:20 34:33> 34:45> 36:5>]
SYMBOL_METHOD: boolean com.github.javaparser.symbolsolver.model.typesystem.Type.isAssignableBy(com.github.javaparser.symbolsolver.model.typesystem.Type)
REFERENCE_INHERITANCE: com.github.javaparser.symbolsolver.model.typesystem.LambdaConstraintType -> com.github.javaparser.symbolsolver.model.typesystem.Type [ <3:47 3:50>]
REFERENCE_TYPE_USAGE: com.github.javaparser.symbolsolver.model.typesystem.Type com.github.javaparser.symbolsolver.model.typesystem.LambdaConstraintType.bound -> com.github.javaparser.symbolsolver.model.typesystem.Type [ <4:5 4:8>]
REFERENCE_TYPE_USAGE: com.github.javaparser.symbolsolver.model.typesystem.LambdaConstraintType.LambdaConstraintType(com.github.javaparser.symbolsolver.model.typesystem.Type) -> com.github.javaparser.symbolsolver.model.typesystem.Type [ <6:33 6:36>]
REFERENCE_USAGE: com.github.javaparser.symbolsolver.model.typesystem.LambdaConstraintType.LambdaConstraintType(com.github.javaparser.symbolsolver.model.typesystem.Type) -> com.github.javaparser.symbolsolver.model.typesystem.Type com.github.javaparser.symbolsolver.model.typesystem.LambdaConstraintType.bound [ <7:14 7:18>]
REFERENCE_OVERRIDE: java.lang.String com.github.javaparser.symbolsolver.model.typesystem.LambdaConstraintType.describe() -> java.lang.String com.github.javaparser.symbolsolver.model.typesystem.Type.describe() [ <11:19 11:26>]
REFERENCE_ANNOTATION_USAGE: java.lang.String com.github.javaparser.symbolsolver.model.typesystem.LambdaConstraintType.describe() -> java.lang.Override [ <10:6 10:13>]
REFERENCE_TYPE_USAGE: java.lang.String com.github.javaparser.symbolsolver.model.typesystem.LambdaConstraintType.describe() -> java.lang.String [ <11:12 11:17>]
REFERENCE_CALL: java.lang.String com.github.javaparser.symbolsolver.model.typesystem.LambdaConstraintType.describe() -> java.lang.String com.github.javaparser.symbolsolver.model.typesystem.Type.describe() [ <12:35 12:42>]
REFERENCE_USAGE: java.lang.String com.github.javaparser.symbolsolver.model.typesystem.LambdaConstraintType.describe() -> com.github.javaparser.symbolsolver.model.typesystem.Type com.github.javaparser.symbolsolver.model.typesystem.LambdaConstraintType.bound [ <12:29 12:33>]
REFERENCE_TYPE_USAGE: com.github.javaparser.symbolsolver.model.typesystem.Type com.github.javaparser.symbolsolver.model.typesystem.LambdaConstraintType.getBound() -> com.github.javaparser.symbolsolver.model.typesystem.Type [ <15:12 15:15>]
REFERENCE_USAGE: com.github.javaparser.symbolsolver.model.typesystem.Type com.github.javaparser.symbolsolver.model.typesystem.LambdaConstraintType.getBound() -> com.github.javaparser.symbolsolver.model.typesystem.Type com.github.javaparser.symbolsolver.model.typesystem.LambdaConstraintType.bound [ <16:16 16:20>]
REFERENCE_OVERRIDE: boolean com.github.javaparser.symbolsolver.model.typesystem.LambdaConstraintType.isConstraint() -> boolean com.github.javaparser.symbolsolver.model.typesystem.Type.isConstraint() [ <20:20 20:31>]
REFERENCE_ANNOTATION_USAGE: boolean com.github.javaparser.symbolsolver.model.typesystem.LambdaConstraintType.isConstraint() -> java.lang.Override [ <19:6 19:13>]
REFERENCE_TYPE_USAGE: boolean com.github.javaparser.symbolsolver.model.typesystem.LambdaConstraintType.isConstraint() -> boolean [ <20:12 20:18>]
REFERENCE_OVERRIDE: com.github.javaparser.symbolsolver.model.typesystem.LambdaConstraintType com.github.javaparser.symbolsolver.model.typesystem.LambdaConstraintType.asConstraintType() -> com.github.javaparser.symbolsolver.model.typesystem.LambdaConstraintType com.github.javaparser.symbolsolver.model.typesystem.Type.asConstraintType() [ <25:33 25:48>]
REFERENCE_ANNOTATION_USAGE: com.github.javaparser.symbolsolver.model.typesystem.LambdaConstraintType com.github.javaparser.symbolsolver.model.typesystem.LambdaConstraintType.asConstraintType() -> java.lang.Override [ <24:6 24:13>]
REFERENCE_TYPE_USAGE: com.github.javaparser.symbolsolver.model.typesystem.LambdaConstraintType com.github.javaparser.symbolsolver.model.typesystem.LambdaConstraintType.asConstraintType() -> com.github.javaparser.symbolsolver.model.typesystem.LambdaConstraintType [ <25:12 25:31>]
REFERENCE_TYPE_USAGE: static com.github.javaparser.symbolsolver.model.typesystem.LambdaConstraintType com.github.javaparser.symbolsolver.model.typesystem.LambdaConstraintType.bound(com.github.javaparser.symbolsolver.model.typesystem.Type) -> com.github.javaparser.symbolsolver.model.typesystem.LambdaConstraintType [ <29:19 29:38>]
REFERENCE_TYPE_USAGE: static com.github.javaparser.symbolsolver.model.typesystem.LambdaConstraintType com.github.javaparser.symbolsolver.model.typesystem.LambdaConstraintType.bound(com.github.javaparser.symbolsolver.model.typesystem.Type) -> com.github.javaparser.symbolsolver.model.typesystem.LambdaConstraintType [ <30:20 30:39>]
REFERENCE_TYPE_USAGE: static com.github.javaparser.symbolsolver.model.typesystem.LambdaConstraintType com.github.javaparser.symbolsolver.model.typesystem.LambdaConstraintType.bound(com.github.javaparser.symbolsolver.model.typesystem.Type) -> com.github.javaparser.symbolsolver.model.typesystem.Type [ <29:46 29:49>]
REFERENCE_CALL: static com.github.javaparser.symbolsolver.model.typesystem.LambdaConstraintType com.github.javaparser.symbolsolver.model.typesystem.LambdaConstraintType.bound(com.github.javaparser.symbolsolver.model.typesystem.Type) -> com.github.javaparser.symbolsolver.model.typesystem.LambdaConstraintType.LambdaConstraintType(com.github.javaparser.symbolsolver.model.typesystem.Type) [ <30:20 30:39>]
REFERENCE_OVERRIDE: boolean com.github.javaparser.symbolsolver.model.typesystem.LambdaConstraintType.isAssignableBy(com.github.javaparser.symbolsolver.model.typesystem.Type) -> boolean com.github.javaparser.symbolsolver.model.typesystem.Type.isAssignableBy(com.github.javaparser.symbolsolver.model.typesystem.Type) [ <34:20 34:33>]
REFERENCE_ANNOTATION_USAGE: boolean com.github.javaparser.symbolsolver.model.typesystem.LambdaConstraintType.isAssignableBy(com.github.javaparser.symbolsolver.model.typesystem.Type) -> java.lang.Override [ <33:6 33:13>]
REFERENCE_TYPE_USAGE: boolean com.github.javaparser.symbolsolver.model.typesystem.LambdaConstraintType.isAssignableBy(com.github.javaparser.symbolsolver.model.typesystem.Type) -> boolean [ <34:12 34:18>]
REFERENCE_TYPE_USAGE: boolean com.github.javaparser.symbolsolver.model.typesystem.LambdaConstraintType.isAssignableBy(com.github.javaparser.symbolsolver.model.typesystem.Type) -> com.github.javaparser.symbolsolver.model.typesystem.Type [ <34:35 34:38>]
REFERENCE_CALL: boolean com.github.javaparser.symbolsolver.model.typesystem.LambdaConstraintType.isAssignableBy(com.github.javaparser.symbolsolver.model.typesystem.Type) -> boolean com.github.javaparser.symbolsolver.model.typesystem.Type.isAssignableBy(com.github.javaparser.symbolsolver.model.typesystem.Type) [ <35:22 35:35>]
REFERENCE_USAGE: boolean com.github.javaparser.symbolsolver.model.typesystem.LambdaConstraintType.isAssignableBy(com.github.javaparser.symbolsolver.model.typesystem.Type) -> com.github.javaparser.symbolsolver.model.typesystem.Type com.github.javaparser.symbolsolver.model.typesystem.LambdaConstraintType.bound [ <35:16 35:20>]
LOCAL_SYMBOL: LambdaConstraintType.java<11:30> [ <11:30 11:30>]
LOCAL_SYMBOL: LambdaConstraintType.java<11:30> [ <13:5 13:5>]
LOCAL_SYMBOL: LambdaConstraintType.java<15:28> [ <15:28 15:28>]
LOCAL_SYMBOL: LambdaConstraintType.java<15:28> [ <17:5 17:5>]
LOCAL_SYMBOL: LambdaConstraintType.java<20:35> [ <20:35 20:35>]
LOCAL_SYMBOL: LambdaConstraintType.java<20:35> [ <22:5 22:5>]
LOCAL_SYMBOL: LambdaConstraintType.java<25:52> [ <25:52 25:52>]
LOCAL_SYMBOL: LambdaConstraintType.java<25:52> [ <27:5 27:5>]
LOCAL_SYMBOL: LambdaConstraintType.java<29:57> [ <29:57 29:57>]
LOCAL_SYMBOL: LambdaConstraintType.java<29:57> [ <31:5 31:5>]
LOCAL_SYMBOL: LambdaConstraintType.java<34:47> [ <34:47 34:47>]
LOCAL_SYMBOL: LambdaConstraintType.java<34:47> [ <36:5 36:5>]
LOCAL_SYMBOL: LambdaConstraintType.java<3:52> [ <3:52 3:52>]
LOCAL_SYMBOL: LambdaConstraintType.java<3:52> [ <37:1 37:1>]
LOCAL_SYMBOL: LambdaConstraintType.java<6:45> [ <6:45 6:45>]
LOCAL_SYMBOL: LambdaConstraintType.java<6:45> [ <8:5 8:5>]
LOCAL_SYMBOL: com.github.javaparser.symbolsolver.model.typesystem.LambdaConstraintType.LambdaConstraintType<0> [ <6:38 6:42>]
LOCAL_SYMBOL: com.github.javaparser.symbolsolver.model.typesystem.LambdaConstraintType.LambdaConstraintType<0> [ <7:22 7:26>]
LOCAL_SYMBOL: com.github.javaparser.symbolsolver.model.typesystem.LambdaConstraintType.bound<0> [ <29:51 29:55>]
LOCAL_SYMBOL: com.github.javaparser.symbolsolver.model.typesystem.LambdaConstraintType.bound<0> [ <30:41 30:45>]
LOCAL_SYMBOL: com.github.javaparser.symbolsolver.model.typesystem.LambdaConstraintType.isAssignableBy<0> [ <34:40 34:44>]
LOCAL_SYMBOL: com.github.javaparser.symbolsolver.model.typesystem.LambdaConstraintType.isAssignableBy<0> [ <35:37 35:41>]
