FILE: JavaParserParameterDeclaration.java
SYMBOL_PACKAGE: com.github.javaparser.symbolsolver.javaparsermodel.declarations [ <17:60 17:71>]
QUALIFIER: com.github.javaparser.symbolsolver.javaparsermodel [ <17:44 17:58>]
QUALIFIER: com.github.javaparser.symbolsolver.javaparsermodel [ <20:43 20:57>]
SYMBOL_PACKAGE: com.github.javaparser.symbolsolver.javaparsermodel
QUALIFIER: com.github.javaparser.symbolsolver [ <17:31 17:42>]
QUALIFIER: com.github.javaparser.symbolsolver [ <20:30 20:41>]
QUALIFIER: com.github.javaparser.symbolsolver [ <21:30 21:41>]
QUALIFIER: com.github.javaparser.symbolsolver [ <22:30 22:41>]
QUALIFIER: com.github.javaparser.symbolsolver [ <23:30 23:41>]
QUALIFIER: com.github.javaparser.symbolsolver [ <24:30 24:41>]
SYMBOL_PACKAGE: com.github.javaparser.symbolsolver
QUALIFIER: com.github.javaparser [ <17:20 17:29>]
QUALIFIER: com.github.javaparser [ <19:19 19:28>]
QUALIFIER: com.github.javaparser [ <20:19 20:28>]
QUALIFIER: com.github.javaparser [ <21:19 21:28>]
QUALIFIER: com.github.javaparser [ <22:19 22:28>]
QUALIFIER: com.github.javaparser [ <23:19 23:28>]
QUALIFIER: com.github.javaparser [ <24:19 24:28>]
SYMBOL_PACKAGE: com.github.javaparser
QUALIFIER: com.github [ <17:13 17:18>]
QUALIFIER: com.github [ <19:12 19:17>]
QUALIFIER: com.github [ <20:12 20:17>]
QUALIFIER: com.github [ <21:12 21:17>]
QUALIFIER: com.github [ <22:12 22:17>]
QUALIFIER: com.github [ <23:12 23:17>]
QUALIFIER: com.github [ <24:12 24:17>]
SYMBOL_PACKAGE: com.github
QUALIFIER: com [ <17:9 17:11>]
QUALIFIER: com [ <19:8 19:10>]
QUALIFIER: com [ <20:8 20:10>]
QUALIFIER: com [ <21:8 21:10>]
QUALIFIER: com [ <22:8 22:10>]
QUALIFIER: com [ <23:8 23:10>]
QUALIFIER: com [ <24:8 24:10>]
SYMBOL_PACKAGE: com
QUALIFIER: com.github.javaparser.ast.body [ <19:34 19:37>]
SYMBOL_PACKAGE: com.github.javaparser.ast.body
QUALIFIER: com.github.javaparser.ast [ <19:30 19:32>]
SYMBOL_PACKAGE: com.github.javaparser.ast
QUALIFIER: com.github.javaparser.symbolsolver.javaparsermodel.JavaParserFacade [ <66:20 66:35>]
QUALIFIER: com.github.javaparser.symbolsolver.model.declarations [ <21:49 21:60>]
SYMBOL_PACKAGE: com.github.javaparser.symbolsolver.model.declarations
QUALIFIER: com.github.javaparser.symbolsolver.model [ <21:43 21:47>]
QUALIFIER: com.github.javaparser.symbolsolver.model [ <22:43 22:47>]
QUALIFIER: com.github.javaparser.symbolsolver.model [ <23:43 23:47>]
QUALIFIER: com.github.javaparser.symbolsolver.model [ <24:43 24:47>]
SYMBOL_PACKAGE: com.github.javaparser.symbolsolver.model
QUALIFIER: com.github.javaparser.symbolsolver.model.resolution [ <22:49 22:58>]
SYMBOL_PACKAGE: com.github.javaparser.symbolsolver.model.resolution
QUALIFIER: com.github.javaparser.symbolsolver.model.typesystem [ <23:49 23:58>]
QUALIFIER: com.github.javaparser.symbolsolver.model.typesystem [ <24:49 24:58>]
SYMBOL_PACKAGE: com.github.javaparser.symbolsolver.model.typesystem
QUALIFIER: com.github.javaparser.symbolsolver.javaparsermodel.declarations.JavaParserParameterDeclaration [ <35:9 35:12>]
QUALIFIER: com.github.javaparser.symbolsolver.javaparsermodel.declarations.JavaParserParameterDeclaration [ <36:9 36:12>]
SYMBOL_CLASS: public com.github.javaparser.symbolsolver.javaparsermodel.declarations.JavaParserParameterDeclaration [ <29:1 <29:14 29:43> 88:1>]
SYMBOL_FIELD: private com.github.javaparser.ast.body.Parameter com.github.javaparser.symbolsolver.javaparsermodel.declarations.JavaParserParameterDeclaration.wrappedNode [ <31:23 31:33>]
SYMBOL_FIELD: private com.github.javaparser.symbolsolver.model.resolution.TypeSolver com.github.javaparser.symbolsolver.javaparsermodel.declarations.JavaParserParameterDeclaration.typeSolver [ <32:24 32:33>]
SYMBOL_METHOD: public com.github.javaparser.symbolsolver.javaparsermodel.declarations.JavaParserParameterDeclaration.JavaParserParameterDeclaration(com.github.javaparser.ast.body.Parameter, com.github.javaparser.symbolsolver.model.resolution.TypeSolver) [ <34:5 <34:5 <34:12 34:41> 34:87> 37:5>]
SYMBOL_METHOD: public java.lang.String com.github.javaparser.symbolsolver.javaparsermodel.declarations.JavaParserParameterDeclaration.getName() [ <39:5 <39:5 <40:19 40:25> 40:27> 42:5>]
SYMBOL_METHOD: java.lang.String com.github.javaparser.symbolsolver.model.declarations.Declaration.getName()
SYMBOL_PACKAGE: java.lang
SYMBOL_METHOD: java.lang.String com.github.javaparser.ast.nodeTypes.NodeWithIdentifier<N>.getId()
SYMBOL_METHOD: com.github.javaparser.ast.expr.SimpleName com.github.javaparser.ast.body.Parameter.getName()
SYMBOL_METHOD: public boolean com.github.javaparser.symbolsolver.javaparsermodel.declarations.JavaParserParameterDeclaration.isField() [ <44:5 <44:5 <45:20 45:26> 45:28> 47:5>]
SYMBOL_METHOD: boolean com.github.javaparser.symbolsolver.model.declarations.Declaration.isField()
SYMBOL_BUILTIN_TYPE: boolean
SYMBOL_METHOD: public boolean com.github.javaparser.symbolsolver.javaparsermodel.declarations.JavaParserParameterDeclaration.isParameter() [ <49:5 <49:5 <50:20 50:30> 50:32> 52:5>]
SYMBOL_METHOD: boolean com.github.javaparser.symbolsolver.model.declarations.ParameterDeclaration.isParameter()
SYMBOL_METHOD: public boolean com.github.javaparser.symbolsolver.javaparsermodel.declarations.JavaParserParameterDeclaration.isVariadic() [ <54:5 <54:5 <55:20 55:29> 55:31> 57:5>]
SYMBOL_METHOD: boolean com.github.javaparser.symbolsolver.model.declarations.ParameterDeclaration.isVariadic()
SYMBOL_METHOD: boolean com.github.javaparser.ast.body.Parameter.isVarArgs()
SYMBOL_METHOD: public boolean com.github.javaparser.symbolsolver.javaparsermodel.declarations.JavaParserParameterDeclaration.isType() [ <59:5 <59:5 <60:20 60:25> 60:27> 62:5>]
SYMBOL_METHOD: boolean com.github.javaparser.symbolsolver.model.declarations.Declaration.isType()
SYMBOL_METHOD: java.lang.UnsupportedOperationException.UnsupportedOperationException()
SYMBOL_METHOD: public com.github.javaparser.symbolsolver.model.typesystem.Type com.github.javaparser.symbolsolver.javaparsermodel.declarations.JavaParserParameterDeclaration.getType() [ <64:5 <64:5 <65:17 65:23> 65:25> 71:5>]
SYMBOL_METHOD: com.github.javaparser.symbolsolver.model.typesystem.Type com.github.javaparser.symbolsolver.model.declarations.ValueDeclaration.getType()
SYMBOL_METHOD: com.github.javaparser.symbolsolver.model.typesystem.Type com.github.javaparser.symbolsolver.javaparsermodel.JavaParserFacade.convert(com.github.javaparser.ast.type.Type, com.github.javaparser.ast.Node)
SYMBOL_METHOD: static com.github.javaparser.symbolsolver.javaparsermodel.JavaParserFacade com.github.javaparser.symbolsolver.javaparsermodel.JavaParserFacade.get(com.github.javaparser.symbolsolver.model.resolution.TypeSolver)
SYMBOL_METHOD: com.github.javaparser.ast.type.Type com.github.javaparser.ast.body.Parameter.getType()
SYMBOL_METHOD: com.github.javaparser.symbolsolver.model.typesystem.ArrayType.ArrayType(com.github.javaparser.symbolsolver.model.typesystem.Type)
SYMBOL_METHOD: public com.github.javaparser.symbolsolver.model.declarations.ParameterDeclaration com.github.javaparser.symbolsolver.javaparsermodel.declarations.JavaParserParameterDeclaration.asParameter() [ <73:5 <73:5 <74:33 74:43> 74:45> 76:5>]
SYMBOL_METHOD: com.github.javaparser.symbolsolver.model.declarations.ParameterDeclaration com.github.javaparser.symbolsolver.model.declarations.ParameterDeclaration.asParameter()
SYMBOL_METHOD: public com.github.javaparser.ast.body.Parameter com.github.javaparser.symbolsolver.javaparsermodel.declarations.JavaParserParameterDeclaration.getWrappedNode() [ <83:1 <83:1 <83:22 83:35> 83:37> 85:5>]
REFERENCE_IMPORT: JavaParserParameterDeclaration.java -> com.github.javaparser.ast.body.Parameter [ <19:39 19:47>]
REFERENCE_IMPORT: JavaParserParameterDeclaration.java -> com.github.javaparser.symbolsolver.javaparsermodel.JavaParserFacade [ <20:59 20:74>]
REFERENCE_IMPORT: JavaParserParameterDeclaration.java -> com.github.javaparser.symbolsolver.model.declarations.ParameterDeclaration [ <21:62 21:81>]
REFERENCE_IMPORT: JavaParserParameterDeclaration.java -> com.github.javaparser.symbolsolver.model.resolution.TypeSolver [ <22:60 22:69>]
REFERENCE_IMPORT: JavaParserParameterDeclaration.java -> com.github.javaparser.symbolsolver.model.typesystem.ArrayType [ <23:60 23:68>]
REFERENCE_IMPORT: JavaParserParameterDeclaration.java -> com.github.javaparser.symbolsolver.model.typesystem.Type [ <24:60 24:63>]
REFERENCE_INHERITANCE: com.github.javaparser.symbolsolver.javaparsermodel.declarations.JavaParserParameterDeclaration -> com.github.javaparser.symbolsolver.model.declarations.ParameterDeclaration [ <29:56 29:75>]
REFERENCE_TYPE_USAGE: com.github.javaparser.ast.body.Parameter com.github.javaparser.symbolsolver.javaparsermodel.declarations.JavaParserParameterDeclaration.wrappedNode -> com.github.javaparser.ast.body.Parameter [ <31:13 31:21>]
REFERENCE_TYPE_USAGE: com.github.javaparser.symbolsolver.model.resolution.TypeSolver com.github.javaparser.symbolsolver.javaparsermodel.declarations.JavaParserParameterDeclaration.typeSolver -> com.github.javaparser.symbolsolver.model.resolution.TypeSolver [ <32:13 32:22>]
REFERENCE_TYPE_USAGE: com.github.javaparser.symbolsolver.javaparsermodel.declarations.JavaParserParameterDeclaration.JavaParserParameterDeclaration(com.github.javaparser.ast.body.Parameter, com.github.javaparser.symbolsolver.model.resolution.TypeSolver) -> com.github.javaparser.ast.body.Parameter [ <34:43 34:51>]
REFERENCE_TYPE_USAGE: com.github.javaparser.symbolsolver.javaparsermodel.declarations.JavaParserParameterDeclaration.JavaParserParameterDeclaration(com.github.javaparser.ast.body.Parameter, com.github.javaparser.symbolsolver.model.resolution.TypeSolver) -> com.github.javaparser.symbolsolver.model.resolution.TypeSolver [ <34:66 34:75>]
REFERENCE_USAGE: com.github.javaparser.symbolsolver.javaparsermodel.declarations.JavaParserParameterDeclaration.JavaParserParameterDeclaration(com.github.javaparser.ast.body.Parameter, com.github.javaparser.symbolsolver.model.resolution.TypeSolver) -> com.github.javaparser.ast.body.Parameter com.github.javaparser.symbolsolver.javaparsermodel.declarations.JavaParserParameterDeclaration.wrappedNode [ <35:14 35:24>]
REFERENCE_USAGE: com.github.javaparser.symbolsolver.javaparsermodel.declarations.JavaParserParameterDeclaration.JavaParserParameterDeclaration(com.github.javaparser.ast.body.Parameter, com.github.javaparser.symbolsolver.model.resolution.TypeSolver) -> com.github.javaparser.symbolsolver.model.resolution.TypeSolver com.github.javaparser.symbolsolver.javaparsermodel.declarations.JavaParserParameterDeclaration.typeSolver [ <36:14 36:23>]
REFERENCE_OVERRIDE: java.lang.String com.github.javaparser.symbolsolver.javaparsermodel.declarations.JavaParserParameterDeclaration.getName() -> java.lang.String com.github.javaparser.symbolsolver.model.declarations.Declaration.getName() [ <40:19 40:25>]
REFERENCE_ANNOTATION_USAGE: java.lang.String com.github.javaparser.symbolsolver.javaparsermodel.declarations.JavaParserParameterDeclaration.getName() -> java.lang.Override [ <39:6 39:13>]
REFERENCE_TYPE_USAGE: java.lang.String com.github.javaparser.symbolsolver.javaparsermodel.declarations.JavaParserParameterDeclaration.getName() -> java.lang.String [ <40:12 40:17>]
REFERENCE_CALL: java.lang.String com.github.javaparser.symbolsolver.javaparsermodel.declarations.JavaParserParameterDeclaration.getName() -> java.lang.String com.github.javaparser.ast.nodeTypes.NodeWithIdentifier<N>.getId() [ <41:38 41:42>]
REFERENCE_CALL: java.lang.String com.github.javaparser.symbolsolver.javaparsermodel.declarations.JavaParserParameterDeclaration.getName() -> com.github.javaparser.ast.expr.SimpleName com.github.javaparser.ast.body.Parameter.getName() [ <41:28 41:34>]
REFERENCE_USAGE: java.lang.String com.github.javaparser.symbolsolver.javaparsermodel.declarations.JavaParserParameterDeclaration.getName() -> com.github.javaparser.ast.body.Parameter com.github.javaparser.symbolsolver.javaparsermodel.declarations.JavaParserParameterDeclaration.wrappedNode [ <41:16 41:26>]
REFERENCE_OVERRIDE: boolean com.github.javaparser.symbolsolver.javaparsermodel.declarations.JavaParserParameterDeclaration.isField() -> boolean com.github.javaparser.symbolsolver.model.declarations.Declaration.isField() [ <45:20 45:26>]
REFERENCE_ANNOTATION_USAGE: boolean com.github.javaparser.symbolsolver.javaparsermodel.declarations.JavaParserParameterDeclaration.isField() -> java.lang.Override [ <44:6 44:13>]
REFERENCE_TYPE_USAGE: boolean com.github.javaparser.symbolsolver.javaparsermodel.declarations.JavaParserParameterDeclaration.isField() -> boolean [ <45:12 45:18>]
REFERENCE_OVERRIDE: boolean com.github.javaparser.symbolsolver.javaparsermodel.declarations.JavaParserParameterDeclaration.isParameter() -> boolean com.github.javaparser.symbolsolver.model.declarations.ParameterDeclaration.isParameter() [ <50:20 50:30>]
REFERENCE_ANNOTATION_USAGE: boolean com.github.javaparser.symbolsolver.javaparsermodel.declarations.JavaParserParameterDeclaration.isParameter() -> java.lang.Override [ <49:6 49:13>]
REFERENCE_TYPE_USAGE: boolean com.github.javaparser.symbolsolver.javaparsermodel.declarations.JavaParserParameterDeclaration.isParameter() -> boolean [ <50:12 50:18>]
REFERENCE_OVERRIDE: boolean com.github.javaparser.symbolsolver.javaparsermodel.declarations.JavaParserParameterDeclaration.isVariadic() -> boolean com.github.javaparser.symbolsolver.model.declarations.ParameterDeclaration.isVariadic() [ <55:20 55:29>]
REFERENCE_ANNOTATION_USAGE: boolean com.github.javaparser.symbolsolver.javaparsermodel.declarations.JavaParserParameterDeclaration.isVariadic() -> java.lang.Override [ <54:6 54:13>]
REFERENCE_TYPE_USAGE: boolean com.github.javaparser.symbolsolver.javaparsermodel.declarations.JavaParserParameterDeclaration.isVariadic() -> boolean [ <55:12 55:18>]
REFERENCE_CALL: boolean com.github.javaparser.symbolsolver.javaparsermodel.declarations.JavaParserParameterDeclaration.isVariadic() -> boolean com.github.javaparser.ast.body.Parameter.isVarArgs() [ <56:28 56:36>]
REFERENCE_USAGE: boolean com.github.javaparser.symbolsolver.javaparsermodel.declarations.JavaParserParameterDeclaration.isVariadic() -> com.github.javaparser.ast.body.Parameter com.github.javaparser.symbolsolver.javaparsermodel.declarations.JavaParserParameterDeclaration.wrappedNode [ <56:16 56:26>]
REFERENCE_OVERRIDE: boolean com.github.javaparser.symbolsolver.javaparsermodel.declarations.JavaParserParameterDeclaration.isType() -> boolean com.github.javaparser.symbolsolver.model.declarations.Declaration.isType() [ <60:20 60:25>]
REFERENCE_ANNOTATION_USAGE: boolean com.github.javaparser.symbolsolver.javaparsermodel.declarations.JavaParserParameterDeclaration.isType() -> java.lang.Override [ <59:6 59:13>]
REFERENCE_TYPE_USAGE: boolean com.github.javaparser.symbolsolver.javaparsermodel.declarations.JavaParserParameterDeclaration.isType() -> boolean [ <60:12 60:18>]
REFERENCE_CALL: boolean com.github.javaparser.symbolsolver.javaparsermodel.declarations.JavaParserParameterDeclaration.isType() -> java.lang.UnsupportedOperationException.UnsupportedOperationException() [ <61:19 61:47>]
REFERENCE_TYPE_USAGE: boolean com.github.javaparser.symbolsolver.javaparsermodel.declarations.JavaParserParameterDeclaration.isType() -> java.lang.UnsupportedOperationException [ <61:19 61:47>]
REFERENCE_OVERRIDE: com.github.javaparser.symbolsolver.model.typesystem.Type com.github.javaparser.symbolsolver.javaparsermodel.declarations.JavaParserParameterDeclaration.getType() -> com.github.javaparser.symbolsolver.model.typesystem.Type com.github.javaparser.symbolsolver.model.declarations.ValueDeclaration.getType() [ <65:17 65:23>]
REFERENCE_ANNOTATION_USAGE: com.github.javaparser.symbolsolver.model.typesystem.Type com.github.javaparser.symbolsolver.javaparsermodel.declarations.JavaParserParameterDeclaration.getType() -> java.lang.Override [ <64:6 64:13>]
REFERENCE_TYPE_USAGE: com.github.javaparser.symbolsolver.model.typesystem.Type com.github.javaparser.symbolsolver.javaparsermodel.declarations.JavaParserParameterDeclaration.getType() -> com.github.javaparser.symbolsolver.model.typesystem.Type [ <65:12 65:15>]
REFERENCE_TYPE_USAGE: com.github.javaparser.symbolsolver.model.typesystem.Type com.github.javaparser.symbolsolver.javaparsermodel.declarations.JavaParserParameterDeclaration.getType() -> com.github.javaparser.symbolsolver.model.typesystem.Type [ <66:9 66:12>]
REFERENCE_CALL: com.github.javaparser.symbolsolver.model.typesystem.Type com.github.javaparser.symbolsolver.javaparsermodel.declarations.JavaParserParameterDeclaration.getType() -> com.github.javaparser.symbolsolver.model.typesystem.Type com.github.javaparser.symbolsolver.javaparsermodel.JavaParserFacade.convert(com.github.javaparser.ast.type.Type, com.github.javaparser.ast.Node) [ <66:53 66:59>]
REFERENCE_CALL: com.github.javaparser.symbolsolver.model.typesystem.Type com.github.javaparser.symbolsolver.javaparsermodel.declarations.JavaParserParameterDeclaration.getType() -> static com.github.javaparser.symbolsolver.javaparsermodel.JavaParserFacade com.github.javaparser.symbolsolver.javaparsermodel.JavaParserFacade.get(com.github.javaparser.symbolsolver.model.resolution.TypeSolver) [ <66:37 66:39>]
REFERENCE_USAGE: com.github.javaparser.symbolsolver.model.typesystem.Type com.github.javaparser.symbolsolver.javaparsermodel.declarations.JavaParserParameterDeclaration.getType() -> com.github.javaparser.symbolsolver.model.resolution.TypeSolver com.github.javaparser.symbolsolver.javaparsermodel.declarations.JavaParserParameterDeclaration.typeSolver [ <66:41 66:50>]
REFERENCE_CALL: com.github.javaparser.symbolsolver.model.typesystem.Type com.github.javaparser.symbolsolver.javaparsermodel.declarations.JavaParserParameterDeclaration.getType() -> com.github.javaparser.ast.type.Type com.github.javaparser.ast.body.Parameter.getType() [ <66:73 66:79>]
REFERENCE_USAGE: com.github.javaparser.symbolsolver.model.typesystem.Type com.github.javaparser.symbolsolver.javaparsermodel.declarations.JavaParserParameterDeclaration.getType() -> com.github.javaparser.ast.body.Parameter com.github.javaparser.symbolsolver.javaparsermodel.declarations.JavaParserParameterDeclaration.wrappedNode [ <66:61 66:71>]
REFERENCE_USAGE: com.github.javaparser.symbolsolver.model.typesystem.Type com.github.javaparser.symbolsolver.javaparsermodel.declarations.JavaParserParameterDeclaration.getType() -> com.github.javaparser.ast.body.Parameter com.github.javaparser.symbolsolver.javaparsermodel.declarations.JavaParserParameterDeclaration.wrappedNode [ <66:84 66:94>]
REFERENCE_CALL: com.github.javaparser.symbolsolver.model.typesystem.Type com.github.javaparser.symbolsolver.javaparsermodel.declarations.JavaParserParameterDeclaration.getType() -> boolean com.github.javaparser.symbolsolver.javaparsermodel.declarations.JavaParserParameterDeclaration.isVariadic() [ <67:13 67:22>]
REFERENCE_CALL: com.github.javaparser.symbolsolver.model.typesystem.Type com.github.javaparser.symbolsolver.javaparsermodel.declarations.JavaParserParameterDeclaration.getType() -> com.github.javaparser.symbolsolver.model.typesystem.ArrayType.ArrayType(com.github.javaparser.symbolsolver.model.typesystem.Type) [ <68:23 68:31>]
REFERENCE_TYPE_USAGE: com.github.javaparser.symbolsolver.model.typesystem.Type com.github.javaparser.symbolsolver.javaparsermodel.declarations.JavaParserParameterDeclaration.getType() -> com.github.javaparser.symbolsolver.model.typesystem.ArrayType [ <68:23 68:31>]
REFERENCE_OVERRIDE: com.github.javaparser.symbolsolver.model.declarations.ParameterDeclaration com.github.javaparser.symbolsolver.javaparsermodel.declarations.JavaParserParameterDeclaration.asParameter() -> com.github.javaparser.symbolsolver.model.declarations.ParameterDeclaration com.github.javaparser.symbolsolver.model.declarations.ParameterDeclaration.asParameter() [ <74:33 74:43>]
REFERENCE_ANNOTATION_USAGE: com.github.javaparser.symbolsolver.model.declarations.ParameterDeclaration com.github.javaparser.symbolsolver.javaparsermodel.declarations.JavaParserParameterDeclaration.asParameter() -> java.lang.Override [ <73:6 73:13>]
REFERENCE_TYPE_USAGE: com.github.javaparser.symbolsolver.model.declarations.ParameterDeclaration com.github.javaparser.symbolsolver.javaparsermodel.declarations.JavaParserParameterDeclaration.asParameter() -> com.github.javaparser.symbolsolver.model.declarations.ParameterDeclaration [ <74:12 74:31>]
REFERENCE_TYPE_USAGE: com.github.javaparser.ast.body.Parameter com.github.javaparser.symbolsolver.javaparsermodel.declarations.JavaParserParameterDeclaration.getWrappedNode() -> com.github.javaparser.ast.body.Parameter [ <83:12 83:20>]
REFERENCE_USAGE: com.github.javaparser.ast.body.Parameter com.github.javaparser.symbolsolver.javaparsermodel.declarations.JavaParserParameterDeclaration.getWrappedNode() -> com.github.javaparser.ast.body.Parameter com.github.javaparser.symbolsolver.javaparsermodel.declarations.JavaParserParameterDeclaration.wrappedNode [ <84:16 84:26>]
LOCAL_SYMBOL: JavaParserParameterDeclaration.java<29:77> [ <29:77 29:77>]
LOCAL_SYMBOL: JavaParserParameterDeclaration.java<29:77> [ <88:1 88:1>]
LOCAL_SYMBOL: JavaParserParameterDeclaration.java<34:89> [ <34:89 34:89>]
LOCAL_SYMBOL: JavaParserParameterDeclaration.java<34:89> [ <37:5 37:5>]
LOCAL_SYMBOL: JavaParserParameterDeclaration.java<40:29> [ <40:29 40:29>]
LOCAL_SYMBOL: JavaParserParameterDeclaration.java<40:29> [ <42:5 42:5>]
LOCAL_SYMBOL: JavaParserParameterDeclaration.java<45:30> [ <45:30 45:30>]
LOCAL_SYMBOL: JavaParserParameterDeclaration.java<45:30> [ <47:5 47:5>]
LOCAL_SYMBOL: JavaParserParameterDeclaration.java<50:34> [ <50:34 50:34>]
LOCAL_SYMBOL: JavaParserParameterDeclaration.java<50:34> [ <52:5 52:5>]
LOCAL_SYMBOL: JavaParserParameterDeclaration.java<55:33> [ <55:33 55:33>]
LOCAL_SYMBOL: JavaParserParameterDeclaration.java<55:33> [ <57:5 57:5>]
LOCAL_SYMBOL: JavaParserParameterDeclaration.java<60:29> [ <60:29 60:29>]
LOCAL_SYMBOL: JavaParserParameterDeclaration.java<60:29> [ <62:5 62:5>]
LOCAL_SYMBOL: JavaParserParameterDeclaration.java<65:27> [ <65:27 65:27>]
LOCAL_SYMBOL: JavaParserParameterDeclaration.java<65:27> [ <71:5 71:5>]
LOCAL_SYMBOL: JavaParserParameterDeclaration.java<67:27> [ <67:27 67:27>]
LOCAL_SYMBOL: JavaParserParameterDeclaration.java<67:27> [ <69:9 69:9>]
LOCAL_SYMBOL: JavaParserParameterDeclaration.java<74:47> [ <74:47 74:47>]
LOCAL_SYMBOL: JavaParserParameterDeclaration.java<74:47> [ <76:5 76:5>]
LOCAL_SYMBOL: JavaParserParameterDeclaration.java<83:39> [ <83:39 83:39>]
LOCAL_SYMBOL: JavaParserParameterDeclaration.java<83:39> [ <85:5 85:5>]
LOCAL_SYMBOL: com.github.javaparser.symbolsolver.javaparsermodel.declarations.JavaParserParameterDeclaration.JavaParserParameterDeclaration<0> [ <34:53 34:63>]
LOCAL_SYMBOL: com.github.javaparser.symbolsolver.javaparsermodel.declarations.JavaParserParameterDeclaration.JavaParserParameterDeclaration<0> [ <35:28 35:38>]
LOCAL_SYMBOL: com.github.javaparser.symbolsolver.javaparsermodel.declarations.JavaParserParameterDeclaration.JavaParserParameterDeclaration<1> [ <34:77 34:86>]
LOCAL_SYMBOL: com.github.javaparser.symbolsolver.javaparsermodel.declarations.JavaParserParameterDeclaration.JavaParserParameterDeclaration<1> [ <36:27 36:36>]
LOCAL_SYMBOL: com.github.javaparser.symbolsolver.javaparsermodel.declarations.JavaParserParameterDeclaration.getType<0> [ <66:14 66:16>]
LOCAL_SYMBOL: com.github.javaparser.symbolsolver.javaparsermodel.declarations.JavaParserParameterDeclaration.getType<0> [ <68:13 68:15>]
LOCAL_SYMBOL: com.github.javaparser.symbolsolver.javaparsermodel.declarations.JavaParserParameterDeclaration.getType<0> [ <68:33 68:35>]
LOCAL_SYMBOL: com.github.javaparser.symbolsolver.javaparsermodel.declarations.JavaParserParameterDeclaration.getType<0> [ <70:16 70:18>]
COMMENT: comment [ <1:1 15:3>]
COMMENT: comment [ <26:1 28:3>]
COMMENT: comment [ <78:5 82:7>]
