FILE: JavaParserEnumConstantDeclaration.java
SYMBOL_PACKAGE com.github.javaparser.symbolsolver.javaparsermodel.declarations [JavaParserEnumConstantDeclaration.java <17:9 17:71>]
SYMBOL_PACKAGE com.github.javaparser.symbolsolver.javaparsermodel
SYMBOL_PACKAGE com.github.javaparser.symbolsolver
SYMBOL_PACKAGE com.github.javaparser
SYMBOL_PACKAGE com.github
SYMBOL_PACKAGE com
REFERENCE_IMPORT JavaParserEnumConstantDeclaration.java -> com.github.javaparser.ast.body.EnumDeclaration [JavaParserEnumConstantDeclaration.java <19:8 19:53>]
SYMBOL_PACKAGE com.github.javaparser.ast.body
REFERENCE_IMPORT JavaParserEnumConstantDeclaration.java -> com.github.javaparser.symbolsolver.model.declarations.ValueDeclaration [JavaParserEnumConstantDeclaration.java <20:8 20:77>]
SYMBOL_PACKAGE com.github.javaparser.symbolsolver.model.declarations
REFERENCE_IMPORT JavaParserEnumConstantDeclaration.java -> com.github.javaparser.symbolsolver.model.resolution.TypeSolver [JavaParserEnumConstantDeclaration.java <21:8 21:69>]
SYMBOL_PACKAGE com.github.javaparser.symbolsolver.model.resolution
REFERENCE_IMPORT JavaParserEnumConstantDeclaration.java -> com.github.javaparser.symbolsolver.model.typesystem.ReferenceTypeImpl [JavaParserEnumConstantDeclaration.java <22:8 22:76>]
SYMBOL_PACKAGE com.github.javaparser.symbolsolver.model.typesystem
REFERENCE_IMPORT JavaParserEnumConstantDeclaration.java -> com.github.javaparser.symbolsolver.model.typesystem.Type [JavaParserEnumConstantDeclaration.java <23:8 23:63>]
SYMBOL_PACKAGE com.github.javaparser.symbolsolver.model.typesystem
REFERENCE_IMPORT JavaParserEnumConstantDeclaration.java -> static com.github.javaparser.ast.Node com.github.javaparser.symbolsolver.javaparser.Navigator.getParentNode(com.github.javaparser.ast.Node) [JavaParserEnumConstantDeclaration.java <25:15 25:83>]
SYMBOL_PACKAGE com.github.javaparser.symbolsolver.javaparser
SYMBOL_CLASS public com.github.javaparser.symbolsolver.javaparsermodel.declarations.JavaParserEnumConstantDeclaration [JavaParserEnumConstantDeclaration.java <30:1 <30:14 30:46> 59:1>]
LOCAL_SYMBOL: JavaParserEnumConstantDeclaration.java<30:76> [JavaParserEnumConstantDeclaration.java <30:76 30:76>]
LOCAL_SYMBOL: JavaParserEnumConstantDeclaration.java<30:76> [JavaParserEnumConstantDeclaration.java <59:1 59:1>]
COMMENT: comment [JavaParserEnumConstantDeclaration.java <27:1 29:3>]
REFERENCE_INHERITANCE com.github.javaparser.symbolsolver.javaparsermodel.declarations.JavaParserEnumConstantDeclaration -> com.github.javaparser.symbolsolver.model.declarations.ValueDeclaration [JavaParserEnumConstantDeclaration.java <30:59 30:74>]
SYMBOL_FIELD private com.github.javaparser.symbolsolver.model.resolution.TypeSolver com.github.javaparser.symbolsolver.javaparsermodel.declarations.JavaParserEnumConstantDeclaration.typeSolver [JavaParserEnumConstantDeclaration.java <32:24 32:33>]
REFERENCE_TYPE_USAGE com.github.javaparser.symbolsolver.model.resolution.TypeSolver com.github.javaparser.symbolsolver.javaparsermodel.declarations.JavaParserEnumConstantDeclaration.typeSolver -> com.github.javaparser.symbolsolver.model.resolution.TypeSolver [JavaParserEnumConstantDeclaration.java <32:13 32:22>]
SYMBOL_FIELD private com.github.javaparser.ast.body.EnumConstantDeclaration com.github.javaparser.symbolsolver.javaparsermodel.declarations.JavaParserEnumConstantDeclaration.wrappedNode [JavaParserEnumConstantDeclaration.java <33:68 33:78>]
REFERENCE_TYPE_USAGE com.github.javaparser.ast.body.EnumConstantDeclaration com.github.javaparser.symbolsolver.javaparsermodel.declarations.JavaParserEnumConstantDeclaration.wrappedNode -> com.github.javaparser.ast.body.EnumConstantDeclaration [JavaParserEnumConstantDeclaration.java <33:13 33:66>]
SYMBOL_METHOD public com.github.javaparser.symbolsolver.javaparsermodel.declarations.JavaParserEnumConstantDeclaration.JavaParserEnumConstantDeclaration(com.github.javaparser.ast.body.EnumConstantDeclaration, com.github.javaparser.symbolsolver.model.resolution.TypeSolver) [JavaParserEnumConstantDeclaration.java <35:5 <35:12 35:44> 38:5>]
REFERENCE_TYPE_USAGE com.github.javaparser.symbolsolver.javaparsermodel.declarations.JavaParserEnumConstantDeclaration.JavaParserEnumConstantDeclaration(com.github.javaparser.ast.body.EnumConstantDeclaration, com.github.javaparser.symbolsolver.model.resolution.TypeSolver) -> com.github.javaparser.ast.body.EnumConstantDeclaration [JavaParserEnumConstantDeclaration.java <35:46 35:99>]
LOCAL_SYMBOL: com.github.javaparser.symbolsolver.javaparsermodel.declarations.JavaParserEnumConstantDeclaration.JavaParserEnumConstantDeclaration<0> [JavaParserEnumConstantDeclaration.java <35:101 35:111>]
REFERENCE_TYPE_USAGE com.github.javaparser.symbolsolver.javaparsermodel.declarations.JavaParserEnumConstantDeclaration.JavaParserEnumConstantDeclaration(com.github.javaparser.ast.body.EnumConstantDeclaration, com.github.javaparser.symbolsolver.model.resolution.TypeSolver) -> com.github.javaparser.symbolsolver.model.resolution.TypeSolver [JavaParserEnumConstantDeclaration.java <35:114 35:123>]
LOCAL_SYMBOL: com.github.javaparser.symbolsolver.javaparsermodel.declarations.JavaParserEnumConstantDeclaration.JavaParserEnumConstantDeclaration<1> [JavaParserEnumConstantDeclaration.java <35:125 35:134>]
LOCAL_SYMBOL: JavaParserEnumConstantDeclaration.java<35:137> [JavaParserEnumConstantDeclaration.java <35:137 35:137>]
LOCAL_SYMBOL: JavaParserEnumConstantDeclaration.java<35:137> [JavaParserEnumConstantDeclaration.java <38:5 38:5>]
SYMBOL_FIELD com.github.javaparser.ast.body.EnumConstantDeclaration com.github.javaparser.symbolsolver.javaparsermodel.declarations.JavaParserEnumConstantDeclaration.wrappedNode
REFERENCE_USAGE com.github.javaparser.symbolsolver.javaparsermodel.declarations.JavaParserEnumConstantDeclaration.JavaParserEnumConstantDeclaration(com.github.javaparser.ast.body.EnumConstantDeclaration, com.github.javaparser.symbolsolver.model.resolution.TypeSolver) -> com.github.javaparser.ast.body.EnumConstantDeclaration com.github.javaparser.symbolsolver.javaparsermodel.declarations.JavaParserEnumConstantDeclaration.wrappedNode [JavaParserEnumConstantDeclaration.java <36:14 36:24>]
LOCAL_SYMBOL: com.github.javaparser.symbolsolver.javaparsermodel.declarations.JavaParserEnumConstantDeclaration.JavaParserEnumConstantDeclaration<0> [JavaParserEnumConstantDeclaration.java <36:28 36:38>]
SYMBOL_FIELD com.github.javaparser.symbolsolver.model.resolution.TypeSolver com.github.javaparser.symbolsolver.javaparsermodel.declarations.JavaParserEnumConstantDeclaration.typeSolver
REFERENCE_USAGE com.github.javaparser.symbolsolver.javaparsermodel.declarations.JavaParserEnumConstantDeclaration.JavaParserEnumConstantDeclaration(com.github.javaparser.ast.body.EnumConstantDeclaration, com.github.javaparser.symbolsolver.model.resolution.TypeSolver) -> com.github.javaparser.symbolsolver.model.resolution.TypeSolver com.github.javaparser.symbolsolver.javaparsermodel.declarations.JavaParserEnumConstantDeclaration.typeSolver [JavaParserEnumConstantDeclaration.java <37:14 37:23>]
LOCAL_SYMBOL: com.github.javaparser.symbolsolver.javaparsermodel.declarations.JavaParserEnumConstantDeclaration.JavaParserEnumConstantDeclaration<1> [JavaParserEnumConstantDeclaration.java <37:27 37:36>]
SYMBOL_METHOD public com.github.javaparser.symbolsolver.model.typesystem.Type com.github.javaparser.symbolsolver.javaparsermodel.declarations.JavaParserEnumConstantDeclaration.getType() [JavaParserEnumConstantDeclaration.java <40:5 <41:17 41:23> 43:5>]
SYMBOL_METHOD com.github.javaparser.symbolsolver.model.typesystem.Type com.github.javaparser.symbolsolver.model.declarations.ValueDeclaration.getType()
REFERENCE_OVERRIDE com.github.javaparser.symbolsolver.model.typesystem.Type com.github.javaparser.symbolsolver.javaparsermodel.declarations.JavaParserEnumConstantDeclaration.getType() -> com.github.javaparser.symbolsolver.model.typesystem.Type com.github.javaparser.symbolsolver.model.declarations.ValueDeclaration.getType() [JavaParserEnumConstantDeclaration.java <41:17 41:23>]
REFERENCE_TYPE_USAGE com.github.javaparser.symbolsolver.model.typesystem.Type com.github.javaparser.symbolsolver.javaparsermodel.declarations.JavaParserEnumConstantDeclaration.getType() -> com.github.javaparser.symbolsolver.model.typesystem.Type [JavaParserEnumConstantDeclaration.java <41:12 41:15>]
LOCAL_SYMBOL: JavaParserEnumConstantDeclaration.java<41:27> [JavaParserEnumConstantDeclaration.java <41:27 41:27>]
LOCAL_SYMBOL: JavaParserEnumConstantDeclaration.java<41:27> [JavaParserEnumConstantDeclaration.java <43:5 43:5>]
SYMBOL_METHOD com.github.javaparser.symbolsolver.model.typesystem.ReferenceTypeImpl.ReferenceTypeImpl(com.github.javaparser.symbolsolver.model.declarations.ReferenceTypeDeclaration, com.github.javaparser.symbolsolver.model.resolution.TypeSolver)
REFERENCE_CALL com.github.javaparser.symbolsolver.model.typesystem.Type com.github.javaparser.symbolsolver.javaparsermodel.declarations.JavaParserEnumConstantDeclaration.getType() -> com.github.javaparser.symbolsolver.model.typesystem.ReferenceTypeImpl.ReferenceTypeImpl(com.github.javaparser.symbolsolver.model.declarations.ReferenceTypeDeclaration, com.github.javaparser.symbolsolver.model.resolution.TypeSolver) [JavaParserEnumConstantDeclaration.java <42:20 42:36>]
REFERENCE_TYPE_USAGE com.github.javaparser.symbolsolver.model.typesystem.Type com.github.javaparser.symbolsolver.javaparsermodel.declarations.JavaParserEnumConstantDeclaration.getType() -> com.github.javaparser.symbolsolver.model.typesystem.ReferenceTypeImpl [JavaParserEnumConstantDeclaration.java <42:20 42:36>]
SYMBOL_METHOD com.github.javaparser.symbolsolver.javaparsermodel.declarations.JavaParserEnumDeclaration.JavaParserEnumDeclaration(com.github.javaparser.ast.body.EnumDeclaration, com.github.javaparser.symbolsolver.model.resolution.TypeSolver)
REFERENCE_CALL com.github.javaparser.symbolsolver.model.typesystem.Type com.github.javaparser.symbolsolver.javaparsermodel.declarations.JavaParserEnumConstantDeclaration.getType() -> com.github.javaparser.symbolsolver.javaparsermodel.declarations.JavaParserEnumDeclaration.JavaParserEnumDeclaration(com.github.javaparser.ast.body.EnumDeclaration, com.github.javaparser.symbolsolver.model.resolution.TypeSolver) [JavaParserEnumConstantDeclaration.java <42:42 42:66>]
REFERENCE_TYPE_USAGE com.github.javaparser.symbolsolver.model.typesystem.Type com.github.javaparser.symbolsolver.javaparsermodel.declarations.JavaParserEnumConstantDeclaration.getType() -> com.github.javaparser.symbolsolver.javaparsermodel.declarations.JavaParserEnumDeclaration [JavaParserEnumConstantDeclaration.java <42:42 42:66>]
REFERENCE_TYPE_USAGE com.github.javaparser.symbolsolver.model.typesystem.Type com.github.javaparser.symbolsolver.javaparsermodel.declarations.JavaParserEnumConstantDeclaration.getType() -> com.github.javaparser.ast.body.EnumDeclaration [JavaParserEnumConstantDeclaration.java <42:69 42:83>]
SYMBOL_METHOD static com.github.javaparser.ast.Node com.github.javaparser.symbolsolver.javaparser.Navigator.getParentNode(com.github.javaparser.ast.Node)
REFERENCE_CALL com.github.javaparser.symbolsolver.model.typesystem.Type com.github.javaparser.symbolsolver.javaparsermodel.declarations.JavaParserEnumConstantDeclaration.getType() -> static com.github.javaparser.ast.Node com.github.javaparser.symbolsolver.javaparser.Navigator.getParentNode(com.github.javaparser.ast.Node) [JavaParserEnumConstantDeclaration.java <42:86 42:98>]
SYMBOL_FIELD com.github.javaparser.ast.body.EnumConstantDeclaration com.github.javaparser.symbolsolver.javaparsermodel.declarations.JavaParserEnumConstantDeclaration.wrappedNode
REFERENCE_USAGE com.github.javaparser.symbolsolver.model.typesystem.Type com.github.javaparser.symbolsolver.javaparsermodel.declarations.JavaParserEnumConstantDeclaration.getType() -> com.github.javaparser.ast.body.EnumConstantDeclaration com.github.javaparser.symbolsolver.javaparsermodel.declarations.JavaParserEnumConstantDeclaration.wrappedNode [JavaParserEnumConstantDeclaration.java <42:100 42:110>]
SYMBOL_FIELD com.github.javaparser.symbolsolver.model.resolution.TypeSolver com.github.javaparser.symbolsolver.javaparsermodel.declarations.JavaParserEnumConstantDeclaration.typeSolver
REFERENCE_USAGE com.github.javaparser.symbolsolver.model.typesystem.Type com.github.javaparser.symbolsolver.javaparsermodel.declarations.JavaParserEnumConstantDeclaration.getType() -> com.github.javaparser.symbolsolver.model.resolution.TypeSolver com.github.javaparser.symbolsolver.javaparsermodel.declarations.JavaParserEnumConstantDeclaration.typeSolver [JavaParserEnumConstantDeclaration.java <42:114 42:123>]
SYMBOL_FIELD com.github.javaparser.symbolsolver.model.resolution.TypeSolver com.github.javaparser.symbolsolver.javaparsermodel.declarations.JavaParserEnumConstantDeclaration.typeSolver
REFERENCE_USAGE com.github.javaparser.symbolsolver.model.typesystem.Type com.github.javaparser.symbolsolver.javaparsermodel.declarations.JavaParserEnumConstantDeclaration.getType() -> com.github.javaparser.symbolsolver.model.resolution.TypeSolver com.github.javaparser.symbolsolver.javaparsermodel.declarations.JavaParserEnumConstantDeclaration.typeSolver [JavaParserEnumConstantDeclaration.java <42:127 42:136>]
SYMBOL_METHOD public java.lang.String com.github.javaparser.symbolsolver.javaparsermodel.declarations.JavaParserEnumConstantDeclaration.getName() [JavaParserEnumConstantDeclaration.java <45:5 <46:19 46:25> 48:5>]
SYMBOL_METHOD java.lang.String com.github.javaparser.symbolsolver.model.declarations.Declaration.getName()
REFERENCE_OVERRIDE java.lang.String com.github.javaparser.symbolsolver.javaparsermodel.declarations.JavaParserEnumConstantDeclaration.getName() -> java.lang.String com.github.javaparser.symbolsolver.model.declarations.Declaration.getName() [JavaParserEnumConstantDeclaration.java <46:19 46:25>]
REFERENCE_TYPE_USAGE java.lang.String com.github.javaparser.symbolsolver.javaparsermodel.declarations.JavaParserEnumConstantDeclaration.getName() -> java.lang.String [JavaParserEnumConstantDeclaration.java <46:12 46:17>]
LOCAL_SYMBOL: JavaParserEnumConstantDeclaration.java<46:29> [JavaParserEnumConstantDeclaration.java <46:29 46:29>]
LOCAL_SYMBOL: JavaParserEnumConstantDeclaration.java<46:29> [JavaParserEnumConstantDeclaration.java <48:5 48:5>]
SYMBOL_METHOD java.lang.String com.github.javaparser.ast.nodeTypes.NodeWithIdentifier<N>.getId()
REFERENCE_CALL java.lang.String com.github.javaparser.symbolsolver.javaparsermodel.declarations.JavaParserEnumConstantDeclaration.getName() -> java.lang.String com.github.javaparser.ast.nodeTypes.NodeWithIdentifier<N>.getId() [JavaParserEnumConstantDeclaration.java <47:38 47:42>]
SYMBOL_METHOD com.github.javaparser.ast.expr.SimpleName com.github.javaparser.ast.body.EnumConstantDeclaration.getName()
REFERENCE_CALL java.lang.String com.github.javaparser.symbolsolver.javaparsermodel.declarations.JavaParserEnumConstantDeclaration.getName() -> com.github.javaparser.ast.expr.SimpleName com.github.javaparser.ast.body.EnumConstantDeclaration.getName() [JavaParserEnumConstantDeclaration.java <47:28 47:34>]
SYMBOL_FIELD com.github.javaparser.ast.body.EnumConstantDeclaration com.github.javaparser.symbolsolver.javaparsermodel.declarations.JavaParserEnumConstantDeclaration.wrappedNode
REFERENCE_USAGE java.lang.String com.github.javaparser.symbolsolver.javaparsermodel.declarations.JavaParserEnumConstantDeclaration.getName() -> com.github.javaparser.ast.body.EnumConstantDeclaration com.github.javaparser.symbolsolver.javaparsermodel.declarations.JavaParserEnumConstantDeclaration.wrappedNode [JavaParserEnumConstantDeclaration.java <47:16 47:26>]
SYMBOL_METHOD public com.github.javaparser.ast.body.EnumConstantDeclaration com.github.javaparser.symbolsolver.javaparsermodel.declarations.JavaParserEnumConstantDeclaration.getWrappedNode() [JavaParserEnumConstantDeclaration.java <55:1 <55:67 55:80> 57:5>]
COMMENT: comment [JavaParserEnumConstantDeclaration.java <50:5 54:7>]
REFERENCE_TYPE_USAGE com.github.javaparser.ast.body.EnumConstantDeclaration com.github.javaparser.symbolsolver.javaparsermodel.declarations.JavaParserEnumConstantDeclaration.getWrappedNode() -> com.github.javaparser.ast.body.EnumConstantDeclaration [JavaParserEnumConstantDeclaration.java <55:12 55:65>]
LOCAL_SYMBOL: JavaParserEnumConstantDeclaration.java<55:84> [JavaParserEnumConstantDeclaration.java <55:84 55:84>]
LOCAL_SYMBOL: JavaParserEnumConstantDeclaration.java<55:84> [JavaParserEnumConstantDeclaration.java <57:5 57:5>]
SYMBOL_FIELD com.github.javaparser.ast.body.EnumConstantDeclaration com.github.javaparser.symbolsolver.javaparsermodel.declarations.JavaParserEnumConstantDeclaration.wrappedNode
REFERENCE_USAGE com.github.javaparser.ast.body.EnumConstantDeclaration com.github.javaparser.symbolsolver.javaparsermodel.declarations.JavaParserEnumConstantDeclaration.getWrappedNode() -> com.github.javaparser.ast.body.EnumConstantDeclaration com.github.javaparser.symbolsolver.javaparsermodel.declarations.JavaParserEnumConstantDeclaration.wrappedNode [JavaParserEnumConstantDeclaration.java <56:16 56:26>]
COMMENT: comment [JavaParserEnumConstantDeclaration.java <1:1 15:3>]
