FILE: ObjectProvider.java
SYMBOL_PACKAGE com.github.javaparser.symbolsolver.logic [ObjectProvider.java <17:9 17:48>]
SYMBOL_PACKAGE com.github.javaparser.symbolsolver
SYMBOL_PACKAGE com.github.javaparser
SYMBOL_PACKAGE com.github
SYMBOL_PACKAGE com
REFERENCE_IMPORT ObjectProvider.java -> com.github.javaparser.symbolsolver.model.typesystem.ReferenceType [ObjectProvider.java <19:8 19:72>]
SYMBOL_PACKAGE com.github.javaparser.symbolsolver.model.typesystem
SYMBOL_INTERFACE public com.github.javaparser.symbolsolver.logic.ObjectProvider [ObjectProvider.java <24:1 <24:18 24:31> 27:1>]
LOCAL_SYMBOL: ObjectProvider.java<24:33> [ObjectProvider.java <24:33 24:33>]
LOCAL_SYMBOL: ObjectProvider.java<24:33> [ObjectProvider.java <27:1 27:1>]
COMMENT: comment [ObjectProvider.java <21:1 23:3>]
SYMBOL_METHOD default com.github.javaparser.symbolsolver.model.typesystem.ReferenceType com.github.javaparser.symbolsolver.logic.ObjectProvider.object() [ObjectProvider.java <25:5 <25:19 25:24> 25:27>]
REFERENCE_TYPE_USAGE com.github.javaparser.symbolsolver.model.typesystem.ReferenceType com.github.javaparser.symbolsolver.logic.ObjectProvider.object() -> com.github.javaparser.symbolsolver.model.typesystem.ReferenceType [ObjectProvider.java <25:5 25:17>]
SYMBOL_METHOD default com.github.javaparser.symbolsolver.model.typesystem.ReferenceType com.github.javaparser.symbolsolver.logic.ObjectProvider.byName(java.lang.String) [ObjectProvider.java <26:5 <26:19 26:24> 26:39>]
REFERENCE_TYPE_USAGE com.github.javaparser.symbolsolver.model.typesystem.ReferenceType com.github.javaparser.symbolsolver.logic.ObjectProvider.byName(java.lang.String) -> com.github.javaparser.symbolsolver.model.typesystem.ReferenceType [ObjectProvider.java <26:5 26:17>]
REFERENCE_TYPE_USAGE com.github.javaparser.symbolsolver.model.typesystem.ReferenceType com.github.javaparser.symbolsolver.logic.ObjectProvider.byName(java.lang.String) -> java.lang.String [ObjectProvider.java <26:26 26:31>]
LOCAL_SYMBOL: com.github.javaparser.symbolsolver.logic.ObjectProvider.byName<0> [ObjectProvider.java <26:33 26:37>]
COMMENT: comment [ObjectProvider.java <1:1 15:3>]
