FILE: FieldDeclaration.java
SYMBOL_PACKAGE com.github.javaparser.symbolsolver.model.declarations [FieldDeclaration.java <17:50 17:61>]
SYMBOL_PACKAGE com.github.javaparser.symbolsolver.model
SYMBOL_PACKAGE com.github.javaparser.symbolsolver
SYMBOL_PACKAGE com.github.javaparser
SYMBOL_PACKAGE com.github
SYMBOL_PACKAGE com
QUALIFIER: com.github.javaparser.symbolsolver.model [FieldDeclaration.java <17:44 17:48>]
QUALIFIER: com.github.javaparser.symbolsolver [FieldDeclaration.java <17:31 17:42>]
QUALIFIER: com.github.javaparser [FieldDeclaration.java <17:20 17:29>]
QUALIFIER: com.github [FieldDeclaration.java <17:13 17:18>]
QUALIFIER: com [FieldDeclaration.java <17:9 17:11>]
SYMBOL_INTERFACE public com.github.javaparser.symbolsolver.model.declarations.FieldDeclaration [FieldDeclaration.java <24:1 <24:18 24:33> 46:1>]
LOCAL_SYMBOL: FieldDeclaration.java<24:76> [FieldDeclaration.java <24:76 24:76>]
LOCAL_SYMBOL: FieldDeclaration.java<24:76> [FieldDeclaration.java <46:1 46:1>]
COMMENT: comment [FieldDeclaration.java <19:1 23:3>]
REFERENCE_INHERITANCE com.github.javaparser.symbolsolver.model.declarations.FieldDeclaration -> com.github.javaparser.symbolsolver.model.declarations.ValueDeclaration [FieldDeclaration.java <24:43 24:58>]
REFERENCE_INHERITANCE com.github.javaparser.symbolsolver.model.declarations.FieldDeclaration -> com.github.javaparser.symbolsolver.model.declarations.HasAccessLevel [FieldDeclaration.java <24:61 24:74>]
SYMBOL_METHOD default boolean com.github.javaparser.symbolsolver.model.declarations.FieldDeclaration.isStatic() [FieldDeclaration.java <29:1 <29:1  <29:13 29:20> 29:22> 29:23>]
COMMENT: comment [FieldDeclaration.java <26:5 28:7>]
SYMBOL_BUILTIN_TYPE boolean
REFERENCE_TYPE_USAGE boolean com.github.javaparser.symbolsolver.model.declarations.FieldDeclaration.isStatic() -> boolean [FieldDeclaration.java <29:5 29:11>]
SYMBOL_METHOD default boolean com.github.javaparser.symbolsolver.model.declarations.FieldDeclaration.isField() [FieldDeclaration.java <31:5 <31:5  <32:21 32:27> 32:29> 34:5>]
SYMBOL_METHOD boolean com.github.javaparser.symbolsolver.model.declarations.Declaration.isField()
REFERENCE_OVERRIDE boolean com.github.javaparser.symbolsolver.model.declarations.FieldDeclaration.isField() -> boolean com.github.javaparser.symbolsolver.model.declarations.Declaration.isField() [FieldDeclaration.java <32:21 32:27>]
REFERENCE_TYPE_USAGE boolean com.github.javaparser.symbolsolver.model.declarations.FieldDeclaration.isField() -> boolean [FieldDeclaration.java <32:13 32:19>]
LOCAL_SYMBOL: FieldDeclaration.java<32:31> [FieldDeclaration.java <32:31 32:31>]
LOCAL_SYMBOL: FieldDeclaration.java<32:31> [FieldDeclaration.java <34:5 34:5>]
SYMBOL_METHOD default com.github.javaparser.symbolsolver.model.declarations.FieldDeclaration com.github.javaparser.symbolsolver.model.declarations.FieldDeclaration.asField() [FieldDeclaration.java <36:5 <36:5  <37:30 37:36> 37:38> 39:5>]
SYMBOL_METHOD com.github.javaparser.symbolsolver.model.declarations.FieldDeclaration com.github.javaparser.symbolsolver.model.declarations.Declaration.asField()
REFERENCE_OVERRIDE com.github.javaparser.symbolsolver.model.declarations.FieldDeclaration com.github.javaparser.symbolsolver.model.declarations.FieldDeclaration.asField() -> com.github.javaparser.symbolsolver.model.declarations.FieldDeclaration com.github.javaparser.symbolsolver.model.declarations.Declaration.asField() [FieldDeclaration.java <37:30 37:36>]
REFERENCE_TYPE_USAGE com.github.javaparser.symbolsolver.model.declarations.FieldDeclaration com.github.javaparser.symbolsolver.model.declarations.FieldDeclaration.asField() -> com.github.javaparser.symbolsolver.model.declarations.FieldDeclaration [FieldDeclaration.java <37:13 37:28>]
LOCAL_SYMBOL: FieldDeclaration.java<37:40> [FieldDeclaration.java <37:40 37:40>]
LOCAL_SYMBOL: FieldDeclaration.java<37:40> [FieldDeclaration.java <39:5 39:5>]
SYMBOL_METHOD default com.github.javaparser.symbolsolver.model.declarations.TypeDeclaration com.github.javaparser.symbolsolver.model.declarations.FieldDeclaration.declaringType() [FieldDeclaration.java <44:1 <44:1  <44:21 44:33> 44:35> 44:36>]
COMMENT: comment [FieldDeclaration.java <41:5 43:7>]
REFERENCE_TYPE_USAGE com.github.javaparser.symbolsolver.model.declarations.TypeDeclaration com.github.javaparser.symbolsolver.model.declarations.FieldDeclaration.declaringType() -> com.github.javaparser.symbolsolver.model.declarations.TypeDeclaration [FieldDeclaration.java <44:5 44:19>]
COMMENT: comment [FieldDeclaration.java <1:1 15:3>]
