FILE: CatchClauseContext.java
SYMBOL_PACKAGE: com.github.javaparser.symbolsolver.javaparsermodel.contexts [ <1:60 1:67>]
QUALIFIER: com.github.javaparser.symbolsolver.javaparsermodel [ <1:44 1:58>]
QUALIFIER: com.github.javaparser.symbolsolver.javaparsermodel [ <4:43 4:57>]
SYMBOL_PACKAGE: com.github.javaparser.symbolsolver.javaparsermodel
QUALIFIER: com.github.javaparser.symbolsolver [ <1:31 1:42>]
QUALIFIER: com.github.javaparser.symbolsolver [ <4:30 4:41>]
QUALIFIER: com.github.javaparser.symbolsolver [ <5:30 5:41>]
QUALIFIER: com.github.javaparser.symbolsolver [ <6:30 6:41>]
QUALIFIER: com.github.javaparser.symbolsolver [ <7:30 7:41>]
QUALIFIER: com.github.javaparser.symbolsolver [ <8:30 8:41>]
QUALIFIER: com.github.javaparser.symbolsolver [ <9:30 9:41>]
QUALIFIER: com.github.javaparser.symbolsolver [ <10:30 10:41>]
QUALIFIER: com.github.javaparser.symbolsolver [ <11:30 11:41>]
SYMBOL_PACKAGE: com.github.javaparser.symbolsolver
QUALIFIER: com.github.javaparser [ <1:20 1:29>]
QUALIFIER: com.github.javaparser [ <3:19 3:28>]
QUALIFIER: com.github.javaparser [ <4:19 4:28>]
QUALIFIER: com.github.javaparser [ <5:19 5:28>]
QUALIFIER: com.github.javaparser [ <6:19 6:28>]
QUALIFIER: com.github.javaparser [ <7:19 7:28>]
QUALIFIER: com.github.javaparser [ <8:19 8:28>]
QUALIFIER: com.github.javaparser [ <9:19 9:28>]
QUALIFIER: com.github.javaparser [ <10:19 10:28>]
QUALIFIER: com.github.javaparser [ <11:19 11:28>]
SYMBOL_PACKAGE: com.github.javaparser
QUALIFIER: com.github [ <1:13 1:18>]
QUALIFIER: com.github [ <3:12 3:17>]
QUALIFIER: com.github [ <4:12 4:17>]
QUALIFIER: com.github [ <5:12 5:17>]
QUALIFIER: com.github [ <6:12 6:17>]
QUALIFIER: com.github [ <7:12 7:17>]
QUALIFIER: com.github [ <8:12 8:17>]
QUALIFIER: com.github [ <9:12 9:17>]
QUALIFIER: com.github [ <10:12 10:17>]
QUALIFIER: com.github [ <11:12 11:17>]
SYMBOL_PACKAGE: com.github
QUALIFIER: com [ <1:9 1:11>]
QUALIFIER: com [ <3:8 3:10>]
QUALIFIER: com [ <4:8 4:10>]
QUALIFIER: com [ <5:8 5:10>]
QUALIFIER: com [ <6:8 6:10>]
QUALIFIER: com [ <7:8 7:10>]
QUALIFIER: com [ <8:8 8:10>]
QUALIFIER: com [ <9:8 9:10>]
QUALIFIER: com [ <10:8 10:10>]
QUALIFIER: com [ <11:8 11:10>]
SYMBOL_PACKAGE: com
QUALIFIER: com.github.javaparser.ast.stmt [ <3:34 3:37>]
SYMBOL_PACKAGE: com.github.javaparser.ast.stmt
QUALIFIER: com.github.javaparser.ast [ <3:30 3:32>]
SYMBOL_PACKAGE: com.github.javaparser.ast
QUALIFIER: com.github.javaparser.symbolsolver.javaparsermodel.JavaParserFactory [ <26:31 26:47>]
QUALIFIER: com.github.javaparser.symbolsolver.javaparsermodel.JavaParserFactory [ <38:31 38:47>]
QUALIFIER: com.github.javaparser.symbolsolver.model.declarations [ <5:49 5:60>]
QUALIFIER: com.github.javaparser.symbolsolver.model.declarations [ <6:49 6:60>]
SYMBOL_PACKAGE: com.github.javaparser.symbolsolver.model.declarations
QUALIFIER: com.github.javaparser.symbolsolver.model [ <5:43 5:47>]
QUALIFIER: com.github.javaparser.symbolsolver.model [ <6:43 6:47>]
QUALIFIER: com.github.javaparser.symbolsolver.model [ <7:43 7:47>]
QUALIFIER: com.github.javaparser.symbolsolver.model [ <8:43 8:47>]
QUALIFIER: com.github.javaparser.symbolsolver.model [ <9:43 9:47>]
QUALIFIER: com.github.javaparser.symbolsolver.model [ <10:43 10:47>]
SYMBOL_PACKAGE: com.github.javaparser.symbolsolver.model
QUALIFIER: com.github.javaparser.symbolsolver.model.resolution [ <7:49 7:58>]
QUALIFIER: com.github.javaparser.symbolsolver.model.resolution [ <8:49 8:58>]
QUALIFIER: com.github.javaparser.symbolsolver.model.resolution [ <9:49 9:58>]
SYMBOL_PACKAGE: com.github.javaparser.symbolsolver.model.resolution
QUALIFIER: com.github.javaparser.symbolsolver.model.typesystem [ <10:49 10:58>]
SYMBOL_PACKAGE: com.github.javaparser.symbolsolver.model.typesystem
QUALIFIER: com.github.javaparser.symbolsolver.resolution [ <11:43 11:52>]
SYMBOL_PACKAGE: com.github.javaparser.symbolsolver.resolution
QUALIFIER: java.util [ <13:13 13:16>]
QUALIFIER: java.util [ <14:13 14:16>]
SYMBOL_PACKAGE: java.util
QUALIFIER: java [ <13:8 13:11>]
QUALIFIER: java [ <14:8 14:11>]
SYMBOL_PACKAGE: java
SYMBOL_CLASS: public com.github.javaparser.symbolsolver.javaparsermodel.contexts.CatchClauseContext [ <19:1 <19:14 19:31> 54:1>]
SYMBOL_METHOD: public com.github.javaparser.symbolsolver.javaparsermodel.contexts.CatchClauseContext.CatchClauseContext(com.github.javaparser.ast.stmt.CatchClause, com.github.javaparser.symbolsolver.model.resolution.TypeSolver) [ <21:5 <21:5 <21:12 21:29> 21:77> 23:5>]
SYMBOL_METHOD: com.github.javaparser.symbolsolver.javaparsermodel.contexts.AbstractJavaParserContext<N>.AbstractJavaParserContext(com.github.javaparser.symbolsolver.javaparsermodel.contexts.AbstractJavaParserContext<N>.N, com.github.javaparser.symbolsolver.model.resolution.TypeSolver)
SYMBOL_METHOD: public com.github.javaparser.symbolsolver.model.resolution.SymbolReference<? extends ValueDeclaration> com.github.javaparser.symbolsolver.javaparsermodel.contexts.CatchClauseContext.solveSymbol(java.lang.String, com.github.javaparser.symbolsolver.model.resolution.TypeSolver) [ <25:5 <25:5 <25:62 25:72> 25:108> 34:5>]
SYMBOL_METHOD: com.github.javaparser.symbolsolver.model.resolution.SymbolReference<? extends ValueDeclaration> com.github.javaparser.symbolsolver.core.resolution.Context.solveSymbol(java.lang.String, com.github.javaparser.symbolsolver.model.resolution.TypeSolver)
SYMBOL_PACKAGE: java.lang
SYMBOL_METHOD: static com.github.javaparser.symbolsolver.resolution.SymbolDeclarator com.github.javaparser.symbolsolver.javaparsermodel.JavaParserFactory.getSymbolDeclarator(com.github.javaparser.ast.Node, com.github.javaparser.symbolsolver.model.resolution.TypeSolver)
SYMBOL_METHOD: com.github.javaparser.ast.body.Parameter com.github.javaparser.ast.stmt.CatchClause.getParameter()
SYMBOL_FIELD: com.github.javaparser.symbolsolver.javaparsermodel.contexts.AbstractJavaParserContext<N>.N com.github.javaparser.symbolsolver.javaparsermodel.contexts.AbstractJavaParserContext<N>.wrappedNode
SYMBOL_METHOD: static com.github.javaparser.symbolsolver.model.resolution.SymbolReference<com.github.javaparser.symbolsolver.model.declarations.ValueDeclaration> com.github.javaparser.symbolsolver.javaparsermodel.contexts.AbstractJavaParserContext<N>.solveWith(com.github.javaparser.symbolsolver.resolution.SymbolDeclarator, java.lang.String)
QUALIFIER: com.github.javaparser.symbolsolver.javaparsermodel.contexts.AbstractJavaParserContext [ <27:71 27:95>]
SYMBOL_METHOD: boolean com.github.javaparser.symbolsolver.model.resolution.SymbolReference<S>.isSolved()
SYMBOL_METHOD: com.github.javaparser.symbolsolver.core.resolution.Context com.github.javaparser.symbolsolver.javaparsermodel.contexts.AbstractJavaParserContext<N>.getParent()
SYMBOL_METHOD: public java.util.Optional<com.github.javaparser.symbolsolver.model.resolution.Value> com.github.javaparser.symbolsolver.javaparsermodel.contexts.CatchClauseContext.solveSymbolAsValue(java.lang.String, com.github.javaparser.symbolsolver.model.resolution.TypeSolver) [ <36:5 <36:5 <37:34 37:51> 37:87> 47:5>]
SYMBOL_METHOD: java.util.Optional<com.github.javaparser.symbolsolver.model.resolution.Value> com.github.javaparser.symbolsolver.core.resolution.Context.solveSymbolAsValue(java.lang.String, com.github.javaparser.symbolsolver.model.resolution.TypeSolver)
SYMBOL_METHOD: java.util.Optional<com.github.javaparser.symbolsolver.model.resolution.Value> com.github.javaparser.symbolsolver.javaparsermodel.contexts.AbstractJavaParserContext<N>.solveWithAsValue(com.github.javaparser.symbolsolver.resolution.SymbolDeclarator, java.lang.String, com.github.javaparser.symbolsolver.model.resolution.TypeSolver)
SYMBOL_METHOD: boolean java.util.Optional<T>.isPresent()
SYMBOL_METHOD: public com.github.javaparser.symbolsolver.model.resolution.SymbolReference<com.github.javaparser.symbolsolver.model.declarations.MethodDeclaration> com.github.javaparser.symbolsolver.javaparsermodel.contexts.CatchClauseContext.solveMethod(java.lang.String, java.util.List<com.github.javaparser.symbolsolver.model.typesystem.Type>, boolean, com.github.javaparser.symbolsolver.model.resolution.TypeSolver) [ <49:5 <49:5 <50:53 50:63> 51:94> 53:5>]
SYMBOL_METHOD: com.github.javaparser.symbolsolver.model.resolution.SymbolReference<com.github.javaparser.symbolsolver.model.declarations.MethodDeclaration> com.github.javaparser.symbolsolver.core.resolution.Context.solveMethod(java.lang.String, java.util.List<com.github.javaparser.symbolsolver.model.typesystem.Type>, boolean, com.github.javaparser.symbolsolver.model.resolution.TypeSolver)
SYMBOL_BUILTIN_TYPE: boolean
REFERENCE_IMPORT: CatchClauseContext.java -> com.github.javaparser.ast.stmt.CatchClause [ <3:39 3:49>]
REFERENCE_IMPORT: CatchClauseContext.java -> com.github.javaparser.symbolsolver.javaparsermodel.JavaParserFactory [ <4:59 4:75>]
REFERENCE_IMPORT: CatchClauseContext.java -> com.github.javaparser.symbolsolver.model.declarations.MethodDeclaration [ <5:62 5:78>]
REFERENCE_IMPORT: CatchClauseContext.java -> com.github.javaparser.symbolsolver.model.declarations.ValueDeclaration [ <6:62 6:77>]
REFERENCE_IMPORT: CatchClauseContext.java -> com.github.javaparser.symbolsolver.model.resolution.SymbolReference<S> [ <7:60 7:74>]
REFERENCE_IMPORT: CatchClauseContext.java -> com.github.javaparser.symbolsolver.model.resolution.TypeSolver [ <8:60 8:69>]
REFERENCE_IMPORT: CatchClauseContext.java -> com.github.javaparser.symbolsolver.model.resolution.Value [ <9:60 9:64>]
REFERENCE_IMPORT: CatchClauseContext.java -> com.github.javaparser.symbolsolver.model.typesystem.Type [ <10:60 10:63>]
REFERENCE_IMPORT: CatchClauseContext.java -> com.github.javaparser.symbolsolver.resolution.SymbolDeclarator [ <11:54 11:69>]
REFERENCE_IMPORT: CatchClauseContext.java -> java.util.List<E> [ <13:18 13:21>]
REFERENCE_IMPORT: CatchClauseContext.java -> java.util.Optional<T> [ <14:18 14:25>]
REFERENCE_TYPE_ARGUMENT: com.github.javaparser.symbolsolver.javaparsermodel.contexts.AbstractJavaParserContext<N> -> com.github.javaparser.ast.stmt.CatchClause [ <19:67 19:77>]
REFERENCE_INHERITANCE: com.github.javaparser.symbolsolver.javaparsermodel.contexts.CatchClauseContext -> com.github.javaparser.symbolsolver.javaparsermodel.contexts.AbstractJavaParserContext<N> [ <19:41 19:65>]
REFERENCE_TYPE_USAGE: com.github.javaparser.symbolsolver.javaparsermodel.contexts.CatchClauseContext -> com.github.javaparser.ast.stmt.CatchClause [ <19:67 19:77>]
REFERENCE_OVERRIDE: com.github.javaparser.symbolsolver.javaparsermodel.contexts.CatchClauseContext.CatchClauseContext(com.github.javaparser.ast.stmt.CatchClause, com.github.javaparser.symbolsolver.model.resolution.TypeSolver) -> com.github.javaparser.symbolsolver.javaparsermodel.contexts.AbstractJavaParserContext<N>.AbstractJavaParserContext(com.github.javaparser.symbolsolver.javaparsermodel.contexts.AbstractJavaParserContext<N>.N, com.github.javaparser.symbolsolver.model.resolution.TypeSolver) [ <21:12 21:29>]
REFERENCE_TYPE_USAGE: com.github.javaparser.symbolsolver.javaparsermodel.contexts.CatchClauseContext.CatchClauseContext(com.github.javaparser.ast.stmt.CatchClause, com.github.javaparser.symbolsolver.model.resolution.TypeSolver) -> com.github.javaparser.ast.stmt.CatchClause [ <21:31 21:41>]
REFERENCE_TYPE_USAGE: com.github.javaparser.symbolsolver.javaparsermodel.contexts.CatchClauseContext.CatchClauseContext(com.github.javaparser.ast.stmt.CatchClause, com.github.javaparser.symbolsolver.model.resolution.TypeSolver) -> com.github.javaparser.symbolsolver.model.resolution.TypeSolver [ <21:56 21:65>]
REFERENCE_CALL: com.github.javaparser.symbolsolver.javaparsermodel.contexts.CatchClauseContext.CatchClauseContext(com.github.javaparser.ast.stmt.CatchClause, com.github.javaparser.symbolsolver.model.resolution.TypeSolver) -> com.github.javaparser.symbolsolver.javaparsermodel.contexts.AbstractJavaParserContext<N>.AbstractJavaParserContext(com.github.javaparser.symbolsolver.javaparsermodel.contexts.AbstractJavaParserContext<N>.N, com.github.javaparser.symbolsolver.model.resolution.TypeSolver) [ <22:9 22:13>]
REFERENCE_OVERRIDE: com.github.javaparser.symbolsolver.model.resolution.SymbolReference<? extends ValueDeclaration> com.github.javaparser.symbolsolver.javaparsermodel.contexts.CatchClauseContext.solveSymbol(java.lang.String, com.github.javaparser.symbolsolver.model.resolution.TypeSolver) -> com.github.javaparser.symbolsolver.model.resolution.SymbolReference<? extends ValueDeclaration> com.github.javaparser.symbolsolver.core.resolution.Context.solveSymbol(java.lang.String, com.github.javaparser.symbolsolver.model.resolution.TypeSolver) [ <25:62 25:72>]
REFERENCE_TYPE_ARGUMENT: com.github.javaparser.symbolsolver.model.resolution.SymbolReference<S> -> ? extends ValueDeclaration [ <25:34 25:59>]
REFERENCE_TYPE_ARGUMENT: com.github.javaparser.symbolsolver.model.resolution.SymbolReference<S> -> ? extends ValueDeclaration [ <27:25 27:50>]
REFERENCE_TYPE_USAGE: com.github.javaparser.symbolsolver.model.resolution.SymbolReference<? extends ValueDeclaration> com.github.javaparser.symbolsolver.javaparsermodel.contexts.CatchClauseContext.solveSymbol(java.lang.String, com.github.javaparser.symbolsolver.model.resolution.TypeSolver) -> com.github.javaparser.symbolsolver.model.resolution.SymbolReference<S> [ <25:18 25:32>]
REFERENCE_TYPE_USAGE: com.github.javaparser.symbolsolver.model.resolution.SymbolReference<? extends ValueDeclaration> com.github.javaparser.symbolsolver.javaparsermodel.contexts.CatchClauseContext.solveSymbol(java.lang.String, com.github.javaparser.symbolsolver.model.resolution.TypeSolver) -> com.github.javaparser.symbolsolver.model.resolution.SymbolReference<S> [ <27:9 27:23>]
REFERENCE_TYPE_USAGE: com.github.javaparser.symbolsolver.model.resolution.SymbolReference<? extends ValueDeclaration> com.github.javaparser.symbolsolver.javaparsermodel.contexts.CatchClauseContext.solveSymbol(java.lang.String, com.github.javaparser.symbolsolver.model.resolution.TypeSolver) -> com.github.javaparser.symbolsolver.model.declarations.ValueDeclaration [ <25:44 25:59>]
REFERENCE_TYPE_USAGE: com.github.javaparser.symbolsolver.model.resolution.SymbolReference<? extends ValueDeclaration> com.github.javaparser.symbolsolver.javaparsermodel.contexts.CatchClauseContext.solveSymbol(java.lang.String, com.github.javaparser.symbolsolver.model.resolution.TypeSolver) -> com.github.javaparser.symbolsolver.model.declarations.ValueDeclaration [ <27:35 27:50>]
REFERENCE_TYPE_USAGE: com.github.javaparser.symbolsolver.model.resolution.SymbolReference<? extends ValueDeclaration> com.github.javaparser.symbolsolver.javaparsermodel.contexts.CatchClauseContext.solveSymbol(java.lang.String, com.github.javaparser.symbolsolver.model.resolution.TypeSolver) -> java.lang.String [ <25:74 25:79>]
REFERENCE_TYPE_USAGE: com.github.javaparser.symbolsolver.model.resolution.SymbolReference<? extends ValueDeclaration> com.github.javaparser.symbolsolver.javaparsermodel.contexts.CatchClauseContext.solveSymbol(java.lang.String, com.github.javaparser.symbolsolver.model.resolution.TypeSolver) -> com.github.javaparser.symbolsolver.model.resolution.TypeSolver [ <25:87 25:96>]
REFERENCE_TYPE_USAGE: com.github.javaparser.symbolsolver.model.resolution.SymbolReference<? extends ValueDeclaration> com.github.javaparser.symbolsolver.javaparsermodel.contexts.CatchClauseContext.solveSymbol(java.lang.String, com.github.javaparser.symbolsolver.model.resolution.TypeSolver) -> com.github.javaparser.symbolsolver.resolution.SymbolDeclarator [ <26:9 26:24>]
REFERENCE_CALL: com.github.javaparser.symbolsolver.model.resolution.SymbolReference<? extends ValueDeclaration> com.github.javaparser.symbolsolver.javaparsermodel.contexts.CatchClauseContext.solveSymbol(java.lang.String, com.github.javaparser.symbolsolver.model.resolution.TypeSolver) -> static com.github.javaparser.symbolsolver.resolution.SymbolDeclarator com.github.javaparser.symbolsolver.javaparsermodel.JavaParserFactory.getSymbolDeclarator(com.github.javaparser.ast.Node, com.github.javaparser.symbolsolver.model.resolution.TypeSolver) [ <26:49 26:67>]
REFERENCE_CALL: com.github.javaparser.symbolsolver.model.resolution.SymbolReference<? extends ValueDeclaration> com.github.javaparser.symbolsolver.javaparsermodel.contexts.CatchClauseContext.solveSymbol(java.lang.String, com.github.javaparser.symbolsolver.model.resolution.TypeSolver) -> com.github.javaparser.ast.body.Parameter com.github.javaparser.ast.stmt.CatchClause.getParameter() [ <26:81 26:92>]
REFERENCE_USAGE: com.github.javaparser.symbolsolver.model.resolution.SymbolReference<? extends ValueDeclaration> com.github.javaparser.symbolsolver.javaparsermodel.contexts.CatchClauseContext.solveSymbol(java.lang.String, com.github.javaparser.symbolsolver.model.resolution.TypeSolver) -> com.github.javaparser.symbolsolver.javaparsermodel.contexts.AbstractJavaParserContext<N>.N com.github.javaparser.symbolsolver.javaparsermodel.contexts.AbstractJavaParserContext<N>.wrappedNode [ <26:69 26:79>]
REFERENCE_CALL: com.github.javaparser.symbolsolver.model.resolution.SymbolReference<? extends ValueDeclaration> com.github.javaparser.symbolsolver.javaparsermodel.contexts.CatchClauseContext.solveSymbol(java.lang.String, com.github.javaparser.symbolsolver.model.resolution.TypeSolver) -> static com.github.javaparser.symbolsolver.model.resolution.SymbolReference<com.github.javaparser.symbolsolver.model.declarations.ValueDeclaration> com.github.javaparser.symbolsolver.javaparsermodel.contexts.AbstractJavaParserContext<N>.solveWith(com.github.javaparser.symbolsolver.resolution.SymbolDeclarator, java.lang.String) [ <27:97 27:105>]
REFERENCE_CALL: com.github.javaparser.symbolsolver.model.resolution.SymbolReference<? extends ValueDeclaration> com.github.javaparser.symbolsolver.javaparsermodel.contexts.CatchClauseContext.solveSymbol(java.lang.String, com.github.javaparser.symbolsolver.model.resolution.TypeSolver) -> boolean com.github.javaparser.symbolsolver.model.resolution.SymbolReference<S>.isSolved() [ <28:29 28:36>]
REFERENCE_CALL: com.github.javaparser.symbolsolver.model.resolution.SymbolReference<? extends ValueDeclaration> com.github.javaparser.symbolsolver.javaparsermodel.contexts.CatchClauseContext.solveSymbol(java.lang.String, com.github.javaparser.symbolsolver.model.resolution.TypeSolver) -> com.github.javaparser.symbolsolver.model.resolution.SymbolReference<? extends ValueDeclaration> com.github.javaparser.symbolsolver.core.resolution.Context.solveSymbol(java.lang.String, com.github.javaparser.symbolsolver.model.resolution.TypeSolver) [ <33:28 33:38>]
REFERENCE_CALL: com.github.javaparser.symbolsolver.model.resolution.SymbolReference<? extends ValueDeclaration> com.github.javaparser.symbolsolver.javaparsermodel.contexts.CatchClauseContext.solveSymbol(java.lang.String, com.github.javaparser.symbolsolver.model.resolution.TypeSolver) -> com.github.javaparser.symbolsolver.core.resolution.Context com.github.javaparser.symbolsolver.javaparsermodel.contexts.AbstractJavaParserContext<N>.getParent() [ <33:16 33:24>]
REFERENCE_OVERRIDE: java.util.Optional<com.github.javaparser.symbolsolver.model.resolution.Value> com.github.javaparser.symbolsolver.javaparsermodel.contexts.CatchClauseContext.solveSymbolAsValue(java.lang.String, com.github.javaparser.symbolsolver.model.resolution.TypeSolver) -> java.util.Optional<com.github.javaparser.symbolsolver.model.resolution.Value> com.github.javaparser.symbolsolver.core.resolution.Context.solveSymbolAsValue(java.lang.String, com.github.javaparser.symbolsolver.model.resolution.TypeSolver) [ <37:34 37:51>]
REFERENCE_ANNOTATION_USAGE: java.util.Optional<com.github.javaparser.symbolsolver.model.resolution.Value> com.github.javaparser.symbolsolver.javaparsermodel.contexts.CatchClauseContext.solveSymbolAsValue(java.lang.String, com.github.javaparser.symbolsolver.model.resolution.TypeSolver) -> java.lang.Override [ <36:6 36:13>]
REFERENCE_TYPE_ARGUMENT: java.util.Optional<T> -> com.github.javaparser.symbolsolver.model.resolution.Value [ <37:27 37:31>]
REFERENCE_TYPE_ARGUMENT: java.util.Optional<T> -> com.github.javaparser.symbolsolver.model.resolution.Value [ <39:18 39:22>]
REFERENCE_TYPE_USAGE: java.util.Optional<com.github.javaparser.symbolsolver.model.resolution.Value> com.github.javaparser.symbolsolver.javaparsermodel.contexts.CatchClauseContext.solveSymbolAsValue(java.lang.String, com.github.javaparser.symbolsolver.model.resolution.TypeSolver) -> java.util.Optional<T> [ <37:18 37:25>]
REFERENCE_TYPE_USAGE: java.util.Optional<com.github.javaparser.symbolsolver.model.resolution.Value> com.github.javaparser.symbolsolver.javaparsermodel.contexts.CatchClauseContext.solveSymbolAsValue(java.lang.String, com.github.javaparser.symbolsolver.model.resolution.TypeSolver) -> java.util.Optional<T> [ <39:9 39:16>]
REFERENCE_TYPE_USAGE: java.util.Optional<com.github.javaparser.symbolsolver.model.resolution.Value> com.github.javaparser.symbolsolver.javaparsermodel.contexts.CatchClauseContext.solveSymbolAsValue(java.lang.String, com.github.javaparser.symbolsolver.model.resolution.TypeSolver) -> com.github.javaparser.symbolsolver.model.resolution.Value [ <37:27 37:31>]
REFERENCE_TYPE_USAGE: java.util.Optional<com.github.javaparser.symbolsolver.model.resolution.Value> com.github.javaparser.symbolsolver.javaparsermodel.contexts.CatchClauseContext.solveSymbolAsValue(java.lang.String, com.github.javaparser.symbolsolver.model.resolution.TypeSolver) -> com.github.javaparser.symbolsolver.model.resolution.Value [ <39:18 39:22>]
REFERENCE_TYPE_USAGE: java.util.Optional<com.github.javaparser.symbolsolver.model.resolution.Value> com.github.javaparser.symbolsolver.javaparsermodel.contexts.CatchClauseContext.solveSymbolAsValue(java.lang.String, com.github.javaparser.symbolsolver.model.resolution.TypeSolver) -> java.lang.String [ <37:53 37:58>]
REFERENCE_TYPE_USAGE: java.util.Optional<com.github.javaparser.symbolsolver.model.resolution.Value> com.github.javaparser.symbolsolver.javaparsermodel.contexts.CatchClauseContext.solveSymbolAsValue(java.lang.String, com.github.javaparser.symbolsolver.model.resolution.TypeSolver) -> com.github.javaparser.symbolsolver.model.resolution.TypeSolver [ <37:66 37:75>]
REFERENCE_TYPE_USAGE: java.util.Optional<com.github.javaparser.symbolsolver.model.resolution.Value> com.github.javaparser.symbolsolver.javaparsermodel.contexts.CatchClauseContext.solveSymbolAsValue(java.lang.String, com.github.javaparser.symbolsolver.model.resolution.TypeSolver) -> com.github.javaparser.symbolsolver.resolution.SymbolDeclarator [ <38:9 38:24>]
REFERENCE_CALL: java.util.Optional<com.github.javaparser.symbolsolver.model.resolution.Value> com.github.javaparser.symbolsolver.javaparsermodel.contexts.CatchClauseContext.solveSymbolAsValue(java.lang.String, com.github.javaparser.symbolsolver.model.resolution.TypeSolver) -> static com.github.javaparser.symbolsolver.resolution.SymbolDeclarator com.github.javaparser.symbolsolver.javaparsermodel.JavaParserFactory.getSymbolDeclarator(com.github.javaparser.ast.Node, com.github.javaparser.symbolsolver.model.resolution.TypeSolver) [ <38:49 38:67>]
REFERENCE_CALL: java.util.Optional<com.github.javaparser.symbolsolver.model.resolution.Value> com.github.javaparser.symbolsolver.javaparsermodel.contexts.CatchClauseContext.solveSymbolAsValue(java.lang.String, com.github.javaparser.symbolsolver.model.resolution.TypeSolver) -> com.github.javaparser.ast.body.Parameter com.github.javaparser.ast.stmt.CatchClause.getParameter() [ <38:81 38:92>]
REFERENCE_USAGE: java.util.Optional<com.github.javaparser.symbolsolver.model.resolution.Value> com.github.javaparser.symbolsolver.javaparsermodel.contexts.CatchClauseContext.solveSymbolAsValue(java.lang.String, com.github.javaparser.symbolsolver.model.resolution.TypeSolver) -> com.github.javaparser.symbolsolver.javaparsermodel.contexts.AbstractJavaParserContext<N>.N com.github.javaparser.symbolsolver.javaparsermodel.contexts.AbstractJavaParserContext<N>.wrappedNode [ <38:69 38:79>]
REFERENCE_CALL: java.util.Optional<com.github.javaparser.symbolsolver.model.resolution.Value> com.github.javaparser.symbolsolver.javaparsermodel.contexts.CatchClauseContext.solveSymbolAsValue(java.lang.String, com.github.javaparser.symbolsolver.model.resolution.TypeSolver) -> java.util.Optional<com.github.javaparser.symbolsolver.model.resolution.Value> com.github.javaparser.symbolsolver.javaparsermodel.contexts.AbstractJavaParserContext<N>.solveWithAsValue(com.github.javaparser.symbolsolver.resolution.SymbolDeclarator, java.lang.String, com.github.javaparser.symbolsolver.model.resolution.TypeSolver) [ <39:43 39:58>]
REFERENCE_CALL: java.util.Optional<com.github.javaparser.symbolsolver.model.resolution.Value> com.github.javaparser.symbolsolver.javaparsermodel.contexts.CatchClauseContext.solveSymbolAsValue(java.lang.String, com.github.javaparser.symbolsolver.model.resolution.TypeSolver) -> boolean java.util.Optional<T>.isPresent() [ <40:29 40:37>]
REFERENCE_CALL: java.util.Optional<com.github.javaparser.symbolsolver.model.resolution.Value> com.github.javaparser.symbolsolver.javaparsermodel.contexts.CatchClauseContext.solveSymbolAsValue(java.lang.String, com.github.javaparser.symbolsolver.model.resolution.TypeSolver) -> java.util.Optional<com.github.javaparser.symbolsolver.model.resolution.Value> com.github.javaparser.symbolsolver.core.resolution.Context.solveSymbolAsValue(java.lang.String, com.github.javaparser.symbolsolver.model.resolution.TypeSolver) [ <46:28 46:45>]
REFERENCE_CALL: java.util.Optional<com.github.javaparser.symbolsolver.model.resolution.Value> com.github.javaparser.symbolsolver.javaparsermodel.contexts.CatchClauseContext.solveSymbolAsValue(java.lang.String, com.github.javaparser.symbolsolver.model.resolution.TypeSolver) -> com.github.javaparser.symbolsolver.core.resolution.Context com.github.javaparser.symbolsolver.javaparsermodel.contexts.AbstractJavaParserContext<N>.getParent() [ <46:16 46:24>]
REFERENCE_OVERRIDE: com.github.javaparser.symbolsolver.model.resolution.SymbolReference<com.github.javaparser.symbolsolver.model.declarations.MethodDeclaration> com.github.javaparser.symbolsolver.javaparsermodel.contexts.CatchClauseContext.solveMethod(java.lang.String, java.util.List<com.github.javaparser.symbolsolver.model.typesystem.Type>, boolean, com.github.javaparser.symbolsolver.model.resolution.TypeSolver) -> com.github.javaparser.symbolsolver.model.resolution.SymbolReference<com.github.javaparser.symbolsolver.model.declarations.MethodDeclaration> com.github.javaparser.symbolsolver.core.resolution.Context.solveMethod(java.lang.String, java.util.List<com.github.javaparser.symbolsolver.model.typesystem.Type>, boolean, com.github.javaparser.symbolsolver.model.resolution.TypeSolver) [ <50:53 50:63>]
REFERENCE_ANNOTATION_USAGE: com.github.javaparser.symbolsolver.model.resolution.SymbolReference<com.github.javaparser.symbolsolver.model.declarations.MethodDeclaration> com.github.javaparser.symbolsolver.javaparsermodel.contexts.CatchClauseContext.solveMethod(java.lang.String, java.util.List<com.github.javaparser.symbolsolver.model.typesystem.Type>, boolean, com.github.javaparser.symbolsolver.model.resolution.TypeSolver) -> java.lang.Override [ <49:6 49:13>]
REFERENCE_TYPE_ARGUMENT: com.github.javaparser.symbolsolver.model.resolution.SymbolReference<S> -> com.github.javaparser.symbolsolver.model.declarations.MethodDeclaration [ <50:34 50:50>]
REFERENCE_TYPE_USAGE: com.github.javaparser.symbolsolver.model.resolution.SymbolReference<com.github.javaparser.symbolsolver.model.declarations.MethodDeclaration> com.github.javaparser.symbolsolver.javaparsermodel.contexts.CatchClauseContext.solveMethod(java.lang.String, java.util.List<com.github.javaparser.symbolsolver.model.typesystem.Type>, boolean, com.github.javaparser.symbolsolver.model.resolution.TypeSolver) -> com.github.javaparser.symbolsolver.model.resolution.SymbolReference<S> [ <50:18 50:32>]
REFERENCE_TYPE_USAGE: com.github.javaparser.symbolsolver.model.resolution.SymbolReference<com.github.javaparser.symbolsolver.model.declarations.MethodDeclaration> com.github.javaparser.symbolsolver.javaparsermodel.contexts.CatchClauseContext.solveMethod(java.lang.String, java.util.List<com.github.javaparser.symbolsolver.model.typesystem.Type>, boolean, com.github.javaparser.symbolsolver.model.resolution.TypeSolver) -> com.github.javaparser.symbolsolver.model.declarations.MethodDeclaration [ <50:34 50:50>]
REFERENCE_TYPE_USAGE: com.github.javaparser.symbolsolver.model.resolution.SymbolReference<com.github.javaparser.symbolsolver.model.declarations.MethodDeclaration> com.github.javaparser.symbolsolver.javaparsermodel.contexts.CatchClauseContext.solveMethod(java.lang.String, java.util.List<com.github.javaparser.symbolsolver.model.typesystem.Type>, boolean, com.github.javaparser.symbolsolver.model.resolution.TypeSolver) -> java.lang.String [ <51:13 51:18>]
REFERENCE_TYPE_ARGUMENT: java.util.List<E> -> com.github.javaparser.symbolsolver.model.typesystem.Type [ <51:31 51:34>]
REFERENCE_TYPE_USAGE: com.github.javaparser.symbolsolver.model.resolution.SymbolReference<com.github.javaparser.symbolsolver.model.declarations.MethodDeclaration> com.github.javaparser.symbolsolver.javaparsermodel.contexts.CatchClauseContext.solveMethod(java.lang.String, java.util.List<com.github.javaparser.symbolsolver.model.typesystem.Type>, boolean, com.github.javaparser.symbolsolver.model.resolution.TypeSolver) -> java.util.List<E> [ <51:26 51:29>]
REFERENCE_TYPE_USAGE: com.github.javaparser.symbolsolver.model.resolution.SymbolReference<com.github.javaparser.symbolsolver.model.declarations.MethodDeclaration> com.github.javaparser.symbolsolver.javaparsermodel.contexts.CatchClauseContext.solveMethod(java.lang.String, java.util.List<com.github.javaparser.symbolsolver.model.typesystem.Type>, boolean, com.github.javaparser.symbolsolver.model.resolution.TypeSolver) -> com.github.javaparser.symbolsolver.model.typesystem.Type [ <51:31 51:34>]
REFERENCE_TYPE_USAGE: com.github.javaparser.symbolsolver.model.resolution.SymbolReference<com.github.javaparser.symbolsolver.model.declarations.MethodDeclaration> com.github.javaparser.symbolsolver.javaparsermodel.contexts.CatchClauseContext.solveMethod(java.lang.String, java.util.List<com.github.javaparser.symbolsolver.model.typesystem.Type>, boolean, com.github.javaparser.symbolsolver.model.resolution.TypeSolver) -> boolean [ <51:53 51:59>]
REFERENCE_TYPE_USAGE: com.github.javaparser.symbolsolver.model.resolution.SymbolReference<com.github.javaparser.symbolsolver.model.declarations.MethodDeclaration> com.github.javaparser.symbolsolver.javaparsermodel.contexts.CatchClauseContext.solveMethod(java.lang.String, java.util.List<com.github.javaparser.symbolsolver.model.typesystem.Type>, boolean, com.github.javaparser.symbolsolver.model.resolution.TypeSolver) -> com.github.javaparser.symbolsolver.model.resolution.TypeSolver [ <51:73 51:82>]
REFERENCE_CALL: com.github.javaparser.symbolsolver.model.resolution.SymbolReference<com.github.javaparser.symbolsolver.model.declarations.MethodDeclaration> com.github.javaparser.symbolsolver.javaparsermodel.contexts.CatchClauseContext.solveMethod(java.lang.String, java.util.List<com.github.javaparser.symbolsolver.model.typesystem.Type>, boolean, com.github.javaparser.symbolsolver.model.resolution.TypeSolver) -> com.github.javaparser.symbolsolver.model.resolution.SymbolReference<com.github.javaparser.symbolsolver.model.declarations.MethodDeclaration> com.github.javaparser.symbolsolver.core.resolution.Context.solveMethod(java.lang.String, java.util.List<com.github.javaparser.symbolsolver.model.typesystem.Type>, boolean, com.github.javaparser.symbolsolver.model.resolution.TypeSolver) [ <52:28 52:38>]
REFERENCE_CALL: com.github.javaparser.symbolsolver.model.resolution.SymbolReference<com.github.javaparser.symbolsolver.model.declarations.MethodDeclaration> com.github.javaparser.symbolsolver.javaparsermodel.contexts.CatchClauseContext.solveMethod(java.lang.String, java.util.List<com.github.javaparser.symbolsolver.model.typesystem.Type>, boolean, com.github.javaparser.symbolsolver.model.resolution.TypeSolver) -> com.github.javaparser.symbolsolver.core.resolution.Context com.github.javaparser.symbolsolver.javaparsermodel.contexts.AbstractJavaParserContext<N>.getParent() [ <52:16 52:24>]
LOCAL_SYMBOL: CatchClauseContext.java<19:80> [ <19:80 19:80>]
LOCAL_SYMBOL: CatchClauseContext.java<19:80> [ <54:1 54:1>]
LOCAL_SYMBOL: CatchClauseContext.java<21:79> [ <21:79 21:79>]
LOCAL_SYMBOL: CatchClauseContext.java<21:79> [ <23:5 23:5>]
LOCAL_SYMBOL: CatchClauseContext.java<25:110> [ <25:110 25:110>]
LOCAL_SYMBOL: CatchClauseContext.java<25:110> [ <34:5 34:5>]
LOCAL_SYMBOL: CatchClauseContext.java<28:41> [ <28:41 28:41>]
LOCAL_SYMBOL: CatchClauseContext.java<28:41> [ <30:9 30:9>]
LOCAL_SYMBOL: CatchClauseContext.java<37:89> [ <37:89 37:89>]
LOCAL_SYMBOL: CatchClauseContext.java<37:89> [ <47:5 47:5>]
LOCAL_SYMBOL: CatchClauseContext.java<40:42> [ <40:42 40:42>]
LOCAL_SYMBOL: CatchClauseContext.java<40:42> [ <43:9 43:9>]
LOCAL_SYMBOL: CatchClauseContext.java<51:96> [ <51:96 51:96>]
LOCAL_SYMBOL: CatchClauseContext.java<51:96> [ <53:5 53:5>]
LOCAL_SYMBOL: com.github.javaparser.symbolsolver.javaparsermodel.contexts.CatchClauseContext.CatchClauseContext<0> [ <21:43 21:53>]
LOCAL_SYMBOL: com.github.javaparser.symbolsolver.javaparsermodel.contexts.CatchClauseContext.CatchClauseContext<0> [ <22:15 22:25>]
LOCAL_SYMBOL: com.github.javaparser.symbolsolver.javaparsermodel.contexts.CatchClauseContext.CatchClauseContext<1> [ <21:67 21:76>]
LOCAL_SYMBOL: com.github.javaparser.symbolsolver.javaparsermodel.contexts.CatchClauseContext.CatchClauseContext<1> [ <22:28 22:37>]
LOCAL_SYMBOL: com.github.javaparser.symbolsolver.javaparsermodel.contexts.CatchClauseContext.solveMethod<0> [ <51:20 51:23>]
LOCAL_SYMBOL: com.github.javaparser.symbolsolver.javaparsermodel.contexts.CatchClauseContext.solveMethod<0> [ <52:40 52:43>]
LOCAL_SYMBOL: com.github.javaparser.symbolsolver.javaparsermodel.contexts.CatchClauseContext.solveMethod<1> [ <51:37 51:50>]
LOCAL_SYMBOL: com.github.javaparser.symbolsolver.javaparsermodel.contexts.CatchClauseContext.solveMethod<1> [ <52:46 52:59>]
LOCAL_SYMBOL: com.github.javaparser.symbolsolver.javaparsermodel.contexts.CatchClauseContext.solveMethod<2> [ <51:61 51:70>]
LOCAL_SYMBOL: com.github.javaparser.symbolsolver.javaparsermodel.contexts.CatchClauseContext.solveMethod<3> [ <51:84 51:93>]
LOCAL_SYMBOL: com.github.javaparser.symbolsolver.javaparsermodel.contexts.CatchClauseContext.solveMethod<3> [ <52:69 52:78>]
LOCAL_SYMBOL: com.github.javaparser.symbolsolver.javaparsermodel.contexts.CatchClauseContext.solveSymbol<0> [ <25:81 25:84>]
LOCAL_SYMBOL: com.github.javaparser.symbolsolver.javaparsermodel.contexts.CatchClauseContext.solveSymbol<0> [ <27:111 27:114>]
LOCAL_SYMBOL: com.github.javaparser.symbolsolver.javaparsermodel.contexts.CatchClauseContext.solveSymbol<0> [ <33:40 33:43>]
LOCAL_SYMBOL: com.github.javaparser.symbolsolver.javaparsermodel.contexts.CatchClauseContext.solveSymbol<1> [ <25:98 25:107>]
LOCAL_SYMBOL: com.github.javaparser.symbolsolver.javaparsermodel.contexts.CatchClauseContext.solveSymbol<1> [ <26:97 26:106>]
LOCAL_SYMBOL: com.github.javaparser.symbolsolver.javaparsermodel.contexts.CatchClauseContext.solveSymbol<1> [ <33:46 33:55>]
LOCAL_SYMBOL: com.github.javaparser.symbolsolver.javaparsermodel.contexts.CatchClauseContext.solveSymbol<2> [ <26:26 26:27>]
LOCAL_SYMBOL: com.github.javaparser.symbolsolver.javaparsermodel.contexts.CatchClauseContext.solveSymbol<2> [ <27:107 27:108>]
LOCAL_SYMBOL: com.github.javaparser.symbolsolver.javaparsermodel.contexts.CatchClauseContext.solveSymbol<3> [ <27:53 27:67>]
LOCAL_SYMBOL: com.github.javaparser.symbolsolver.javaparsermodel.contexts.CatchClauseContext.solveSymbol<3> [ <28:13 28:27>]
LOCAL_SYMBOL: com.github.javaparser.symbolsolver.javaparsermodel.contexts.CatchClauseContext.solveSymbol<3> [ <29:20 29:34>]
LOCAL_SYMBOL: com.github.javaparser.symbolsolver.javaparsermodel.contexts.CatchClauseContext.solveSymbolAsValue<0> [ <37:60 37:63>]
LOCAL_SYMBOL: com.github.javaparser.symbolsolver.javaparsermodel.contexts.CatchClauseContext.solveSymbolAsValue<0> [ <39:64 39:67>]
LOCAL_SYMBOL: com.github.javaparser.symbolsolver.javaparsermodel.contexts.CatchClauseContext.solveSymbolAsValue<0> [ <46:47 46:50>]
LOCAL_SYMBOL: com.github.javaparser.symbolsolver.javaparsermodel.contexts.CatchClauseContext.solveSymbolAsValue<1> [ <37:77 37:86>]
LOCAL_SYMBOL: com.github.javaparser.symbolsolver.javaparsermodel.contexts.CatchClauseContext.solveSymbolAsValue<1> [ <38:97 38:106>]
LOCAL_SYMBOL: com.github.javaparser.symbolsolver.javaparsermodel.contexts.CatchClauseContext.solveSymbolAsValue<1> [ <39:70 39:79>]
LOCAL_SYMBOL: com.github.javaparser.symbolsolver.javaparsermodel.contexts.CatchClauseContext.solveSymbolAsValue<1> [ <46:53 46:62>]
LOCAL_SYMBOL: com.github.javaparser.symbolsolver.javaparsermodel.contexts.CatchClauseContext.solveSymbolAsValue<2> [ <38:26 38:27>]
LOCAL_SYMBOL: com.github.javaparser.symbolsolver.javaparsermodel.contexts.CatchClauseContext.solveSymbolAsValue<2> [ <39:60 39:61>]
LOCAL_SYMBOL: com.github.javaparser.symbolsolver.javaparsermodel.contexts.CatchClauseContext.solveSymbolAsValue<3> [ <39:25 39:39>]
LOCAL_SYMBOL: com.github.javaparser.symbolsolver.javaparsermodel.contexts.CatchClauseContext.solveSymbolAsValue<3> [ <40:13 40:27>]
LOCAL_SYMBOL: com.github.javaparser.symbolsolver.javaparsermodel.contexts.CatchClauseContext.solveSymbolAsValue<3> [ <42:20 42:34>]
COMMENT: comment [ <16:1 18:3>]
COMMENT: comment [ <32:9 32:63>]
COMMENT: comment [ <41:13 41:60>]
COMMENT: comment [ <45:9 45:63>]
