FILE: ForechStatementContext.java
SYMBOL_PACKAGE com.github.javaparser.symbolsolver.javaparsermodel.contexts [ForechStatementContext.java <17:9 17:67>]
SYMBOL_PACKAGE com.github.javaparser.symbolsolver.javaparsermodel
SYMBOL_PACKAGE com.github.javaparser.symbolsolver
SYMBOL_PACKAGE com.github.javaparser
SYMBOL_PACKAGE com.github
SYMBOL_PACKAGE com
REFERENCE_IMPORT ForechStatementContext.java -> com.github.javaparser.ast.body.VariableDeclarator [ForechStatementContext.java <19:8 19:56>]
SYMBOL_PACKAGE com.github.javaparser.ast.body
REFERENCE_IMPORT ForechStatementContext.java -> com.github.javaparser.ast.stmt.BlockStmt [ForechStatementContext.java <20:8 20:47>]
SYMBOL_PACKAGE com.github.javaparser.ast.stmt
REFERENCE_IMPORT ForechStatementContext.java -> com.github.javaparser.ast.stmt.ForeachStmt [ForechStatementContext.java <21:8 21:49>]
SYMBOL_PACKAGE com.github.javaparser.ast.stmt
REFERENCE_IMPORT ForechStatementContext.java -> com.github.javaparser.symbolsolver.javaparsermodel.declarations.JavaParserSymbolDeclaration [ForechStatementContext.java <22:8 22:98>]
SYMBOL_PACKAGE com.github.javaparser.symbolsolver.javaparsermodel.declarations
REFERENCE_IMPORT ForechStatementContext.java -> com.github.javaparser.symbolsolver.model.declarations.MethodDeclaration [ForechStatementContext.java <23:8 23:78>]
SYMBOL_PACKAGE com.github.javaparser.symbolsolver.model.declarations
REFERENCE_IMPORT ForechStatementContext.java -> com.github.javaparser.symbolsolver.model.declarations.ValueDeclaration [ForechStatementContext.java <24:8 24:77>]
SYMBOL_PACKAGE com.github.javaparser.symbolsolver.model.declarations
REFERENCE_IMPORT ForechStatementContext.java -> com.github.javaparser.symbolsolver.model.resolution.SymbolReference<S> [ForechStatementContext.java <25:8 25:74>]
SYMBOL_PACKAGE com.github.javaparser.symbolsolver.model.resolution
REFERENCE_IMPORT ForechStatementContext.java -> com.github.javaparser.symbolsolver.model.resolution.TypeSolver [ForechStatementContext.java <26:8 26:69>]
SYMBOL_PACKAGE com.github.javaparser.symbolsolver.model.resolution
REFERENCE_IMPORT ForechStatementContext.java -> com.github.javaparser.symbolsolver.model.typesystem.Type [ForechStatementContext.java <27:8 27:63>]
SYMBOL_PACKAGE com.github.javaparser.symbolsolver.model.typesystem
REFERENCE_IMPORT ForechStatementContext.java -> java.util.List<E> [ForechStatementContext.java <29:8 29:21>]
SYMBOL_PACKAGE java.util
REFERENCE_IMPORT ForechStatementContext.java -> static com.github.javaparser.ast.Node com.github.javaparser.symbolsolver.javaparser.Navigator.getParentNode(com.github.javaparser.ast.Node) [ForechStatementContext.java <31:15 31:83>]
SYMBOL_PACKAGE com.github.javaparser.symbolsolver.javaparser
SYMBOL_CLASS public com.github.javaparser.symbolsolver.javaparsermodel.contexts.ForechStatementContext [ForechStatementContext.java <33:1 <33:14 33:35> 60:1>]
LOCAL_SYMBOL: ForechStatementContext.java<33:84> [ForechStatementContext.java <33:84 33:84>]
LOCAL_SYMBOL: ForechStatementContext.java<33:84> [ForechStatementContext.java <60:1 60:1>]
REFERENCE_INHERITANCE com.github.javaparser.symbolsolver.javaparsermodel.contexts.ForechStatementContext -> com.github.javaparser.symbolsolver.javaparsermodel.contexts.AbstractJavaParserContext<N> [ForechStatementContext.java <33:45 33:69>]
REFERENCE_TYPE_ARGUMENT com.github.javaparser.symbolsolver.javaparsermodel.contexts.ForechStatementContext -> com.github.javaparser.ast.stmt.ForeachStmt [ForechStatementContext.java <33:71 33:81>]
SYMBOL_METHOD public com.github.javaparser.symbolsolver.javaparsermodel.contexts.ForechStatementContext.ForechStatementContext(com.github.javaparser.ast.stmt.ForeachStmt, com.github.javaparser.symbolsolver.model.resolution.TypeSolver) [ForechStatementContext.java <35:5 <35:12 35:33> 37:5>]
SYMBOL_METHOD com.github.javaparser.symbolsolver.javaparsermodel.contexts.AbstractJavaParserContext<N>.AbstractJavaParserContext(com.github.javaparser.symbolsolver.javaparsermodel.contexts.AbstractJavaParserContext<N>.N, com.github.javaparser.symbolsolver.model.resolution.TypeSolver)
REFERENCE_OVERRIDE com.github.javaparser.symbolsolver.javaparsermodel.contexts.ForechStatementContext.ForechStatementContext(com.github.javaparser.ast.stmt.ForeachStmt, com.github.javaparser.symbolsolver.model.resolution.TypeSolver) -> com.github.javaparser.symbolsolver.javaparsermodel.contexts.AbstractJavaParserContext<N>.AbstractJavaParserContext(com.github.javaparser.symbolsolver.javaparsermodel.contexts.AbstractJavaParserContext<N>.N, com.github.javaparser.symbolsolver.model.resolution.TypeSolver) [ForechStatementContext.java <35:12 35:33>]
REFERENCE_TYPE_USAGE com.github.javaparser.symbolsolver.javaparsermodel.contexts.ForechStatementContext.ForechStatementContext(com.github.javaparser.ast.stmt.ForeachStmt, com.github.javaparser.symbolsolver.model.resolution.TypeSolver) -> com.github.javaparser.ast.stmt.ForeachStmt [ForechStatementContext.java <35:35 35:45>]
LOCAL_SYMBOL: com.github.javaparser.symbolsolver.javaparsermodel.contexts.ForechStatementContext.ForechStatementContext<0> [ForechStatementContext.java <35:47 35:57>]
REFERENCE_TYPE_USAGE com.github.javaparser.symbolsolver.javaparsermodel.contexts.ForechStatementContext.ForechStatementContext(com.github.javaparser.ast.stmt.ForeachStmt, com.github.javaparser.symbolsolver.model.resolution.TypeSolver) -> com.github.javaparser.symbolsolver.model.resolution.TypeSolver [ForechStatementContext.java <35:60 35:69>]
LOCAL_SYMBOL: com.github.javaparser.symbolsolver.javaparsermodel.contexts.ForechStatementContext.ForechStatementContext<1> [ForechStatementContext.java <35:71 35:80>]
LOCAL_SYMBOL: ForechStatementContext.java<35:83> [ForechStatementContext.java <35:83 35:83>]
LOCAL_SYMBOL: ForechStatementContext.java<35:83> [ForechStatementContext.java <37:5 37:5>]
SYMBOL_METHOD com.github.javaparser.symbolsolver.javaparsermodel.contexts.AbstractJavaParserContext<N>.AbstractJavaParserContext(com.github.javaparser.symbolsolver.javaparsermodel.contexts.AbstractJavaParserContext<N>.N, com.github.javaparser.symbolsolver.model.resolution.TypeSolver)
REFERENCE_CALL com.github.javaparser.symbolsolver.javaparsermodel.contexts.ForechStatementContext.ForechStatementContext(com.github.javaparser.ast.stmt.ForeachStmt, com.github.javaparser.symbolsolver.model.resolution.TypeSolver) -> com.github.javaparser.symbolsolver.javaparsermodel.contexts.AbstractJavaParserContext<N>.AbstractJavaParserContext(com.github.javaparser.symbolsolver.javaparsermodel.contexts.AbstractJavaParserContext<N>.N, com.github.javaparser.symbolsolver.model.resolution.TypeSolver) [ForechStatementContext.java <36:9 36:13>]
LOCAL_SYMBOL: com.github.javaparser.symbolsolver.javaparsermodel.contexts.ForechStatementContext.ForechStatementContext<0> [ForechStatementContext.java <36:15 36:25>]
LOCAL_SYMBOL: com.github.javaparser.symbolsolver.javaparsermodel.contexts.ForechStatementContext.ForechStatementContext<1> [ForechStatementContext.java <36:28 36:37>]
SYMBOL_METHOD public com.github.javaparser.symbolsolver.model.resolution.SymbolReference<? extends ValueDeclaration> com.github.javaparser.symbolsolver.javaparsermodel.contexts.ForechStatementContext.solveSymbol(java.lang.String, com.github.javaparser.symbolsolver.model.resolution.TypeSolver) [ForechStatementContext.java <39:5 <40:56 40:66> 54:5>]
SYMBOL_METHOD com.github.javaparser.symbolsolver.model.resolution.SymbolReference<? extends ValueDeclaration> com.github.javaparser.symbolsolver.core.resolution.Context.solveSymbol(java.lang.String, com.github.javaparser.symbolsolver.model.resolution.TypeSolver)
REFERENCE_OVERRIDE com.github.javaparser.symbolsolver.model.resolution.SymbolReference<? extends ValueDeclaration> com.github.javaparser.symbolsolver.javaparsermodel.contexts.ForechStatementContext.solveSymbol(java.lang.String, com.github.javaparser.symbolsolver.model.resolution.TypeSolver) -> com.github.javaparser.symbolsolver.model.resolution.SymbolReference<? extends ValueDeclaration> com.github.javaparser.symbolsolver.core.resolution.Context.solveSymbol(java.lang.String, com.github.javaparser.symbolsolver.model.resolution.TypeSolver) [ForechStatementContext.java <40:56 40:66>]
REFERENCE_TYPE_USAGE com.github.javaparser.symbolsolver.model.resolution.SymbolReference<? extends ValueDeclaration> com.github.javaparser.symbolsolver.javaparsermodel.contexts.ForechStatementContext.solveSymbol(java.lang.String, com.github.javaparser.symbolsolver.model.resolution.TypeSolver) -> com.github.javaparser.symbolsolver.model.resolution.SymbolReference<S> [ForechStatementContext.java <40:12 40:26>]
REFERENCE_TYPE_ARGUMENT com.github.javaparser.symbolsolver.model.resolution.SymbolReference<? extends ValueDeclaration> com.github.javaparser.symbolsolver.javaparsermodel.contexts.ForechStatementContext.solveSymbol(java.lang.String, com.github.javaparser.symbolsolver.model.resolution.TypeSolver) -> com.github.javaparser.symbolsolver.model.declarations.ValueDeclaration [ForechStatementContext.java <40:38 40:53>]
REFERENCE_TYPE_USAGE com.github.javaparser.symbolsolver.model.resolution.SymbolReference<? extends ValueDeclaration> com.github.javaparser.symbolsolver.javaparsermodel.contexts.ForechStatementContext.solveSymbol(java.lang.String, com.github.javaparser.symbolsolver.model.resolution.TypeSolver) -> java.lang.String [ForechStatementContext.java <40:68 40:73>]
LOCAL_SYMBOL: com.github.javaparser.symbolsolver.javaparsermodel.contexts.ForechStatementContext.solveSymbol<0> [ForechStatementContext.java <40:75 40:78>]
REFERENCE_TYPE_USAGE com.github.javaparser.symbolsolver.model.resolution.SymbolReference<? extends ValueDeclaration> com.github.javaparser.symbolsolver.javaparsermodel.contexts.ForechStatementContext.solveSymbol(java.lang.String, com.github.javaparser.symbolsolver.model.resolution.TypeSolver) -> com.github.javaparser.symbolsolver.model.resolution.TypeSolver [ForechStatementContext.java <40:81 40:90>]
LOCAL_SYMBOL: com.github.javaparser.symbolsolver.javaparsermodel.contexts.ForechStatementContext.solveSymbol<1> [ForechStatementContext.java <40:92 40:101>]
LOCAL_SYMBOL: ForechStatementContext.java<40:104> [ForechStatementContext.java <40:104 40:104>]
LOCAL_SYMBOL: ForechStatementContext.java<40:104> [ForechStatementContext.java <54:5 54:5>]
SYMBOL_METHOD int com.github.javaparser.ast.NodeList<N>.size()
REFERENCE_CALL com.github.javaparser.symbolsolver.model.resolution.SymbolReference<? extends ValueDeclaration> com.github.javaparser.symbolsolver.javaparsermodel.contexts.ForechStatementContext.solveSymbol(java.lang.String, com.github.javaparser.symbolsolver.model.resolution.TypeSolver) -> int com.github.javaparser.ast.NodeList<N>.size() [ForechStatementContext.java <41:54 41:57>]
SYMBOL_METHOD com.github.javaparser.ast.NodeList<com.github.javaparser.ast.body.VariableDeclarator> com.github.javaparser.ast.expr.VariableDeclarationExpr.getVariables()
REFERENCE_CALL com.github.javaparser.symbolsolver.model.resolution.SymbolReference<? extends ValueDeclaration> com.github.javaparser.symbolsolver.javaparsermodel.contexts.ForechStatementContext.solveSymbol(java.lang.String, com.github.javaparser.symbolsolver.model.resolution.TypeSolver) -> com.github.javaparser.ast.NodeList<com.github.javaparser.ast.body.VariableDeclarator> com.github.javaparser.ast.expr.VariableDeclarationExpr.getVariables() [ForechStatementContext.java <41:39 41:50>]
SYMBOL_METHOD com.github.javaparser.ast.expr.VariableDeclarationExpr com.github.javaparser.ast.stmt.ForeachStmt.getVariable()
REFERENCE_CALL com.github.javaparser.symbolsolver.model.resolution.SymbolReference<? extends ValueDeclaration> com.github.javaparser.symbolsolver.javaparsermodel.contexts.ForechStatementContext.solveSymbol(java.lang.String, com.github.javaparser.symbolsolver.model.resolution.TypeSolver) -> com.github.javaparser.ast.expr.VariableDeclarationExpr com.github.javaparser.ast.stmt.ForeachStmt.getVariable() [ForechStatementContext.java <41:25 41:35>]
SYMBOL_FIELD com.github.javaparser.symbolsolver.javaparsermodel.contexts.AbstractJavaParserContext<N>.N com.github.javaparser.symbolsolver.javaparsermodel.contexts.AbstractJavaParserContext<N>.wrappedNode
REFERENCE_USAGE com.github.javaparser.symbolsolver.model.resolution.SymbolReference<? extends ValueDeclaration> com.github.javaparser.symbolsolver.javaparsermodel.contexts.ForechStatementContext.solveSymbol(java.lang.String, com.github.javaparser.symbolsolver.model.resolution.TypeSolver) -> com.github.javaparser.symbolsolver.javaparsermodel.contexts.AbstractJavaParserContext<N>.N com.github.javaparser.symbolsolver.javaparsermodel.contexts.AbstractJavaParserContext<N>.wrappedNode [ForechStatementContext.java <41:13 41:23>]
LOCAL_SYMBOL: ForechStatementContext.java<41:67> [ForechStatementContext.java <41:67 41:67>]
LOCAL_SYMBOL: ForechStatementContext.java<41:67> [ForechStatementContext.java <43:9 43:9>]
SYMBOL_METHOD java.lang.IllegalStateException.IllegalStateException()
REFERENCE_CALL com.github.javaparser.symbolsolver.model.resolution.SymbolReference<? extends ValueDeclaration> com.github.javaparser.symbolsolver.javaparsermodel.contexts.ForechStatementContext.solveSymbol(java.lang.String, com.github.javaparser.symbolsolver.model.resolution.TypeSolver) -> java.lang.IllegalStateException.IllegalStateException() [ForechStatementContext.java <42:23 42:43>]
REFERENCE_TYPE_USAGE com.github.javaparser.symbolsolver.model.resolution.SymbolReference<? extends ValueDeclaration> com.github.javaparser.symbolsolver.javaparsermodel.contexts.ForechStatementContext.solveSymbol(java.lang.String, com.github.javaparser.symbolsolver.model.resolution.TypeSolver) -> java.lang.IllegalStateException [ForechStatementContext.java <42:23 42:43>]
REFERENCE_TYPE_USAGE com.github.javaparser.symbolsolver.model.resolution.SymbolReference<? extends ValueDeclaration> com.github.javaparser.symbolsolver.javaparsermodel.contexts.ForechStatementContext.solveSymbol(java.lang.String, com.github.javaparser.symbolsolver.model.resolution.TypeSolver) -> com.github.javaparser.ast.body.VariableDeclarator [ForechStatementContext.java <44:9 44:26>]
LOCAL_SYMBOL: com.github.javaparser.symbolsolver.javaparsermodel.contexts.ForechStatementContext.solveSymbol<2> [ForechStatementContext.java <44:28 44:45>]
SYMBOL_METHOD com.github.javaparser.ast.NodeList<N>.N com.github.javaparser.ast.NodeList<N>.get(int)
REFERENCE_CALL com.github.javaparser.symbolsolver.model.resolution.SymbolReference<? extends ValueDeclaration> com.github.javaparser.symbolsolver.javaparsermodel.contexts.ForechStatementContext.solveSymbol(java.lang.String, com.github.javaparser.symbolsolver.model.resolution.TypeSolver) -> com.github.javaparser.ast.NodeList<N>.N com.github.javaparser.ast.NodeList<N>.get(int) [ForechStatementContext.java <44:90 44:92>]
SYMBOL_METHOD com.github.javaparser.ast.NodeList<com.github.javaparser.ast.body.VariableDeclarator> com.github.javaparser.ast.expr.VariableDeclarationExpr.getVariables()
REFERENCE_CALL com.github.javaparser.symbolsolver.model.resolution.SymbolReference<? extends ValueDeclaration> com.github.javaparser.symbolsolver.javaparsermodel.contexts.ForechStatementContext.solveSymbol(java.lang.String, com.github.javaparser.symbolsolver.model.resolution.TypeSolver) -> com.github.javaparser.ast.NodeList<com.github.javaparser.ast.body.VariableDeclarator> com.github.javaparser.ast.expr.VariableDeclarationExpr.getVariables() [ForechStatementContext.java <44:75 44:86>]
SYMBOL_METHOD com.github.javaparser.ast.expr.VariableDeclarationExpr com.github.javaparser.ast.stmt.ForeachStmt.getVariable()
REFERENCE_CALL com.github.javaparser.symbolsolver.model.resolution.SymbolReference<? extends ValueDeclaration> com.github.javaparser.symbolsolver.javaparsermodel.contexts.ForechStatementContext.solveSymbol(java.lang.String, com.github.javaparser.symbolsolver.model.resolution.TypeSolver) -> com.github.javaparser.ast.expr.VariableDeclarationExpr com.github.javaparser.ast.stmt.ForeachStmt.getVariable() [ForechStatementContext.java <44:61 44:71>]
SYMBOL_FIELD com.github.javaparser.symbolsolver.javaparsermodel.contexts.AbstractJavaParserContext<N>.N com.github.javaparser.symbolsolver.javaparsermodel.contexts.AbstractJavaParserContext<N>.wrappedNode
REFERENCE_USAGE com.github.javaparser.symbolsolver.model.resolution.SymbolReference<? extends ValueDeclaration> com.github.javaparser.symbolsolver.javaparsermodel.contexts.ForechStatementContext.solveSymbol(java.lang.String, com.github.javaparser.symbolsolver.model.resolution.TypeSolver) -> com.github.javaparser.symbolsolver.javaparsermodel.contexts.AbstractJavaParserContext<N>.N com.github.javaparser.symbolsolver.javaparsermodel.contexts.AbstractJavaParserContext<N>.wrappedNode [ForechStatementContext.java <44:49 44:59>]
SYMBOL_METHOD boolean java.lang.String.equals(java.lang.Object)
REFERENCE_CALL com.github.javaparser.symbolsolver.model.resolution.SymbolReference<? extends ValueDeclaration> com.github.javaparser.symbolsolver.javaparsermodel.contexts.ForechStatementContext.solveSymbol(java.lang.String, com.github.javaparser.symbolsolver.model.resolution.TypeSolver) -> boolean java.lang.String.equals(java.lang.Object) [ForechStatementContext.java <45:50 45:55>]
SYMBOL_METHOD java.lang.String com.github.javaparser.ast.nodeTypes.NodeWithIdentifier<N>.getId()
REFERENCE_CALL com.github.javaparser.symbolsolver.model.resolution.SymbolReference<? extends ValueDeclaration> com.github.javaparser.symbolsolver.javaparsermodel.contexts.ForechStatementContext.solveSymbol(java.lang.String, com.github.javaparser.symbolsolver.model.resolution.TypeSolver) -> java.lang.String com.github.javaparser.ast.nodeTypes.NodeWithIdentifier<N>.getId() [ForechStatementContext.java <45:42 45:46>]
SYMBOL_METHOD com.github.javaparser.ast.expr.SimpleName com.github.javaparser.ast.body.VariableDeclarator.getName()
REFERENCE_CALL com.github.javaparser.symbolsolver.model.resolution.SymbolReference<? extends ValueDeclaration> com.github.javaparser.symbolsolver.javaparsermodel.contexts.ForechStatementContext.solveSymbol(java.lang.String, com.github.javaparser.symbolsolver.model.resolution.TypeSolver) -> com.github.javaparser.ast.expr.SimpleName com.github.javaparser.ast.body.VariableDeclarator.getName() [ForechStatementContext.java <45:32 45:38>]
LOCAL_SYMBOL: com.github.javaparser.symbolsolver.javaparsermodel.contexts.ForechStatementContext.solveSymbol<2> [ForechStatementContext.java <45:13 45:30>]
LOCAL_SYMBOL: com.github.javaparser.symbolsolver.javaparsermodel.contexts.ForechStatementContext.solveSymbol<0> [ForechStatementContext.java <45:57 45:60>]
LOCAL_SYMBOL: ForechStatementContext.java<45:64> [ForechStatementContext.java <45:64 45:64>]
LOCAL_SYMBOL: ForechStatementContext.java<45:64> [ForechStatementContext.java <47:9 47:9>]
SYMBOL_METHOD static com.github.javaparser.symbolsolver.model.resolution.SymbolReference<S> com.github.javaparser.symbolsolver.model.resolution.SymbolReference<S>.solved<S, S2>(S2)
REFERENCE_CALL com.github.javaparser.symbolsolver.model.resolution.SymbolReference<? extends ValueDeclaration> com.github.javaparser.symbolsolver.javaparsermodel.contexts.ForechStatementContext.solveSymbol(java.lang.String, com.github.javaparser.symbolsolver.model.resolution.TypeSolver) -> static com.github.javaparser.symbolsolver.model.resolution.SymbolReference<S> com.github.javaparser.symbolsolver.model.resolution.SymbolReference<S>.solved<S, S2>(S2) [ForechStatementContext.java <46:36 46:41>]
SYMBOL_METHOD static com.github.javaparser.symbolsolver.javaparsermodel.declarations.JavaParserSymbolDeclaration com.github.javaparser.symbolsolver.javaparsermodel.declarations.JavaParserSymbolDeclaration.localVar(com.github.javaparser.ast.body.VariableDeclarator, com.github.javaparser.symbolsolver.model.resolution.TypeSolver)
REFERENCE_CALL com.github.javaparser.symbolsolver.model.resolution.SymbolReference<? extends ValueDeclaration> com.github.javaparser.symbolsolver.javaparsermodel.contexts.ForechStatementContext.solveSymbol(java.lang.String, com.github.javaparser.symbolsolver.model.resolution.TypeSolver) -> static com.github.javaparser.symbolsolver.javaparsermodel.declarations.JavaParserSymbolDeclaration com.github.javaparser.symbolsolver.javaparsermodel.declarations.JavaParserSymbolDeclaration.localVar(com.github.javaparser.ast.body.VariableDeclarator, com.github.javaparser.symbolsolver.model.resolution.TypeSolver) [ForechStatementContext.java <46:71 46:78>]
LOCAL_SYMBOL: com.github.javaparser.symbolsolver.javaparsermodel.contexts.ForechStatementContext.solveSymbol<2> [ForechStatementContext.java <46:80 46:97>]
LOCAL_SYMBOL: com.github.javaparser.symbolsolver.javaparsermodel.contexts.ForechStatementContext.solveSymbol<1> [ForechStatementContext.java <46:100 46:109>]
LOCAL_SYMBOL: ForechStatementContext.java<47:16> [ForechStatementContext.java <47:16 47:16>]
LOCAL_SYMBOL: ForechStatementContext.java<47:16> [ForechStatementContext.java <53:9 53:9>]
SYMBOL_METHOD static com.github.javaparser.ast.Node com.github.javaparser.symbolsolver.javaparser.Navigator.getParentNode(com.github.javaparser.ast.Node)
REFERENCE_CALL com.github.javaparser.symbolsolver.model.resolution.SymbolReference<? extends ValueDeclaration> com.github.javaparser.symbolsolver.javaparsermodel.contexts.ForechStatementContext.solveSymbol(java.lang.String, com.github.javaparser.symbolsolver.model.resolution.TypeSolver) -> static com.github.javaparser.ast.Node com.github.javaparser.symbolsolver.javaparser.Navigator.getParentNode(com.github.javaparser.ast.Node) [ForechStatementContext.java <48:17 48:29>]
SYMBOL_FIELD com.github.javaparser.symbolsolver.javaparsermodel.contexts.AbstractJavaParserContext<N>.N com.github.javaparser.symbolsolver.javaparsermodel.contexts.AbstractJavaParserContext<N>.wrappedNode
REFERENCE_USAGE com.github.javaparser.symbolsolver.model.resolution.SymbolReference<? extends ValueDeclaration> com.github.javaparser.symbolsolver.javaparsermodel.contexts.ForechStatementContext.solveSymbol(java.lang.String, com.github.javaparser.symbolsolver.model.resolution.TypeSolver) -> com.github.javaparser.symbolsolver.javaparsermodel.contexts.AbstractJavaParserContext<N>.N com.github.javaparser.symbolsolver.javaparsermodel.contexts.AbstractJavaParserContext<N>.wrappedNode [ForechStatementContext.java <48:31 48:41>]
REFERENCE_TYPE_USAGE com.github.javaparser.symbolsolver.model.resolution.SymbolReference<? extends ValueDeclaration> com.github.javaparser.symbolsolver.javaparsermodel.contexts.ForechStatementContext.solveSymbol(java.lang.String, com.github.javaparser.symbolsolver.model.resolution.TypeSolver) -> com.github.javaparser.ast.stmt.BlockStmt [ForechStatementContext.java <48:55 48:63>]
LOCAL_SYMBOL: ForechStatementContext.java<48:66> [ForechStatementContext.java <48:66 48:66>]
LOCAL_SYMBOL: ForechStatementContext.java<48:66> [ForechStatementContext.java <50:13 50:13>]
SYMBOL_METHOD static com.github.javaparser.symbolsolver.model.resolution.SymbolReference<? extends ValueDeclaration> com.github.javaparser.symbolsolver.javaparsermodel.contexts.StatementContext<N>.solveInBlock(java.lang.String, com.github.javaparser.symbolsolver.model.resolution.TypeSolver, com.github.javaparser.ast.stmt.Statement)
REFERENCE_CALL com.github.javaparser.symbolsolver.model.resolution.SymbolReference<? extends ValueDeclaration> com.github.javaparser.symbolsolver.javaparsermodel.contexts.ForechStatementContext.solveSymbol(java.lang.String, com.github.javaparser.symbolsolver.model.resolution.TypeSolver) -> static com.github.javaparser.symbolsolver.model.resolution.SymbolReference<? extends ValueDeclaration> com.github.javaparser.symbolsolver.javaparsermodel.contexts.StatementContext<N>.solveInBlock(java.lang.String, com.github.javaparser.symbolsolver.model.resolution.TypeSolver, com.github.javaparser.ast.stmt.Statement) [ForechStatementContext.java <49:41 49:52>]
LOCAL_SYMBOL: com.github.javaparser.symbolsolver.javaparsermodel.contexts.ForechStatementContext.solveSymbol<0> [ForechStatementContext.java <49:54 49:57>]
LOCAL_SYMBOL: com.github.javaparser.symbolsolver.javaparsermodel.contexts.ForechStatementContext.solveSymbol<1> [ForechStatementContext.java <49:60 49:69>]
SYMBOL_FIELD com.github.javaparser.symbolsolver.javaparsermodel.contexts.AbstractJavaParserContext<N>.N com.github.javaparser.symbolsolver.javaparsermodel.contexts.AbstractJavaParserContext<N>.wrappedNode
REFERENCE_USAGE com.github.javaparser.symbolsolver.model.resolution.SymbolReference<? extends ValueDeclaration> com.github.javaparser.symbolsolver.javaparsermodel.contexts.ForechStatementContext.solveSymbol(java.lang.String, com.github.javaparser.symbolsolver.model.resolution.TypeSolver) -> com.github.javaparser.symbolsolver.javaparsermodel.contexts.AbstractJavaParserContext<N>.N com.github.javaparser.symbolsolver.javaparsermodel.contexts.AbstractJavaParserContext<N>.wrappedNode [ForechStatementContext.java <49:72 49:82>]
LOCAL_SYMBOL: ForechStatementContext.java<50:20> [ForechStatementContext.java <50:20 50:20>]
LOCAL_SYMBOL: ForechStatementContext.java<50:20> [ForechStatementContext.java <52:13 52:13>]
SYMBOL_METHOD com.github.javaparser.symbolsolver.model.resolution.SymbolReference<? extends ValueDeclaration> com.github.javaparser.symbolsolver.core.resolution.Context.solveSymbol(java.lang.String, com.github.javaparser.symbolsolver.model.resolution.TypeSolver)
REFERENCE_CALL com.github.javaparser.symbolsolver.model.resolution.SymbolReference<? extends ValueDeclaration> com.github.javaparser.symbolsolver.javaparsermodel.contexts.ForechStatementContext.solveSymbol(java.lang.String, com.github.javaparser.symbolsolver.model.resolution.TypeSolver) -> com.github.javaparser.symbolsolver.model.resolution.SymbolReference<? extends ValueDeclaration> com.github.javaparser.symbolsolver.core.resolution.Context.solveSymbol(java.lang.String, com.github.javaparser.symbolsolver.model.resolution.TypeSolver) [ForechStatementContext.java <51:36 51:46>]
SYMBOL_METHOD com.github.javaparser.symbolsolver.core.resolution.Context com.github.javaparser.symbolsolver.javaparsermodel.contexts.AbstractJavaParserContext<N>.getParent()
REFERENCE_CALL com.github.javaparser.symbolsolver.model.resolution.SymbolReference<? extends ValueDeclaration> com.github.javaparser.symbolsolver.javaparsermodel.contexts.ForechStatementContext.solveSymbol(java.lang.String, com.github.javaparser.symbolsolver.model.resolution.TypeSolver) -> com.github.javaparser.symbolsolver.core.resolution.Context com.github.javaparser.symbolsolver.javaparsermodel.contexts.AbstractJavaParserContext<N>.getParent() [ForechStatementContext.java <51:24 51:32>]
LOCAL_SYMBOL: com.github.javaparser.symbolsolver.javaparsermodel.contexts.ForechStatementContext.solveSymbol<0> [ForechStatementContext.java <51:48 51:51>]
LOCAL_SYMBOL: com.github.javaparser.symbolsolver.javaparsermodel.contexts.ForechStatementContext.solveSymbol<1> [ForechStatementContext.java <51:54 51:63>]
SYMBOL_METHOD public com.github.javaparser.symbolsolver.model.resolution.SymbolReference<com.github.javaparser.symbolsolver.model.declarations.MethodDeclaration> com.github.javaparser.symbolsolver.javaparsermodel.contexts.ForechStatementContext.solveMethod(java.lang.String, java.util.List<com.github.javaparser.symbolsolver.model.typesystem.Type>, boolean, com.github.javaparser.symbolsolver.model.resolution.TypeSolver) [ForechStatementContext.java <56:5 <57:47 57:57> 59:5>]
SYMBOL_METHOD com.github.javaparser.symbolsolver.model.resolution.SymbolReference<com.github.javaparser.symbolsolver.model.declarations.MethodDeclaration> com.github.javaparser.symbolsolver.core.resolution.Context.solveMethod(java.lang.String, java.util.List<com.github.javaparser.symbolsolver.model.typesystem.Type>, boolean, com.github.javaparser.symbolsolver.model.resolution.TypeSolver)
REFERENCE_OVERRIDE com.github.javaparser.symbolsolver.model.resolution.SymbolReference<com.github.javaparser.symbolsolver.model.declarations.MethodDeclaration> com.github.javaparser.symbolsolver.javaparsermodel.contexts.ForechStatementContext.solveMethod(java.lang.String, java.util.List<com.github.javaparser.symbolsolver.model.typesystem.Type>, boolean, com.github.javaparser.symbolsolver.model.resolution.TypeSolver) -> com.github.javaparser.symbolsolver.model.resolution.SymbolReference<com.github.javaparser.symbolsolver.model.declarations.MethodDeclaration> com.github.javaparser.symbolsolver.core.resolution.Context.solveMethod(java.lang.String, java.util.List<com.github.javaparser.symbolsolver.model.typesystem.Type>, boolean, com.github.javaparser.symbolsolver.model.resolution.TypeSolver) [ForechStatementContext.java <57:47 57:57>]
REFERENCE_TYPE_USAGE com.github.javaparser.symbolsolver.model.resolution.SymbolReference<com.github.javaparser.symbolsolver.model.declarations.MethodDeclaration> com.github.javaparser.symbolsolver.javaparsermodel.contexts.ForechStatementContext.solveMethod(java.lang.String, java.util.List<com.github.javaparser.symbolsolver.model.typesystem.Type>, boolean, com.github.javaparser.symbolsolver.model.resolution.TypeSolver) -> com.github.javaparser.symbolsolver.model.resolution.SymbolReference<S> [ForechStatementContext.java <57:12 57:26>]
REFERENCE_TYPE_ARGUMENT com.github.javaparser.symbolsolver.model.resolution.SymbolReference<com.github.javaparser.symbolsolver.model.declarations.MethodDeclaration> com.github.javaparser.symbolsolver.javaparsermodel.contexts.ForechStatementContext.solveMethod(java.lang.String, java.util.List<com.github.javaparser.symbolsolver.model.typesystem.Type>, boolean, com.github.javaparser.symbolsolver.model.resolution.TypeSolver) -> com.github.javaparser.symbolsolver.model.declarations.MethodDeclaration [ForechStatementContext.java <57:28 57:44>]
REFERENCE_TYPE_USAGE com.github.javaparser.symbolsolver.model.resolution.SymbolReference<com.github.javaparser.symbolsolver.model.declarations.MethodDeclaration> com.github.javaparser.symbolsolver.javaparsermodel.contexts.ForechStatementContext.solveMethod(java.lang.String, java.util.List<com.github.javaparser.symbolsolver.model.typesystem.Type>, boolean, com.github.javaparser.symbolsolver.model.resolution.TypeSolver) -> java.lang.String [ForechStatementContext.java <57:59 57:64>]
LOCAL_SYMBOL: com.github.javaparser.symbolsolver.javaparsermodel.contexts.ForechStatementContext.solveMethod<0> [ForechStatementContext.java <57:66 57:69>]
REFERENCE_TYPE_USAGE com.github.javaparser.symbolsolver.model.resolution.SymbolReference<com.github.javaparser.symbolsolver.model.declarations.MethodDeclaration> com.github.javaparser.symbolsolver.javaparsermodel.contexts.ForechStatementContext.solveMethod(java.lang.String, java.util.List<com.github.javaparser.symbolsolver.model.typesystem.Type>, boolean, com.github.javaparser.symbolsolver.model.resolution.TypeSolver) -> java.util.List<E> [ForechStatementContext.java <57:72 57:75>]
REFERENCE_TYPE_ARGUMENT com.github.javaparser.symbolsolver.model.resolution.SymbolReference<com.github.javaparser.symbolsolver.model.declarations.MethodDeclaration> com.github.javaparser.symbolsolver.javaparsermodel.contexts.ForechStatementContext.solveMethod(java.lang.String, java.util.List<com.github.javaparser.symbolsolver.model.typesystem.Type>, boolean, com.github.javaparser.symbolsolver.model.resolution.TypeSolver) -> com.github.javaparser.symbolsolver.model.typesystem.Type [ForechStatementContext.java <57:77 57:80>]
LOCAL_SYMBOL: com.github.javaparser.symbolsolver.javaparsermodel.contexts.ForechStatementContext.solveMethod<1> [ForechStatementContext.java <57:83 57:96>]
SYMBOL_BUILTIN_TYPE boolean
REFERENCE_TYPE_USAGE com.github.javaparser.symbolsolver.model.resolution.SymbolReference<com.github.javaparser.symbolsolver.model.declarations.MethodDeclaration> com.github.javaparser.symbolsolver.javaparsermodel.contexts.ForechStatementContext.solveMethod(java.lang.String, java.util.List<com.github.javaparser.symbolsolver.model.typesystem.Type>, boolean, com.github.javaparser.symbolsolver.model.resolution.TypeSolver) -> boolean [ForechStatementContext.java <57:99 57:105>]
LOCAL_SYMBOL: com.github.javaparser.symbolsolver.javaparsermodel.contexts.ForechStatementContext.solveMethod<2> [ForechStatementContext.java <57:107 57:116>]
REFERENCE_TYPE_USAGE com.github.javaparser.symbolsolver.model.resolution.SymbolReference<com.github.javaparser.symbolsolver.model.declarations.MethodDeclaration> com.github.javaparser.symbolsolver.javaparsermodel.contexts.ForechStatementContext.solveMethod(java.lang.String, java.util.List<com.github.javaparser.symbolsolver.model.typesystem.Type>, boolean, com.github.javaparser.symbolsolver.model.resolution.TypeSolver) -> com.github.javaparser.symbolsolver.model.resolution.TypeSolver [ForechStatementContext.java <57:119 57:128>]
LOCAL_SYMBOL: com.github.javaparser.symbolsolver.javaparsermodel.contexts.ForechStatementContext.solveMethod<3> [ForechStatementContext.java <57:130 57:139>]
LOCAL_SYMBOL: ForechStatementContext.java<57:142> [ForechStatementContext.java <57:142 57:142>]
LOCAL_SYMBOL: ForechStatementContext.java<57:142> [ForechStatementContext.java <59:5 59:5>]
SYMBOL_METHOD com.github.javaparser.symbolsolver.model.resolution.SymbolReference<com.github.javaparser.symbolsolver.model.declarations.MethodDeclaration> com.github.javaparser.symbolsolver.core.resolution.Context.solveMethod(java.lang.String, java.util.List<com.github.javaparser.symbolsolver.model.typesystem.Type>, boolean, com.github.javaparser.symbolsolver.model.resolution.TypeSolver)
REFERENCE_CALL com.github.javaparser.symbolsolver.model.resolution.SymbolReference<com.github.javaparser.symbolsolver.model.declarations.MethodDeclaration> com.github.javaparser.symbolsolver.javaparsermodel.contexts.ForechStatementContext.solveMethod(java.lang.String, java.util.List<com.github.javaparser.symbolsolver.model.typesystem.Type>, boolean, com.github.javaparser.symbolsolver.model.resolution.TypeSolver) -> com.github.javaparser.symbolsolver.model.resolution.SymbolReference<com.github.javaparser.symbolsolver.model.declarations.MethodDeclaration> com.github.javaparser.symbolsolver.core.resolution.Context.solveMethod(java.lang.String, java.util.List<com.github.javaparser.symbolsolver.model.typesystem.Type>, boolean, com.github.javaparser.symbolsolver.model.resolution.TypeSolver) [ForechStatementContext.java <58:28 58:38>]
SYMBOL_METHOD com.github.javaparser.symbolsolver.core.resolution.Context com.github.javaparser.symbolsolver.javaparsermodel.contexts.AbstractJavaParserContext<N>.getParent()
REFERENCE_CALL com.github.javaparser.symbolsolver.model.resolution.SymbolReference<com.github.javaparser.symbolsolver.model.declarations.MethodDeclaration> com.github.javaparser.symbolsolver.javaparsermodel.contexts.ForechStatementContext.solveMethod(java.lang.String, java.util.List<com.github.javaparser.symbolsolver.model.typesystem.Type>, boolean, com.github.javaparser.symbolsolver.model.resolution.TypeSolver) -> com.github.javaparser.symbolsolver.core.resolution.Context com.github.javaparser.symbolsolver.javaparsermodel.contexts.AbstractJavaParserContext<N>.getParent() [ForechStatementContext.java <58:16 58:24>]
LOCAL_SYMBOL: com.github.javaparser.symbolsolver.javaparsermodel.contexts.ForechStatementContext.solveMethod<0> [ForechStatementContext.java <58:40 58:43>]
LOCAL_SYMBOL: com.github.javaparser.symbolsolver.javaparsermodel.contexts.ForechStatementContext.solveMethod<1> [ForechStatementContext.java <58:46 58:59>]
LOCAL_SYMBOL: com.github.javaparser.symbolsolver.javaparsermodel.contexts.ForechStatementContext.solveMethod<3> [ForechStatementContext.java <58:69 58:78>]
COMMENT: comment [ForechStatementContext.java <1:1 15:3>]
