FILE: ForStatementContext.java
SYMBOL_PACKAGE: com.github.javaparser.symbolsolver.javaparsermodel.contexts [ <17:60 17:67>]
QUALIFIER: com.github.javaparser.symbolsolver.javaparsermodel [ <17:44 17:58>]
QUALIFIER: com.github.javaparser.symbolsolver.javaparsermodel [ <26:43 26:57>]
SYMBOL_PACKAGE: com.github.javaparser.symbolsolver.javaparsermodel
QUALIFIER: com.github.javaparser.symbolsolver [ <17:31 17:42>]
QUALIFIER: com.github.javaparser.symbolsolver [ <26:30 26:41>]
QUALIFIER: com.github.javaparser.symbolsolver [ <27:30 27:41>]
QUALIFIER: com.github.javaparser.symbolsolver [ <28:30 28:41>]
QUALIFIER: com.github.javaparser.symbolsolver [ <29:30 29:41>]
QUALIFIER: com.github.javaparser.symbolsolver [ <30:30 30:41>]
QUALIFIER: com.github.javaparser.symbolsolver [ <31:30 31:41>]
QUALIFIER: com.github.javaparser.symbolsolver [ <35:37 35:48>]
SYMBOL_PACKAGE: com.github.javaparser.symbolsolver
QUALIFIER: com.github.javaparser [ <17:20 17:29>]
QUALIFIER: com.github.javaparser [ <19:19 19:28>]
QUALIFIER: com.github.javaparser [ <20:19 20:28>]
QUALIFIER: com.github.javaparser [ <21:19 21:28>]
QUALIFIER: com.github.javaparser [ <22:19 22:28>]
QUALIFIER: com.github.javaparser [ <23:19 23:28>]
QUALIFIER: com.github.javaparser [ <24:19 24:28>]
QUALIFIER: com.github.javaparser [ <25:19 25:28>]
QUALIFIER: com.github.javaparser [ <26:19 26:28>]
QUALIFIER: com.github.javaparser [ <27:19 27:28>]
QUALIFIER: com.github.javaparser [ <28:19 28:28>]
QUALIFIER: com.github.javaparser [ <29:19 29:28>]
QUALIFIER: com.github.javaparser [ <30:19 30:28>]
QUALIFIER: com.github.javaparser [ <31:19 31:28>]
QUALIFIER: com.github.javaparser [ <35:26 35:35>]
SYMBOL_PACKAGE: com.github.javaparser
QUALIFIER: com.github [ <17:13 17:18>]
QUALIFIER: com.github [ <19:12 19:17>]
QUALIFIER: com.github [ <20:12 20:17>]
QUALIFIER: com.github [ <21:12 21:17>]
QUALIFIER: com.github [ <22:12 22:17>]
QUALIFIER: com.github [ <23:12 23:17>]
QUALIFIER: com.github [ <24:12 24:17>]
QUALIFIER: com.github [ <25:12 25:17>]
QUALIFIER: com.github [ <26:12 26:17>]
QUALIFIER: com.github [ <27:12 27:17>]
QUALIFIER: com.github [ <28:12 28:17>]
QUALIFIER: com.github [ <29:12 29:17>]
QUALIFIER: com.github [ <30:12 30:17>]
QUALIFIER: com.github [ <31:12 31:17>]
QUALIFIER: com.github [ <35:19 35:24>]
SYMBOL_PACKAGE: com.github
QUALIFIER: com [ <17:9 17:11>]
QUALIFIER: com [ <19:8 19:10>]
QUALIFIER: com [ <20:8 20:10>]
QUALIFIER: com [ <21:8 21:10>]
QUALIFIER: com [ <22:8 22:10>]
QUALIFIER: com [ <23:8 23:10>]
QUALIFIER: com [ <24:8 24:10>]
QUALIFIER: com [ <25:8 25:10>]
QUALIFIER: com [ <26:8 26:10>]
QUALIFIER: com [ <27:8 27:10>]
QUALIFIER: com [ <28:8 28:10>]
QUALIFIER: com [ <29:8 29:10>]
QUALIFIER: com [ <30:8 30:10>]
QUALIFIER: com [ <31:8 31:10>]
QUALIFIER: com [ <35:15 35:17>]
SYMBOL_PACKAGE: com
QUALIFIER: com.github.javaparser.ast.body [ <19:34 19:37>]
SYMBOL_PACKAGE: com.github.javaparser.ast.body
QUALIFIER: com.github.javaparser.ast [ <19:30 19:32>]
QUALIFIER: com.github.javaparser.ast [ <20:30 20:32>]
QUALIFIER: com.github.javaparser.ast [ <21:30 21:32>]
QUALIFIER: com.github.javaparser.ast [ <22:30 22:32>]
QUALIFIER: com.github.javaparser.ast [ <23:30 23:32>]
QUALIFIER: com.github.javaparser.ast [ <24:30 24:32>]
QUALIFIER: com.github.javaparser.ast [ <25:30 25:32>]
SYMBOL_PACKAGE: com.github.javaparser.ast
QUALIFIER: com.github.javaparser.ast.expr [ <20:34 20:37>]
QUALIFIER: com.github.javaparser.ast.expr [ <21:34 21:37>]
QUALIFIER: com.github.javaparser.ast.expr [ <22:34 22:37>]
QUALIFIER: com.github.javaparser.ast.expr [ <23:34 23:37>]
SYMBOL_PACKAGE: com.github.javaparser.ast.expr
QUALIFIER: com.github.javaparser.ast.nodeTypes [ <24:34 24:42>]
SYMBOL_PACKAGE: com.github.javaparser.ast.nodeTypes
QUALIFIER: com.github.javaparser.ast.stmt [ <25:34 25:37>]
SYMBOL_PACKAGE: com.github.javaparser.ast.stmt
QUALIFIER: com.github.javaparser.symbolsolver.javaparsermodel.declarations.JavaParserSymbolDeclaration [ <50:55 50:81>]
QUALIFIER: com.github.javaparser.symbolsolver.javaparsermodel.declarations [ <26:59 26:70>]
SYMBOL_PACKAGE: com.github.javaparser.symbolsolver.javaparsermodel.declarations
QUALIFIER: com.github.javaparser.symbolsolver.model.declarations [ <27:49 27:60>]
QUALIFIER: com.github.javaparser.symbolsolver.model.declarations [ <28:49 28:60>]
SYMBOL_PACKAGE: com.github.javaparser.symbolsolver.model.declarations
QUALIFIER: com.github.javaparser.symbolsolver.model [ <27:43 27:47>]
QUALIFIER: com.github.javaparser.symbolsolver.model [ <28:43 28:47>]
QUALIFIER: com.github.javaparser.symbolsolver.model [ <29:43 29:47>]
QUALIFIER: com.github.javaparser.symbolsolver.model [ <30:43 30:47>]
QUALIFIER: com.github.javaparser.symbolsolver.model [ <31:43 31:47>]
SYMBOL_PACKAGE: com.github.javaparser.symbolsolver.model
QUALIFIER: com.github.javaparser.symbolsolver.model.resolution [ <29:49 29:58>]
QUALIFIER: com.github.javaparser.symbolsolver.model.resolution [ <30:49 30:58>]
SYMBOL_PACKAGE: com.github.javaparser.symbolsolver.model.resolution
QUALIFIER: com.github.javaparser.symbolsolver.model.typesystem [ <31:49 31:58>]
SYMBOL_PACKAGE: com.github.javaparser.symbolsolver.model.typesystem
QUALIFIER: java.util [ <33:13 33:16>]
SYMBOL_PACKAGE: java.util
QUALIFIER: java [ <33:8 33:11>]
SYMBOL_PACKAGE: java
SYMBOL_METHOD: static com.github.javaparser.ast.Node com.github.javaparser.symbolsolver.javaparser.Navigator.getParentNode(com.github.javaparser.ast.Node)
QUALIFIER: com.github.javaparser.symbolsolver.javaparser.Navigator [ <35:61 35:69>]
QUALIFIER: com.github.javaparser.symbolsolver.javaparser [ <35:50 35:59>]
SYMBOL_PACKAGE: com.github.javaparser.symbolsolver.javaparser
SYMBOL_CLASS: public com.github.javaparser.symbolsolver.javaparsermodel.contexts.ForStatementContext [ <37:1 <37:14 37:32> 69:1>]
SYMBOL_METHOD: public com.github.javaparser.symbolsolver.javaparsermodel.contexts.ForStatementContext.ForStatementContext(com.github.javaparser.ast.stmt.ForStmt, com.github.javaparser.symbolsolver.model.resolution.TypeSolver) [ <39:5 <39:5 <39:12 39:30> 39:74> 41:5>]
SYMBOL_METHOD: com.github.javaparser.symbolsolver.javaparsermodel.contexts.AbstractJavaParserContext<N>.AbstractJavaParserContext(com.github.javaparser.symbolsolver.javaparsermodel.contexts.AbstractJavaParserContext<N>.N, com.github.javaparser.symbolsolver.model.resolution.TypeSolver)
SYMBOL_METHOD: public com.github.javaparser.symbolsolver.model.resolution.SymbolReference<? extends ValueDeclaration> com.github.javaparser.symbolsolver.javaparsermodel.contexts.ForStatementContext.solveSymbol(java.lang.String, com.github.javaparser.symbolsolver.model.resolution.TypeSolver) [ <43:5 <43:5 <44:56 44:66> 44:102> 63:5>]
SYMBOL_METHOD: com.github.javaparser.symbolsolver.model.resolution.SymbolReference<? extends ValueDeclaration> com.github.javaparser.symbolsolver.core.resolution.Context.solveSymbol(java.lang.String, com.github.javaparser.symbolsolver.model.resolution.TypeSolver)
SYMBOL_PACKAGE: java.lang
SYMBOL_METHOD: com.github.javaparser.ast.NodeList<com.github.javaparser.ast.expr.Expression> com.github.javaparser.ast.stmt.ForStmt.getInitialization()
SYMBOL_FIELD: com.github.javaparser.symbolsolver.javaparsermodel.contexts.AbstractJavaParserContext<N>.N com.github.javaparser.symbolsolver.javaparsermodel.contexts.AbstractJavaParserContext<N>.wrappedNode
SYMBOL_METHOD: com.github.javaparser.ast.NodeList<com.github.javaparser.ast.body.VariableDeclarator> com.github.javaparser.ast.expr.VariableDeclarationExpr.getVariables()
SYMBOL_METHOD: boolean java.lang.String.equals(java.lang.Object)
SYMBOL_METHOD: java.lang.String com.github.javaparser.ast.nodeTypes.NodeWithIdentifier<N>.getId()
SYMBOL_METHOD: com.github.javaparser.ast.expr.SimpleName com.github.javaparser.ast.body.VariableDeclarator.getName()
SYMBOL_METHOD: static com.github.javaparser.symbolsolver.model.resolution.SymbolReference<S> com.github.javaparser.symbolsolver.model.resolution.SymbolReference<S>.solved<S, S2>(S2)
QUALIFIER: com.github.javaparser.symbolsolver.model.resolution.SymbolReference [ <50:32 50:46>]
SYMBOL_METHOD: static com.github.javaparser.symbolsolver.javaparsermodel.declarations.JavaParserSymbolDeclaration com.github.javaparser.symbolsolver.javaparsermodel.declarations.JavaParserSymbolDeclaration.localVar(com.github.javaparser.ast.body.VariableDeclarator, com.github.javaparser.symbolsolver.model.resolution.TypeSolver)
SYMBOL_METHOD: java.lang.UnsupportedOperationException.UnsupportedOperationException(java.lang.String)
SYMBOL_METHOD: java.lang.String java.lang.Class<T>.getCanonicalName()
SYMBOL_METHOD: java.lang.Class<?> java.lang.Object.getClass()
SYMBOL_METHOD: static com.github.javaparser.symbolsolver.model.resolution.SymbolReference<? extends ValueDeclaration> com.github.javaparser.symbolsolver.javaparsermodel.contexts.StatementContext<N>.solveInBlock(java.lang.String, com.github.javaparser.symbolsolver.model.resolution.TypeSolver, com.github.javaparser.ast.stmt.Statement)
QUALIFIER: com.github.javaparser.symbolsolver.javaparsermodel.contexts.StatementContext [ <59:20 59:35>]
SYMBOL_METHOD: com.github.javaparser.symbolsolver.core.resolution.Context com.github.javaparser.symbolsolver.javaparsermodel.contexts.AbstractJavaParserContext<N>.getParent()
SYMBOL_METHOD: public com.github.javaparser.symbolsolver.model.resolution.SymbolReference<com.github.javaparser.symbolsolver.model.declarations.MethodDeclaration> com.github.javaparser.symbolsolver.javaparsermodel.contexts.ForStatementContext.solveMethod(java.lang.String, java.util.List<com.github.javaparser.symbolsolver.model.typesystem.Type>, boolean, com.github.javaparser.symbolsolver.model.resolution.TypeSolver) [ <65:5 <65:5 <66:47 66:57> 66:140> 68:5>]
SYMBOL_METHOD: com.github.javaparser.symbolsolver.model.resolution.SymbolReference<com.github.javaparser.symbolsolver.model.declarations.MethodDeclaration> com.github.javaparser.symbolsolver.core.resolution.Context.solveMethod(java.lang.String, java.util.List<com.github.javaparser.symbolsolver.model.typesystem.Type>, boolean, com.github.javaparser.symbolsolver.model.resolution.TypeSolver)
SYMBOL_BUILTIN_TYPE: boolean
REFERENCE_IMPORT: ForStatementContext.java -> com.github.javaparser.ast.body.VariableDeclarator [ <19:39 19:56>]
REFERENCE_IMPORT: ForStatementContext.java -> com.github.javaparser.ast.expr.AssignExpr [ <20:39 20:48>]
REFERENCE_IMPORT: ForStatementContext.java -> com.github.javaparser.ast.expr.Expression [ <21:39 21:48>]
REFERENCE_IMPORT: ForStatementContext.java -> com.github.javaparser.ast.expr.MethodCallExpr [ <22:39 22:52>]
REFERENCE_IMPORT: ForStatementContext.java -> com.github.javaparser.ast.expr.VariableDeclarationExpr [ <23:39 23:61>]
REFERENCE_IMPORT: ForStatementContext.java -> com.github.javaparser.ast.nodeTypes.NodeWithStatements<N> [ <24:44 24:61>]
REFERENCE_IMPORT: ForStatementContext.java -> com.github.javaparser.ast.stmt.ForStmt [ <25:39 25:45>]
REFERENCE_IMPORT: ForStatementContext.java -> com.github.javaparser.symbolsolver.javaparsermodel.declarations.JavaParserSymbolDeclaration [ <26:72 26:98>]
REFERENCE_IMPORT: ForStatementContext.java -> com.github.javaparser.symbolsolver.model.declarations.MethodDeclaration [ <27:62 27:78>]
REFERENCE_IMPORT: ForStatementContext.java -> com.github.javaparser.symbolsolver.model.declarations.ValueDeclaration [ <28:62 28:77>]
REFERENCE_IMPORT: ForStatementContext.java -> com.github.javaparser.symbolsolver.model.resolution.SymbolReference<S> [ <29:60 29:74>]
REFERENCE_IMPORT: ForStatementContext.java -> com.github.javaparser.symbolsolver.model.resolution.TypeSolver [ <30:60 30:69>]
REFERENCE_IMPORT: ForStatementContext.java -> com.github.javaparser.symbolsolver.model.typesystem.Type [ <31:60 31:63>]
REFERENCE_IMPORT: ForStatementContext.java -> java.util.List<E> [ <33:18 33:21>]
REFERENCE_IMPORT: ForStatementContext.java -> static com.github.javaparser.ast.Node com.github.javaparser.symbolsolver.javaparser.Navigator.getParentNode(com.github.javaparser.ast.Node) [ <35:71 35:83>]
REFERENCE_TYPE_ARGUMENT: com.github.javaparser.symbolsolver.javaparsermodel.contexts.AbstractJavaParserContext<N> -> com.github.javaparser.ast.stmt.ForStmt [ <37:68 37:74>]
REFERENCE_INHERITANCE: com.github.javaparser.symbolsolver.javaparsermodel.contexts.ForStatementContext -> com.github.javaparser.symbolsolver.javaparsermodel.contexts.AbstractJavaParserContext<N> [ <37:42 37:66>]
REFERENCE_TYPE_USAGE: com.github.javaparser.symbolsolver.javaparsermodel.contexts.ForStatementContext -> com.github.javaparser.ast.stmt.ForStmt [ <37:68 37:74>]
REFERENCE_OVERRIDE: com.github.javaparser.symbolsolver.javaparsermodel.contexts.ForStatementContext.ForStatementContext(com.github.javaparser.ast.stmt.ForStmt, com.github.javaparser.symbolsolver.model.resolution.TypeSolver) -> com.github.javaparser.symbolsolver.javaparsermodel.contexts.AbstractJavaParserContext<N>.AbstractJavaParserContext(com.github.javaparser.symbolsolver.javaparsermodel.contexts.AbstractJavaParserContext<N>.N, com.github.javaparser.symbolsolver.model.resolution.TypeSolver) [ <39:12 39:30>]
REFERENCE_TYPE_USAGE: com.github.javaparser.symbolsolver.javaparsermodel.contexts.ForStatementContext.ForStatementContext(com.github.javaparser.ast.stmt.ForStmt, com.github.javaparser.symbolsolver.model.resolution.TypeSolver) -> com.github.javaparser.ast.stmt.ForStmt [ <39:32 39:38>]
REFERENCE_TYPE_USAGE: com.github.javaparser.symbolsolver.javaparsermodel.contexts.ForStatementContext.ForStatementContext(com.github.javaparser.ast.stmt.ForStmt, com.github.javaparser.symbolsolver.model.resolution.TypeSolver) -> com.github.javaparser.symbolsolver.model.resolution.TypeSolver [ <39:53 39:62>]
REFERENCE_CALL: com.github.javaparser.symbolsolver.javaparsermodel.contexts.ForStatementContext.ForStatementContext(com.github.javaparser.ast.stmt.ForStmt, com.github.javaparser.symbolsolver.model.resolution.TypeSolver) -> com.github.javaparser.symbolsolver.javaparsermodel.contexts.AbstractJavaParserContext<N>.AbstractJavaParserContext(com.github.javaparser.symbolsolver.javaparsermodel.contexts.AbstractJavaParserContext<N>.N, com.github.javaparser.symbolsolver.model.resolution.TypeSolver) [ <40:9 40:13>]
REFERENCE_OVERRIDE: com.github.javaparser.symbolsolver.model.resolution.SymbolReference<? extends ValueDeclaration> com.github.javaparser.symbolsolver.javaparsermodel.contexts.ForStatementContext.solveSymbol(java.lang.String, com.github.javaparser.symbolsolver.model.resolution.TypeSolver) -> com.github.javaparser.symbolsolver.model.resolution.SymbolReference<? extends ValueDeclaration> com.github.javaparser.symbolsolver.core.resolution.Context.solveSymbol(java.lang.String, com.github.javaparser.symbolsolver.model.resolution.TypeSolver) [ <44:56 44:66>]
REFERENCE_ANNOTATION_USAGE: com.github.javaparser.symbolsolver.model.resolution.SymbolReference<? extends ValueDeclaration> com.github.javaparser.symbolsolver.javaparsermodel.contexts.ForStatementContext.solveSymbol(java.lang.String, com.github.javaparser.symbolsolver.model.resolution.TypeSolver) -> java.lang.Override [ <43:6 43:13>]
REFERENCE_TYPE_ARGUMENT: com.github.javaparser.symbolsolver.model.resolution.SymbolReference<S> -> ? extends ValueDeclaration [ <44:28 44:53>]
REFERENCE_TYPE_USAGE: com.github.javaparser.symbolsolver.model.resolution.SymbolReference<? extends ValueDeclaration> com.github.javaparser.symbolsolver.javaparsermodel.contexts.ForStatementContext.solveSymbol(java.lang.String, com.github.javaparser.symbolsolver.model.resolution.TypeSolver) -> com.github.javaparser.symbolsolver.model.resolution.SymbolReference<S> [ <44:12 44:26>]
REFERENCE_TYPE_USAGE: com.github.javaparser.symbolsolver.model.resolution.SymbolReference<? extends ValueDeclaration> com.github.javaparser.symbolsolver.javaparsermodel.contexts.ForStatementContext.solveSymbol(java.lang.String, com.github.javaparser.symbolsolver.model.resolution.TypeSolver) -> com.github.javaparser.symbolsolver.model.declarations.ValueDeclaration [ <44:38 44:53>]
REFERENCE_TYPE_USAGE: com.github.javaparser.symbolsolver.model.resolution.SymbolReference<? extends ValueDeclaration> com.github.javaparser.symbolsolver.javaparsermodel.contexts.ForStatementContext.solveSymbol(java.lang.String, com.github.javaparser.symbolsolver.model.resolution.TypeSolver) -> java.lang.String [ <44:68 44:73>]
REFERENCE_TYPE_USAGE: com.github.javaparser.symbolsolver.model.resolution.SymbolReference<? extends ValueDeclaration> com.github.javaparser.symbolsolver.javaparsermodel.contexts.ForStatementContext.solveSymbol(java.lang.String, com.github.javaparser.symbolsolver.model.resolution.TypeSolver) -> com.github.javaparser.symbolsolver.model.resolution.TypeSolver [ <44:81 44:90>]
REFERENCE_TYPE_USAGE: com.github.javaparser.symbolsolver.model.resolution.SymbolReference<? extends ValueDeclaration> com.github.javaparser.symbolsolver.javaparsermodel.contexts.ForStatementContext.solveSymbol(java.lang.String, com.github.javaparser.symbolsolver.model.resolution.TypeSolver) -> com.github.javaparser.ast.expr.Expression [ <45:14 45:23>]
REFERENCE_CALL: com.github.javaparser.symbolsolver.model.resolution.SymbolReference<? extends ValueDeclaration> com.github.javaparser.symbolsolver.javaparsermodel.contexts.ForStatementContext.solveSymbol(java.lang.String, com.github.javaparser.symbolsolver.model.resolution.TypeSolver) -> com.github.javaparser.ast.NodeList<com.github.javaparser.ast.expr.Expression> com.github.javaparser.ast.stmt.ForStmt.getInitialization() [ <45:50 45:66>]
REFERENCE_USAGE: com.github.javaparser.symbolsolver.model.resolution.SymbolReference<? extends ValueDeclaration> com.github.javaparser.symbolsolver.javaparsermodel.contexts.ForStatementContext.solveSymbol(java.lang.String, com.github.javaparser.symbolsolver.model.resolution.TypeSolver) -> com.github.javaparser.symbolsolver.javaparsermodel.contexts.AbstractJavaParserContext<N>.N com.github.javaparser.symbolsolver.javaparsermodel.contexts.AbstractJavaParserContext<N>.wrappedNode [ <45:38 45:48>]
REFERENCE_USAGE: com.github.javaparser.symbolsolver.model.resolution.SymbolReference<? extends ValueDeclaration> com.github.javaparser.symbolsolver.javaparsermodel.contexts.ForStatementContext.solveSymbol(java.lang.String, com.github.javaparser.symbolsolver.model.resolution.TypeSolver) -> com.github.javaparser.symbolsolver.javaparsermodel.contexts.AbstractJavaParserContext<N>.N com.github.javaparser.symbolsolver.javaparsermodel.contexts.AbstractJavaParserContext<N>.wrappedNode [ <58:27 58:37>]
REFERENCE_USAGE: com.github.javaparser.symbolsolver.model.resolution.SymbolReference<? extends ValueDeclaration> com.github.javaparser.symbolsolver.javaparsermodel.contexts.ForStatementContext.solveSymbol(java.lang.String, com.github.javaparser.symbolsolver.model.resolution.TypeSolver) -> com.github.javaparser.symbolsolver.javaparsermodel.contexts.AbstractJavaParserContext<N>.N com.github.javaparser.symbolsolver.javaparsermodel.contexts.AbstractJavaParserContext<N>.wrappedNode [ <59:68 59:78>]
REFERENCE_TYPE_USAGE: com.github.javaparser.symbolsolver.model.resolution.SymbolReference<? extends ValueDeclaration> com.github.javaparser.symbolsolver.javaparsermodel.contexts.ForStatementContext.solveSymbol(java.lang.String, com.github.javaparser.symbolsolver.model.resolution.TypeSolver) -> com.github.javaparser.ast.expr.VariableDeclarationExpr [ <46:39 46:61>]
REFERENCE_TYPE_USAGE: com.github.javaparser.symbolsolver.model.resolution.SymbolReference<? extends ValueDeclaration> com.github.javaparser.symbolsolver.javaparsermodel.contexts.ForStatementContext.solveSymbol(java.lang.String, com.github.javaparser.symbolsolver.model.resolution.TypeSolver) -> com.github.javaparser.ast.expr.VariableDeclarationExpr [ <47:17 47:39>]
REFERENCE_TYPE_USAGE: com.github.javaparser.symbolsolver.model.resolution.SymbolReference<? extends ValueDeclaration> com.github.javaparser.symbolsolver.javaparsermodel.contexts.ForStatementContext.solveSymbol(java.lang.String, com.github.javaparser.symbolsolver.model.resolution.TypeSolver) -> com.github.javaparser.ast.expr.VariableDeclarationExpr [ <47:68 47:90>]
REFERENCE_TYPE_USAGE: com.github.javaparser.symbolsolver.model.resolution.SymbolReference<? extends ValueDeclaration> com.github.javaparser.symbolsolver.javaparsermodel.contexts.ForStatementContext.solveSymbol(java.lang.String, com.github.javaparser.symbolsolver.model.resolution.TypeSolver) -> com.github.javaparser.ast.body.VariableDeclarator [ <48:22 48:39>]
REFERENCE_CALL: com.github.javaparser.symbolsolver.model.resolution.SymbolReference<? extends ValueDeclaration> com.github.javaparser.symbolsolver.javaparsermodel.contexts.ForStatementContext.solveSymbol(java.lang.String, com.github.javaparser.symbolsolver.model.resolution.TypeSolver) -> com.github.javaparser.ast.NodeList<com.github.javaparser.ast.body.VariableDeclarator> com.github.javaparser.ast.expr.VariableDeclarationExpr.getVariables() [ <48:86 48:97>]
REFERENCE_CALL: com.github.javaparser.symbolsolver.model.resolution.SymbolReference<? extends ValueDeclaration> com.github.javaparser.symbolsolver.javaparsermodel.contexts.ForStatementContext.solveSymbol(java.lang.String, com.github.javaparser.symbolsolver.model.resolution.TypeSolver) -> boolean java.lang.String.equals(java.lang.Object) [ <49:62 49:67>]
REFERENCE_CALL: com.github.javaparser.symbolsolver.model.resolution.SymbolReference<? extends ValueDeclaration> com.github.javaparser.symbolsolver.javaparsermodel.contexts.ForStatementContext.solveSymbol(java.lang.String, com.github.javaparser.symbolsolver.model.resolution.TypeSolver) -> java.lang.String com.github.javaparser.ast.nodeTypes.NodeWithIdentifier<N>.getId() [ <49:54 49:58>]
REFERENCE_CALL: com.github.javaparser.symbolsolver.model.resolution.SymbolReference<? extends ValueDeclaration> com.github.javaparser.symbolsolver.javaparsermodel.contexts.ForStatementContext.solveSymbol(java.lang.String, com.github.javaparser.symbolsolver.model.resolution.TypeSolver) -> com.github.javaparser.ast.expr.SimpleName com.github.javaparser.ast.body.VariableDeclarator.getName() [ <49:44 49:50>]
REFERENCE_CALL: com.github.javaparser.symbolsolver.model.resolution.SymbolReference<? extends ValueDeclaration> com.github.javaparser.symbolsolver.javaparsermodel.contexts.ForStatementContext.solveSymbol(java.lang.String, com.github.javaparser.symbolsolver.model.resolution.TypeSolver) -> static com.github.javaparser.symbolsolver.model.resolution.SymbolReference<S> com.github.javaparser.symbolsolver.model.resolution.SymbolReference<S>.solved<S, S2>(S2) [ <50:48 50:53>]
REFERENCE_CALL: com.github.javaparser.symbolsolver.model.resolution.SymbolReference<? extends ValueDeclaration> com.github.javaparser.symbolsolver.javaparsermodel.contexts.ForStatementContext.solveSymbol(java.lang.String, com.github.javaparser.symbolsolver.model.resolution.TypeSolver) -> static com.github.javaparser.symbolsolver.javaparsermodel.declarations.JavaParserSymbolDeclaration com.github.javaparser.symbolsolver.javaparsermodel.declarations.JavaParserSymbolDeclaration.localVar(com.github.javaparser.ast.body.VariableDeclarator, com.github.javaparser.symbolsolver.model.resolution.TypeSolver) [ <50:83 50:90>]
REFERENCE_TYPE_USAGE: com.github.javaparser.symbolsolver.model.resolution.SymbolReference<? extends ValueDeclaration> com.github.javaparser.symbolsolver.javaparsermodel.contexts.ForStatementContext.solveSymbol(java.lang.String, com.github.javaparser.symbolsolver.model.resolution.TypeSolver) -> com.github.javaparser.ast.expr.AssignExpr [ <53:48 53:57>]
REFERENCE_TYPE_USAGE: com.github.javaparser.symbolsolver.model.resolution.SymbolReference<? extends ValueDeclaration> com.github.javaparser.symbolsolver.javaparsermodel.contexts.ForStatementContext.solveSymbol(java.lang.String, com.github.javaparser.symbolsolver.model.resolution.TypeSolver) -> com.github.javaparser.ast.expr.MethodCallExpr [ <53:84 53:97>]
REFERENCE_CALL: com.github.javaparser.symbolsolver.model.resolution.SymbolReference<? extends ValueDeclaration> com.github.javaparser.symbolsolver.javaparsermodel.contexts.ForStatementContext.solveSymbol(java.lang.String, com.github.javaparser.symbolsolver.model.resolution.TypeSolver) -> java.lang.UnsupportedOperationException.UnsupportedOperationException(java.lang.String) [ <54:27 54:55>]
REFERENCE_TYPE_USAGE: com.github.javaparser.symbolsolver.model.resolution.SymbolReference<? extends ValueDeclaration> com.github.javaparser.symbolsolver.javaparsermodel.contexts.ForStatementContext.solveSymbol(java.lang.String, com.github.javaparser.symbolsolver.model.resolution.TypeSolver) -> java.lang.UnsupportedOperationException [ <54:27 54:55>]
REFERENCE_CALL: com.github.javaparser.symbolsolver.model.resolution.SymbolReference<? extends ValueDeclaration> com.github.javaparser.symbolsolver.javaparsermodel.contexts.ForStatementContext.solveSymbol(java.lang.String, com.github.javaparser.symbolsolver.model.resolution.TypeSolver) -> java.lang.String java.lang.Class<T>.getCanonicalName() [ <54:79 54:94>]
REFERENCE_CALL: com.github.javaparser.symbolsolver.model.resolution.SymbolReference<? extends ValueDeclaration> com.github.javaparser.symbolsolver.javaparsermodel.contexts.ForStatementContext.solveSymbol(java.lang.String, com.github.javaparser.symbolsolver.model.resolution.TypeSolver) -> java.lang.Class<?> java.lang.Object.getClass() [ <54:68 54:75>]
REFERENCE_CALL: com.github.javaparser.symbolsolver.model.resolution.SymbolReference<? extends ValueDeclaration> com.github.javaparser.symbolsolver.javaparsermodel.contexts.ForStatementContext.solveSymbol(java.lang.String, com.github.javaparser.symbolsolver.model.resolution.TypeSolver) -> static com.github.javaparser.ast.Node com.github.javaparser.symbolsolver.javaparser.Navigator.getParentNode(com.github.javaparser.ast.Node) [ <58:13 58:25>]
REFERENCE_TYPE_USAGE: com.github.javaparser.symbolsolver.model.resolution.SymbolReference<? extends ValueDeclaration> com.github.javaparser.symbolsolver.javaparsermodel.contexts.ForStatementContext.solveSymbol(java.lang.String, com.github.javaparser.symbolsolver.model.resolution.TypeSolver) -> com.github.javaparser.ast.nodeTypes.NodeWithStatements<N> [ <58:51 58:68>]
REFERENCE_CALL: com.github.javaparser.symbolsolver.model.resolution.SymbolReference<? extends ValueDeclaration> com.github.javaparser.symbolsolver.javaparsermodel.contexts.ForStatementContext.solveSymbol(java.lang.String, com.github.javaparser.symbolsolver.model.resolution.TypeSolver) -> static com.github.javaparser.symbolsolver.model.resolution.SymbolReference<? extends ValueDeclaration> com.github.javaparser.symbolsolver.javaparsermodel.contexts.StatementContext<N>.solveInBlock(java.lang.String, com.github.javaparser.symbolsolver.model.resolution.TypeSolver, com.github.javaparser.ast.stmt.Statement) [ <59:37 59:48>]
REFERENCE_CALL: com.github.javaparser.symbolsolver.model.resolution.SymbolReference<? extends ValueDeclaration> com.github.javaparser.symbolsolver.javaparsermodel.contexts.ForStatementContext.solveSymbol(java.lang.String, com.github.javaparser.symbolsolver.model.resolution.TypeSolver) -> com.github.javaparser.symbolsolver.model.resolution.SymbolReference<? extends ValueDeclaration> com.github.javaparser.symbolsolver.core.resolution.Context.solveSymbol(java.lang.String, com.github.javaparser.symbolsolver.model.resolution.TypeSolver) [ <61:32 61:42>]
REFERENCE_CALL: com.github.javaparser.symbolsolver.model.resolution.SymbolReference<? extends ValueDeclaration> com.github.javaparser.symbolsolver.javaparsermodel.contexts.ForStatementContext.solveSymbol(java.lang.String, com.github.javaparser.symbolsolver.model.resolution.TypeSolver) -> com.github.javaparser.symbolsolver.core.resolution.Context com.github.javaparser.symbolsolver.javaparsermodel.contexts.AbstractJavaParserContext<N>.getParent() [ <61:20 61:28>]
REFERENCE_OVERRIDE: com.github.javaparser.symbolsolver.model.resolution.SymbolReference<com.github.javaparser.symbolsolver.model.declarations.MethodDeclaration> com.github.javaparser.symbolsolver.javaparsermodel.contexts.ForStatementContext.solveMethod(java.lang.String, java.util.List<com.github.javaparser.symbolsolver.model.typesystem.Type>, boolean, com.github.javaparser.symbolsolver.model.resolution.TypeSolver) -> com.github.javaparser.symbolsolver.model.resolution.SymbolReference<com.github.javaparser.symbolsolver.model.declarations.MethodDeclaration> com.github.javaparser.symbolsolver.core.resolution.Context.solveMethod(java.lang.String, java.util.List<com.github.javaparser.symbolsolver.model.typesystem.Type>, boolean, com.github.javaparser.symbolsolver.model.resolution.TypeSolver) [ <66:47 66:57>]
REFERENCE_ANNOTATION_USAGE: com.github.javaparser.symbolsolver.model.resolution.SymbolReference<com.github.javaparser.symbolsolver.model.declarations.MethodDeclaration> com.github.javaparser.symbolsolver.javaparsermodel.contexts.ForStatementContext.solveMethod(java.lang.String, java.util.List<com.github.javaparser.symbolsolver.model.typesystem.Type>, boolean, com.github.javaparser.symbolsolver.model.resolution.TypeSolver) -> java.lang.Override [ <65:6 65:13>]
REFERENCE_TYPE_ARGUMENT: com.github.javaparser.symbolsolver.model.resolution.SymbolReference<S> -> com.github.javaparser.symbolsolver.model.declarations.MethodDeclaration [ <66:28 66:44>]
REFERENCE_TYPE_USAGE: com.github.javaparser.symbolsolver.model.resolution.SymbolReference<com.github.javaparser.symbolsolver.model.declarations.MethodDeclaration> com.github.javaparser.symbolsolver.javaparsermodel.contexts.ForStatementContext.solveMethod(java.lang.String, java.util.List<com.github.javaparser.symbolsolver.model.typesystem.Type>, boolean, com.github.javaparser.symbolsolver.model.resolution.TypeSolver) -> com.github.javaparser.symbolsolver.model.resolution.SymbolReference<S> [ <66:12 66:26>]
REFERENCE_TYPE_USAGE: com.github.javaparser.symbolsolver.model.resolution.SymbolReference<com.github.javaparser.symbolsolver.model.declarations.MethodDeclaration> com.github.javaparser.symbolsolver.javaparsermodel.contexts.ForStatementContext.solveMethod(java.lang.String, java.util.List<com.github.javaparser.symbolsolver.model.typesystem.Type>, boolean, com.github.javaparser.symbolsolver.model.resolution.TypeSolver) -> com.github.javaparser.symbolsolver.model.declarations.MethodDeclaration [ <66:28 66:44>]
REFERENCE_TYPE_USAGE: com.github.javaparser.symbolsolver.model.resolution.SymbolReference<com.github.javaparser.symbolsolver.model.declarations.MethodDeclaration> com.github.javaparser.symbolsolver.javaparsermodel.contexts.ForStatementContext.solveMethod(java.lang.String, java.util.List<com.github.javaparser.symbolsolver.model.typesystem.Type>, boolean, com.github.javaparser.symbolsolver.model.resolution.TypeSolver) -> java.lang.String [ <66:59 66:64>]
REFERENCE_TYPE_ARGUMENT: java.util.List<E> -> com.github.javaparser.symbolsolver.model.typesystem.Type [ <66:77 66:80>]
REFERENCE_TYPE_USAGE: com.github.javaparser.symbolsolver.model.resolution.SymbolReference<com.github.javaparser.symbolsolver.model.declarations.MethodDeclaration> com.github.javaparser.symbolsolver.javaparsermodel.contexts.ForStatementContext.solveMethod(java.lang.String, java.util.List<com.github.javaparser.symbolsolver.model.typesystem.Type>, boolean, com.github.javaparser.symbolsolver.model.resolution.TypeSolver) -> java.util.List<E> [ <66:72 66:75>]
REFERENCE_TYPE_USAGE: com.github.javaparser.symbolsolver.model.resolution.SymbolReference<com.github.javaparser.symbolsolver.model.declarations.MethodDeclaration> com.github.javaparser.symbolsolver.javaparsermodel.contexts.ForStatementContext.solveMethod(java.lang.String, java.util.List<com.github.javaparser.symbolsolver.model.typesystem.Type>, boolean, com.github.javaparser.symbolsolver.model.resolution.TypeSolver) -> com.github.javaparser.symbolsolver.model.typesystem.Type [ <66:77 66:80>]
REFERENCE_TYPE_USAGE: com.github.javaparser.symbolsolver.model.resolution.SymbolReference<com.github.javaparser.symbolsolver.model.declarations.MethodDeclaration> com.github.javaparser.symbolsolver.javaparsermodel.contexts.ForStatementContext.solveMethod(java.lang.String, java.util.List<com.github.javaparser.symbolsolver.model.typesystem.Type>, boolean, com.github.javaparser.symbolsolver.model.resolution.TypeSolver) -> boolean [ <66:99 66:105>]
REFERENCE_TYPE_USAGE: com.github.javaparser.symbolsolver.model.resolution.SymbolReference<com.github.javaparser.symbolsolver.model.declarations.MethodDeclaration> com.github.javaparser.symbolsolver.javaparsermodel.contexts.ForStatementContext.solveMethod(java.lang.String, java.util.List<com.github.javaparser.symbolsolver.model.typesystem.Type>, boolean, com.github.javaparser.symbolsolver.model.resolution.TypeSolver) -> com.github.javaparser.symbolsolver.model.resolution.TypeSolver [ <66:119 66:128>]
REFERENCE_CALL: com.github.javaparser.symbolsolver.model.resolution.SymbolReference<com.github.javaparser.symbolsolver.model.declarations.MethodDeclaration> com.github.javaparser.symbolsolver.javaparsermodel.contexts.ForStatementContext.solveMethod(java.lang.String, java.util.List<com.github.javaparser.symbolsolver.model.typesystem.Type>, boolean, com.github.javaparser.symbolsolver.model.resolution.TypeSolver) -> com.github.javaparser.symbolsolver.model.resolution.SymbolReference<com.github.javaparser.symbolsolver.model.declarations.MethodDeclaration> com.github.javaparser.symbolsolver.core.resolution.Context.solveMethod(java.lang.String, java.util.List<com.github.javaparser.symbolsolver.model.typesystem.Type>, boolean, com.github.javaparser.symbolsolver.model.resolution.TypeSolver) [ <67:28 67:38>]
REFERENCE_CALL: com.github.javaparser.symbolsolver.model.resolution.SymbolReference<com.github.javaparser.symbolsolver.model.declarations.MethodDeclaration> com.github.javaparser.symbolsolver.javaparsermodel.contexts.ForStatementContext.solveMethod(java.lang.String, java.util.List<com.github.javaparser.symbolsolver.model.typesystem.Type>, boolean, com.github.javaparser.symbolsolver.model.resolution.TypeSolver) -> com.github.javaparser.symbolsolver.core.resolution.Context com.github.javaparser.symbolsolver.javaparsermodel.contexts.AbstractJavaParserContext<N>.getParent() [ <67:16 67:24>]
LOCAL_SYMBOL: ForStatementContext.java<37:77> [ <37:77 37:77>]
LOCAL_SYMBOL: ForStatementContext.java<37:77> [ <69:1 69:1>]
LOCAL_SYMBOL: ForStatementContext.java<39:76> [ <39:76 39:76>]
LOCAL_SYMBOL: ForStatementContext.java<39:76> [ <41:5 41:5>]
LOCAL_SYMBOL: ForStatementContext.java<44:104> [ <44:104 44:104>]
LOCAL_SYMBOL: ForStatementContext.java<44:104> [ <63:5 63:5>]
LOCAL_SYMBOL: ForStatementContext.java<45:71> [ <45:71 45:71>]
LOCAL_SYMBOL: ForStatementContext.java<45:71> [ <56:9 56:9>]
LOCAL_SYMBOL: ForStatementContext.java<46:64> [ <46:64 46:64>]
LOCAL_SYMBOL: ForStatementContext.java<46:64> [ <53:13 53:13>]
LOCAL_SYMBOL: ForStatementContext.java<48:102> [ <48:102 48:102>]
LOCAL_SYMBOL: ForStatementContext.java<48:102> [ <52:17 52:17>]
LOCAL_SYMBOL: ForStatementContext.java<49:76> [ <49:76 49:76>]
LOCAL_SYMBOL: ForStatementContext.java<49:76> [ <51:21 51:21>]
LOCAL_SYMBOL: ForStatementContext.java<53:101> [ <53:101 53:101>]
LOCAL_SYMBOL: ForStatementContext.java<53:101> [ <55:13 55:13>]
LOCAL_SYMBOL: ForStatementContext.java<58:71> [ <58:71 58:71>]
LOCAL_SYMBOL: ForStatementContext.java<58:71> [ <60:9 60:9>]
LOCAL_SYMBOL: ForStatementContext.java<60:16> [ <60:16 60:16>]
LOCAL_SYMBOL: ForStatementContext.java<60:16> [ <62:9 62:9>]
LOCAL_SYMBOL: ForStatementContext.java<66:142> [ <66:142 66:142>]
LOCAL_SYMBOL: ForStatementContext.java<66:142> [ <68:5 68:5>]
LOCAL_SYMBOL: com.github.javaparser.symbolsolver.javaparsermodel.contexts.ForStatementContext.ForStatementContext<0> [ <39:40 39:50>]
LOCAL_SYMBOL: com.github.javaparser.symbolsolver.javaparsermodel.contexts.ForStatementContext.ForStatementContext<0> [ <40:15 40:25>]
LOCAL_SYMBOL: com.github.javaparser.symbolsolver.javaparsermodel.contexts.ForStatementContext.ForStatementContext<1> [ <39:64 39:73>]
LOCAL_SYMBOL: com.github.javaparser.symbolsolver.javaparsermodel.contexts.ForStatementContext.ForStatementContext<1> [ <40:28 40:37>]
LOCAL_SYMBOL: com.github.javaparser.symbolsolver.javaparsermodel.contexts.ForStatementContext.solveMethod<0> [ <66:66 66:69>]
LOCAL_SYMBOL: com.github.javaparser.symbolsolver.javaparsermodel.contexts.ForStatementContext.solveMethod<0> [ <67:40 67:43>]
LOCAL_SYMBOL: com.github.javaparser.symbolsolver.javaparsermodel.contexts.ForStatementContext.solveMethod<1> [ <66:83 66:96>]
LOCAL_SYMBOL: com.github.javaparser.symbolsolver.javaparsermodel.contexts.ForStatementContext.solveMethod<1> [ <67:46 67:59>]
LOCAL_SYMBOL: com.github.javaparser.symbolsolver.javaparsermodel.contexts.ForStatementContext.solveMethod<2> [ <66:107 66:116>]
LOCAL_SYMBOL: com.github.javaparser.symbolsolver.javaparsermodel.contexts.ForStatementContext.solveMethod<3> [ <66:130 66:139>]
LOCAL_SYMBOL: com.github.javaparser.symbolsolver.javaparsermodel.contexts.ForStatementContext.solveMethod<3> [ <67:69 67:78>]
LOCAL_SYMBOL: com.github.javaparser.symbolsolver.javaparsermodel.contexts.ForStatementContext.solveSymbol<0> [ <44:75 44:78>]
LOCAL_SYMBOL: com.github.javaparser.symbolsolver.javaparsermodel.contexts.ForStatementContext.solveSymbol<0> [ <49:69 49:72>]
LOCAL_SYMBOL: com.github.javaparser.symbolsolver.javaparsermodel.contexts.ForStatementContext.solveSymbol<0> [ <59:50 59:53>]
LOCAL_SYMBOL: com.github.javaparser.symbolsolver.javaparsermodel.contexts.ForStatementContext.solveSymbol<0> [ <61:44 61:47>]
LOCAL_SYMBOL: com.github.javaparser.symbolsolver.javaparsermodel.contexts.ForStatementContext.solveSymbol<1> [ <44:92 44:101>]
LOCAL_SYMBOL: com.github.javaparser.symbolsolver.javaparsermodel.contexts.ForStatementContext.solveSymbol<1> [ <50:112 50:121>]
LOCAL_SYMBOL: com.github.javaparser.symbolsolver.javaparsermodel.contexts.ForStatementContext.solveSymbol<1> [ <59:56 59:65>]
LOCAL_SYMBOL: com.github.javaparser.symbolsolver.javaparsermodel.contexts.ForStatementContext.solveSymbol<1> [ <61:50 61:59>]
LOCAL_SYMBOL: com.github.javaparser.symbolsolver.javaparsermodel.contexts.ForStatementContext.solveSymbol<2> [ <45:25 45:34>]
LOCAL_SYMBOL: com.github.javaparser.symbolsolver.javaparsermodel.contexts.ForStatementContext.solveSymbol<2> [ <46:17 46:26>]
LOCAL_SYMBOL: com.github.javaparser.symbolsolver.javaparsermodel.contexts.ForStatementContext.solveSymbol<2> [ <47:93 47:102>]
LOCAL_SYMBOL: com.github.javaparser.symbolsolver.javaparsermodel.contexts.ForStatementContext.solveSymbol<2> [ <53:26 53:35>]
LOCAL_SYMBOL: com.github.javaparser.symbolsolver.javaparsermodel.contexts.ForStatementContext.solveSymbol<2> [ <53:62 53:71>]
LOCAL_SYMBOL: com.github.javaparser.symbolsolver.javaparsermodel.contexts.ForStatementContext.solveSymbol<2> [ <54:57 54:66>]
LOCAL_SYMBOL: com.github.javaparser.symbolsolver.javaparsermodel.contexts.ForStatementContext.solveSymbol<4> [ <47:41 47:63>]
LOCAL_SYMBOL: com.github.javaparser.symbolsolver.javaparsermodel.contexts.ForStatementContext.solveSymbol<4> [ <48:62 48:84>]
LOCAL_SYMBOL: com.github.javaparser.symbolsolver.javaparsermodel.contexts.ForStatementContext.solveSymbol<5> [ <48:41 48:58>]
LOCAL_SYMBOL: com.github.javaparser.symbolsolver.javaparsermodel.contexts.ForStatementContext.solveSymbol<5> [ <49:25 49:42>]
LOCAL_SYMBOL: com.github.javaparser.symbolsolver.javaparsermodel.contexts.ForStatementContext.solveSymbol<5> [ <50:92 50:109>]
COMMENT: comment [ <1:1 15:3>]
