FILE: ParameterDeclaration.java
SYMBOL_PACKAGE com.github.javaparser.symbolsolver.model.declarations [ParameterDeclaration.java <17:50 17:61>]
SYMBOL_PACKAGE com.github.javaparser.symbolsolver.model
SYMBOL_PACKAGE com.github.javaparser.symbolsolver
SYMBOL_PACKAGE com.github.javaparser
SYMBOL_PACKAGE com.github
SYMBOL_PACKAGE com
QUALIFIER: com.github.javaparser.symbolsolver.model [ParameterDeclaration.java <17:44 17:48>]
QUALIFIER: com.github.javaparser.symbolsolver [ParameterDeclaration.java <17:31 17:42>]
QUALIFIER: com.github.javaparser [ParameterDeclaration.java <17:20 17:29>]
QUALIFIER: com.github [ParameterDeclaration.java <17:13 17:18>]
QUALIFIER: com [ParameterDeclaration.java <17:9 17:11>]
SYMBOL_INTERFACE public com.github.javaparser.symbolsolver.model.declarations.ParameterDeclaration [ParameterDeclaration.java <24:1 <24:18 24:37> 52:1>]
LOCAL_SYMBOL: ParameterDeclaration.java<24:64> [ParameterDeclaration.java <24:64 24:64>]
LOCAL_SYMBOL: ParameterDeclaration.java<24:64> [ParameterDeclaration.java <52:1 52:1>]
COMMENT: comment [ParameterDeclaration.java <19:1 23:3>]
REFERENCE_INHERITANCE com.github.javaparser.symbolsolver.model.declarations.ParameterDeclaration -> com.github.javaparser.symbolsolver.model.declarations.ValueDeclaration [ParameterDeclaration.java <24:47 24:62>]
SYMBOL_METHOD default boolean com.github.javaparser.symbolsolver.model.declarations.ParameterDeclaration.isParameter() [ParameterDeclaration.java <26:5 <26:5  <27:21 27:31> 27:33> 29:5>]
SYMBOL_METHOD boolean com.github.javaparser.symbolsolver.model.declarations.Declaration.isParameter()
REFERENCE_OVERRIDE boolean com.github.javaparser.symbolsolver.model.declarations.ParameterDeclaration.isParameter() -> boolean com.github.javaparser.symbolsolver.model.declarations.Declaration.isParameter() [ParameterDeclaration.java <27:21 27:31>]
SYMBOL_PACKAGE java.lang
REFERENCE_ANNOTATION_USAGE boolean com.github.javaparser.symbolsolver.model.declarations.ParameterDeclaration.isParameter() -> java.lang.Override [ParameterDeclaration.java <26:6 26:13>]
SYMBOL_BUILTIN_TYPE boolean
REFERENCE_TYPE_USAGE boolean com.github.javaparser.symbolsolver.model.declarations.ParameterDeclaration.isParameter() -> boolean [ParameterDeclaration.java <27:13 27:19>]
LOCAL_SYMBOL: ParameterDeclaration.java<27:35> [ParameterDeclaration.java <27:35 27:35>]
LOCAL_SYMBOL: ParameterDeclaration.java<27:35> [ParameterDeclaration.java <29:5 29:5>]
SYMBOL_METHOD default com.github.javaparser.symbolsolver.model.declarations.ParameterDeclaration com.github.javaparser.symbolsolver.model.declarations.ParameterDeclaration.asParameter() [ParameterDeclaration.java <31:5 <31:5  <32:34 32:44> 32:46> 34:5>]
SYMBOL_METHOD com.github.javaparser.symbolsolver.model.declarations.ParameterDeclaration com.github.javaparser.symbolsolver.model.declarations.Declaration.asParameter()
REFERENCE_OVERRIDE com.github.javaparser.symbolsolver.model.declarations.ParameterDeclaration com.github.javaparser.symbolsolver.model.declarations.ParameterDeclaration.asParameter() -> com.github.javaparser.symbolsolver.model.declarations.ParameterDeclaration com.github.javaparser.symbolsolver.model.declarations.Declaration.asParameter() [ParameterDeclaration.java <32:34 32:44>]
REFERENCE_ANNOTATION_USAGE com.github.javaparser.symbolsolver.model.declarations.ParameterDeclaration com.github.javaparser.symbolsolver.model.declarations.ParameterDeclaration.asParameter() -> java.lang.Override [ParameterDeclaration.java <31:6 31:13>]
REFERENCE_TYPE_USAGE com.github.javaparser.symbolsolver.model.declarations.ParameterDeclaration com.github.javaparser.symbolsolver.model.declarations.ParameterDeclaration.asParameter() -> com.github.javaparser.symbolsolver.model.declarations.ParameterDeclaration [ParameterDeclaration.java <32:13 32:32>]
LOCAL_SYMBOL: ParameterDeclaration.java<32:48> [ParameterDeclaration.java <32:48 32:48>]
LOCAL_SYMBOL: ParameterDeclaration.java<32:48> [ParameterDeclaration.java <34:5 34:5>]
SYMBOL_METHOD default boolean com.github.javaparser.symbolsolver.model.declarations.ParameterDeclaration.isVariadic() [ParameterDeclaration.java <39:1 <39:1  <39:13 39:22> 39:24> 39:25>]
COMMENT: comment [ParameterDeclaration.java <36:5 38:7>]
REFERENCE_TYPE_USAGE boolean com.github.javaparser.symbolsolver.model.declarations.ParameterDeclaration.isVariadic() -> boolean [ParameterDeclaration.java <39:5 39:11>]
SYMBOL_METHOD default java.lang.String com.github.javaparser.symbolsolver.model.declarations.ParameterDeclaration.describeType() [ParameterDeclaration.java <45:1 <45:1  <45:20 45:31> 45:33> 51:5>]
COMMENT: comment [ParameterDeclaration.java <41:5 44:7>]
REFERENCE_TYPE_USAGE java.lang.String com.github.javaparser.symbolsolver.model.declarations.ParameterDeclaration.describeType() -> java.lang.String [ParameterDeclaration.java <45:13 45:18>]
LOCAL_SYMBOL: ParameterDeclaration.java<45:35> [ParameterDeclaration.java <45:35 45:35>]
LOCAL_SYMBOL: ParameterDeclaration.java<45:35> [ParameterDeclaration.java <51:5 51:5>]
SYMBOL_METHOD boolean com.github.javaparser.symbolsolver.model.declarations.ParameterDeclaration.isVariadic()
REFERENCE_CALL java.lang.String com.github.javaparser.symbolsolver.model.declarations.ParameterDeclaration.describeType() -> boolean com.github.javaparser.symbolsolver.model.declarations.ParameterDeclaration.isVariadic() [ParameterDeclaration.java <46:13 46:22>]
LOCAL_SYMBOL: ParameterDeclaration.java<46:27> [ParameterDeclaration.java <46:27 46:27>]
LOCAL_SYMBOL: ParameterDeclaration.java<46:27> [ParameterDeclaration.java <48:9 48:9>]
SYMBOL_METHOD java.lang.String com.github.javaparser.symbolsolver.model.typesystem.Type.describe()
REFERENCE_CALL java.lang.String com.github.javaparser.symbolsolver.model.declarations.ParameterDeclaration.describeType() -> java.lang.String com.github.javaparser.symbolsolver.model.typesystem.Type.describe() [ParameterDeclaration.java <47:63 47:70>]
SYMBOL_METHOD com.github.javaparser.symbolsolver.model.typesystem.Type com.github.javaparser.symbolsolver.model.typesystem.ArrayType.getComponentType()
REFERENCE_CALL java.lang.String com.github.javaparser.symbolsolver.model.declarations.ParameterDeclaration.describeType() -> com.github.javaparser.symbolsolver.model.typesystem.Type com.github.javaparser.symbolsolver.model.typesystem.ArrayType.getComponentType() [ParameterDeclaration.java <47:44 47:59>]
SYMBOL_METHOD com.github.javaparser.symbolsolver.model.typesystem.ArrayType com.github.javaparser.symbolsolver.model.typesystem.Type.asArrayType()
REFERENCE_CALL java.lang.String com.github.javaparser.symbolsolver.model.declarations.ParameterDeclaration.describeType() -> com.github.javaparser.symbolsolver.model.typesystem.ArrayType com.github.javaparser.symbolsolver.model.typesystem.Type.asArrayType() [ParameterDeclaration.java <47:30 47:40>]
SYMBOL_METHOD com.github.javaparser.symbolsolver.model.typesystem.Type com.github.javaparser.symbolsolver.model.declarations.ValueDeclaration.getType()
REFERENCE_CALL java.lang.String com.github.javaparser.symbolsolver.model.declarations.ParameterDeclaration.describeType() -> com.github.javaparser.symbolsolver.model.typesystem.Type com.github.javaparser.symbolsolver.model.declarations.ValueDeclaration.getType() [ParameterDeclaration.java <47:20 47:26>]
LOCAL_SYMBOL: ParameterDeclaration.java<48:16> [ParameterDeclaration.java <48:16 48:16>]
LOCAL_SYMBOL: ParameterDeclaration.java<48:16> [ParameterDeclaration.java <50:9 50:9>]
REFERENCE_CALL java.lang.String com.github.javaparser.symbolsolver.model.declarations.ParameterDeclaration.describeType() -> java.lang.String com.github.javaparser.symbolsolver.model.typesystem.Type.describe() [ParameterDeclaration.java <49:30 49:37>]
REFERENCE_CALL java.lang.String com.github.javaparser.symbolsolver.model.declarations.ParameterDeclaration.describeType() -> com.github.javaparser.symbolsolver.model.typesystem.Type com.github.javaparser.symbolsolver.model.declarations.ValueDeclaration.getType() [ParameterDeclaration.java <49:20 49:26>]
COMMENT: comment [ParameterDeclaration.java <1:1 15:3>]
