FILE: DefaultConstructorDeclaration.java
SYMBOL_PACKAGE com.github.javaparser.symbolsolver.javaparsermodel.declarations [DefaultConstructorDeclaration.java <17:9 17:71>]
SYMBOL_PACKAGE com.github.javaparser.symbolsolver.javaparsermodel
SYMBOL_PACKAGE com.github.javaparser.symbolsolver
SYMBOL_PACKAGE com.github.javaparser
SYMBOL_PACKAGE com.github
SYMBOL_PACKAGE com
REFERENCE_IMPORT DefaultConstructorDeclaration.java -> com.github.javaparser.symbolsolver.model.declarations [DefaultConstructorDeclaration.java <19:8 19:60>]
SYMBOL_PACKAGE com.github.javaparser.symbolsolver.model.declarations
REFERENCE_IMPORT DefaultConstructorDeclaration.java -> java.util.Collections [DefaultConstructorDeclaration.java <21:8 21:28>]
SYMBOL_PACKAGE java.util
REFERENCE_IMPORT DefaultConstructorDeclaration.java -> java.util.List<E> [DefaultConstructorDeclaration.java <22:8 22:21>]
SYMBOL_PACKAGE java.util
SYMBOL_CLASS default com.github.javaparser.symbolsolver.javaparsermodel.declarations.DefaultConstructorDeclaration [DefaultConstructorDeclaration.java <27:1 <27:7 27:35> 64:1>]
LOCAL_SYMBOL: DefaultConstructorDeclaration.java<27:71> [DefaultConstructorDeclaration.java <27:71 27:71>]
LOCAL_SYMBOL: DefaultConstructorDeclaration.java<27:71> [DefaultConstructorDeclaration.java <64:1 64:1>]
COMMENT: comment [DefaultConstructorDeclaration.java <24:1 26:3>]
REFERENCE_INHERITANCE com.github.javaparser.symbolsolver.javaparsermodel.declarations.DefaultConstructorDeclaration -> com.github.javaparser.symbolsolver.model.declarations.ConstructorDeclaration [DefaultConstructorDeclaration.java <27:48 27:69>]
SYMBOL_FIELD private com.github.javaparser.symbolsolver.model.declarations.ClassDeclaration com.github.javaparser.symbolsolver.javaparsermodel.declarations.DefaultConstructorDeclaration.classDeclaration [DefaultConstructorDeclaration.java <29:30 29:45>]
REFERENCE_TYPE_USAGE com.github.javaparser.symbolsolver.model.declarations.ClassDeclaration com.github.javaparser.symbolsolver.javaparsermodel.declarations.DefaultConstructorDeclaration.classDeclaration -> com.github.javaparser.symbolsolver.model.declarations.ClassDeclaration [DefaultConstructorDeclaration.java <29:13 29:28>]
SYMBOL_METHOD default com.github.javaparser.symbolsolver.javaparsermodel.declarations.DefaultConstructorDeclaration.DefaultConstructorDeclaration(com.github.javaparser.symbolsolver.model.declarations.ClassDeclaration) [DefaultConstructorDeclaration.java <31:5 <31:5 31:33> 33:5>]
REFERENCE_TYPE_USAGE com.github.javaparser.symbolsolver.javaparsermodel.declarations.DefaultConstructorDeclaration.DefaultConstructorDeclaration(com.github.javaparser.symbolsolver.model.declarations.ClassDeclaration) -> com.github.javaparser.symbolsolver.model.declarations.ClassDeclaration [DefaultConstructorDeclaration.java <31:35 31:50>]
LOCAL_SYMBOL: com.github.javaparser.symbolsolver.javaparsermodel.declarations.DefaultConstructorDeclaration.DefaultConstructorDeclaration<0> [DefaultConstructorDeclaration.java <31:52 31:67>]
LOCAL_SYMBOL: DefaultConstructorDeclaration.java<31:70> [DefaultConstructorDeclaration.java <31:70 31:70>]
LOCAL_SYMBOL: DefaultConstructorDeclaration.java<31:70> [DefaultConstructorDeclaration.java <33:5 33:5>]
SYMBOL_FIELD com.github.javaparser.symbolsolver.model.declarations.ClassDeclaration com.github.javaparser.symbolsolver.javaparsermodel.declarations.DefaultConstructorDeclaration.classDeclaration
REFERENCE_USAGE com.github.javaparser.symbolsolver.javaparsermodel.declarations.DefaultConstructorDeclaration.DefaultConstructorDeclaration(com.github.javaparser.symbolsolver.model.declarations.ClassDeclaration) -> com.github.javaparser.symbolsolver.model.declarations.ClassDeclaration com.github.javaparser.symbolsolver.javaparsermodel.declarations.DefaultConstructorDeclaration.classDeclaration [DefaultConstructorDeclaration.java <32:14 32:29>]
LOCAL_SYMBOL: com.github.javaparser.symbolsolver.javaparsermodel.declarations.DefaultConstructorDeclaration.DefaultConstructorDeclaration<0> [DefaultConstructorDeclaration.java <32:33 32:48>]
SYMBOL_METHOD public com.github.javaparser.symbolsolver.model.declarations.ClassDeclaration com.github.javaparser.symbolsolver.javaparsermodel.declarations.DefaultConstructorDeclaration.declaringType() [DefaultConstructorDeclaration.java <35:5 <36:29 36:41> 38:5>]
SYMBOL_METHOD com.github.javaparser.symbolsolver.model.declarations.ClassDeclaration com.github.javaparser.symbolsolver.model.declarations.ConstructorDeclaration.declaringType()
REFERENCE_OVERRIDE com.github.javaparser.symbolsolver.model.declarations.ClassDeclaration com.github.javaparser.symbolsolver.javaparsermodel.declarations.DefaultConstructorDeclaration.declaringType() -> com.github.javaparser.symbolsolver.model.declarations.ClassDeclaration com.github.javaparser.symbolsolver.model.declarations.ConstructorDeclaration.declaringType() [DefaultConstructorDeclaration.java <36:29 36:41>]
REFERENCE_TYPE_USAGE com.github.javaparser.symbolsolver.model.declarations.ClassDeclaration com.github.javaparser.symbolsolver.javaparsermodel.declarations.DefaultConstructorDeclaration.declaringType() -> com.github.javaparser.symbolsolver.model.declarations.ClassDeclaration [DefaultConstructorDeclaration.java <36:12 36:27>]
LOCAL_SYMBOL: DefaultConstructorDeclaration.java<36:45> [DefaultConstructorDeclaration.java <36:45 36:45>]
LOCAL_SYMBOL: DefaultConstructorDeclaration.java<36:45> [DefaultConstructorDeclaration.java <38:5 38:5>]
SYMBOL_FIELD com.github.javaparser.symbolsolver.model.declarations.ClassDeclaration com.github.javaparser.symbolsolver.javaparsermodel.declarations.DefaultConstructorDeclaration.classDeclaration
REFERENCE_USAGE com.github.javaparser.symbolsolver.model.declarations.ClassDeclaration com.github.javaparser.symbolsolver.javaparsermodel.declarations.DefaultConstructorDeclaration.declaringType() -> com.github.javaparser.symbolsolver.model.declarations.ClassDeclaration com.github.javaparser.symbolsolver.javaparsermodel.declarations.DefaultConstructorDeclaration.classDeclaration [DefaultConstructorDeclaration.java <37:16 37:31>]
SYMBOL_METHOD public int com.github.javaparser.symbolsolver.javaparsermodel.declarations.DefaultConstructorDeclaration.getNumberOfParams() [DefaultConstructorDeclaration.java <40:5 <41:16 41:32> 43:5>]
SYMBOL_METHOD int com.github.javaparser.symbolsolver.model.declarations.MethodLikeDeclaration.getNumberOfParams()
REFERENCE_OVERRIDE int com.github.javaparser.symbolsolver.javaparsermodel.declarations.DefaultConstructorDeclaration.getNumberOfParams() -> int com.github.javaparser.symbolsolver.model.declarations.MethodLikeDeclaration.getNumberOfParams() [DefaultConstructorDeclaration.java <41:16 41:32>]
SYMBOL_BUILTIN_TYPE int
REFERENCE_TYPE_USAGE int com.github.javaparser.symbolsolver.javaparsermodel.declarations.DefaultConstructorDeclaration.getNumberOfParams() -> int [DefaultConstructorDeclaration.java <41:12 41:14>]
LOCAL_SYMBOL: DefaultConstructorDeclaration.java<41:36> [DefaultConstructorDeclaration.java <41:36 41:36>]
LOCAL_SYMBOL: DefaultConstructorDeclaration.java<41:36> [DefaultConstructorDeclaration.java <43:5 43:5>]
SYMBOL_METHOD public com.github.javaparser.symbolsolver.model.declarations.ParameterDeclaration com.github.javaparser.symbolsolver.javaparsermodel.declarations.DefaultConstructorDeclaration.getParam(int) [DefaultConstructorDeclaration.java <45:5 <46:33 46:40> 48:5>]
SYMBOL_METHOD com.github.javaparser.symbolsolver.model.declarations.ParameterDeclaration com.github.javaparser.symbolsolver.model.declarations.MethodLikeDeclaration.getParam(int)
REFERENCE_OVERRIDE com.github.javaparser.symbolsolver.model.declarations.ParameterDeclaration com.github.javaparser.symbolsolver.javaparsermodel.declarations.DefaultConstructorDeclaration.getParam(int) -> com.github.javaparser.symbolsolver.model.declarations.ParameterDeclaration com.github.javaparser.symbolsolver.model.declarations.MethodLikeDeclaration.getParam(int) [DefaultConstructorDeclaration.java <46:33 46:40>]
REFERENCE_TYPE_USAGE com.github.javaparser.symbolsolver.model.declarations.ParameterDeclaration com.github.javaparser.symbolsolver.javaparsermodel.declarations.DefaultConstructorDeclaration.getParam(int) -> com.github.javaparser.symbolsolver.model.declarations.ParameterDeclaration [DefaultConstructorDeclaration.java <46:12 46:31>]
SYMBOL_BUILTIN_TYPE int
REFERENCE_TYPE_USAGE com.github.javaparser.symbolsolver.model.declarations.ParameterDeclaration com.github.javaparser.symbolsolver.javaparsermodel.declarations.DefaultConstructorDeclaration.getParam(int) -> int [DefaultConstructorDeclaration.java <46:42 46:44>]
LOCAL_SYMBOL: com.github.javaparser.symbolsolver.javaparsermodel.declarations.DefaultConstructorDeclaration.getParam<0> [DefaultConstructorDeclaration.java <46:46 46:46>]
LOCAL_SYMBOL: DefaultConstructorDeclaration.java<46:49> [DefaultConstructorDeclaration.java <46:49 46:49>]
LOCAL_SYMBOL: DefaultConstructorDeclaration.java<46:49> [DefaultConstructorDeclaration.java <48:5 48:5>]
SYMBOL_METHOD java.lang.UnsupportedOperationException.UnsupportedOperationException()
REFERENCE_CALL com.github.javaparser.symbolsolver.model.declarations.ParameterDeclaration com.github.javaparser.symbolsolver.javaparsermodel.declarations.DefaultConstructorDeclaration.getParam(int) -> java.lang.UnsupportedOperationException.UnsupportedOperationException() [DefaultConstructorDeclaration.java <47:19 47:47>]
REFERENCE_TYPE_USAGE com.github.javaparser.symbolsolver.model.declarations.ParameterDeclaration com.github.javaparser.symbolsolver.javaparsermodel.declarations.DefaultConstructorDeclaration.getParam(int) -> java.lang.UnsupportedOperationException [DefaultConstructorDeclaration.java <47:19 47:47>]
SYMBOL_METHOD public java.lang.String com.github.javaparser.symbolsolver.javaparsermodel.declarations.DefaultConstructorDeclaration.getName() [DefaultConstructorDeclaration.java <50:5 <51:19 51:25> 53:5>]
SYMBOL_METHOD java.lang.String com.github.javaparser.symbolsolver.model.declarations.Declaration.getName()
REFERENCE_OVERRIDE java.lang.String com.github.javaparser.symbolsolver.javaparsermodel.declarations.DefaultConstructorDeclaration.getName() -> java.lang.String com.github.javaparser.symbolsolver.model.declarations.Declaration.getName() [DefaultConstructorDeclaration.java <51:19 51:25>]
REFERENCE_TYPE_USAGE java.lang.String com.github.javaparser.symbolsolver.javaparsermodel.declarations.DefaultConstructorDeclaration.getName() -> java.lang.String [DefaultConstructorDeclaration.java <51:12 51:17>]
LOCAL_SYMBOL: DefaultConstructorDeclaration.java<51:29> [DefaultConstructorDeclaration.java <51:29 51:29>]
LOCAL_SYMBOL: DefaultConstructorDeclaration.java<51:29> [DefaultConstructorDeclaration.java <53:5 53:5>]
SYMBOL_METHOD java.lang.String com.github.javaparser.symbolsolver.model.declarations.Declaration.getName()
REFERENCE_CALL java.lang.String com.github.javaparser.symbolsolver.javaparsermodel.declarations.DefaultConstructorDeclaration.getName() -> java.lang.String com.github.javaparser.symbolsolver.model.declarations.Declaration.getName() [DefaultConstructorDeclaration.java <52:33 52:39>]
SYMBOL_FIELD com.github.javaparser.symbolsolver.model.declarations.ClassDeclaration com.github.javaparser.symbolsolver.javaparsermodel.declarations.DefaultConstructorDeclaration.classDeclaration
REFERENCE_USAGE java.lang.String com.github.javaparser.symbolsolver.javaparsermodel.declarations.DefaultConstructorDeclaration.getName() -> com.github.javaparser.symbolsolver.model.declarations.ClassDeclaration com.github.javaparser.symbolsolver.javaparsermodel.declarations.DefaultConstructorDeclaration.classDeclaration [DefaultConstructorDeclaration.java <52:16 52:31>]
SYMBOL_METHOD public com.github.javaparser.symbolsolver.model.declarations.AccessLevel com.github.javaparser.symbolsolver.javaparsermodel.declarations.DefaultConstructorDeclaration.accessLevel() [DefaultConstructorDeclaration.java <55:5 <56:24 56:34> 58:5>]
SYMBOL_METHOD com.github.javaparser.symbolsolver.model.declarations.AccessLevel com.github.javaparser.symbolsolver.model.declarations.HasAccessLevel.accessLevel()
REFERENCE_OVERRIDE com.github.javaparser.symbolsolver.model.declarations.AccessLevel com.github.javaparser.symbolsolver.javaparsermodel.declarations.DefaultConstructorDeclaration.accessLevel() -> com.github.javaparser.symbolsolver.model.declarations.AccessLevel com.github.javaparser.symbolsolver.model.declarations.HasAccessLevel.accessLevel() [DefaultConstructorDeclaration.java <56:24 56:34>]
REFERENCE_TYPE_USAGE com.github.javaparser.symbolsolver.model.declarations.AccessLevel com.github.javaparser.symbolsolver.javaparsermodel.declarations.DefaultConstructorDeclaration.accessLevel() -> com.github.javaparser.symbolsolver.model.declarations.AccessLevel [DefaultConstructorDeclaration.java <56:12 56:22>]
LOCAL_SYMBOL: DefaultConstructorDeclaration.java<56:38> [DefaultConstructorDeclaration.java <56:38 56:38>]
LOCAL_SYMBOL: DefaultConstructorDeclaration.java<56:38> [DefaultConstructorDeclaration.java <58:5 58:5>]
SYMBOL_FIELD com.github.javaparser.symbolsolver.model.declarations.AccessLevel.PUBLIC
REFERENCE_USAGE com.github.javaparser.symbolsolver.model.declarations.AccessLevel com.github.javaparser.symbolsolver.javaparsermodel.declarations.DefaultConstructorDeclaration.accessLevel() -> com.github.javaparser.symbolsolver.model.declarations.AccessLevel.PUBLIC [DefaultConstructorDeclaration.java <57:28 57:33>]
SYMBOL_METHOD public java.util.List<com.github.javaparser.symbolsolver.model.declarations.TypeParameterDeclaration> com.github.javaparser.symbolsolver.javaparsermodel.declarations.DefaultConstructorDeclaration.getTypeParameters() [DefaultConstructorDeclaration.java <60:5 <61:43 61:59> 63:5>]
SYMBOL_METHOD java.util.List<com.github.javaparser.symbolsolver.model.declarations.TypeParameterDeclaration> com.github.javaparser.symbolsolver.model.declarations.TypeParametrizable.getTypeParameters()
REFERENCE_OVERRIDE java.util.List<com.github.javaparser.symbolsolver.model.declarations.TypeParameterDeclaration> com.github.javaparser.symbolsolver.javaparsermodel.declarations.DefaultConstructorDeclaration.getTypeParameters() -> java.util.List<com.github.javaparser.symbolsolver.model.declarations.TypeParameterDeclaration> com.github.javaparser.symbolsolver.model.declarations.TypeParametrizable.getTypeParameters() [DefaultConstructorDeclaration.java <61:43 61:59>]
REFERENCE_TYPE_USAGE java.util.List<com.github.javaparser.symbolsolver.model.declarations.TypeParameterDeclaration> com.github.javaparser.symbolsolver.javaparsermodel.declarations.DefaultConstructorDeclaration.getTypeParameters() -> java.util.List<E> [DefaultConstructorDeclaration.java <61:12 61:15>]
REFERENCE_TYPE_ARGUMENT java.util.List<com.github.javaparser.symbolsolver.model.declarations.TypeParameterDeclaration> com.github.javaparser.symbolsolver.javaparsermodel.declarations.DefaultConstructorDeclaration.getTypeParameters() -> com.github.javaparser.symbolsolver.model.declarations.TypeParameterDeclaration [DefaultConstructorDeclaration.java <61:17 61:40>]
LOCAL_SYMBOL: DefaultConstructorDeclaration.java<61:63> [DefaultConstructorDeclaration.java <61:63 61:63>]
LOCAL_SYMBOL: DefaultConstructorDeclaration.java<61:63> [DefaultConstructorDeclaration.java <63:5 63:5>]
SYMBOL_METHOD static java.util.List<T> java.util.Collections.emptyList<T>()
REFERENCE_CALL java.util.List<com.github.javaparser.symbolsolver.model.declarations.TypeParameterDeclaration> com.github.javaparser.symbolsolver.javaparsermodel.declarations.DefaultConstructorDeclaration.getTypeParameters() -> static java.util.List<T> java.util.Collections.emptyList<T>() [DefaultConstructorDeclaration.java <62:28 62:36>]
COMMENT: comment [DefaultConstructorDeclaration.java <1:1 15:3>]
