FILE: package-info.java
SYMBOL_PACKAGE: com.github.javaparser.symbolsolver.javaparsermodel [ <20:44 20:58>]
QUALIFIER: com.github.javaparser.symbolsolver [ <20:31 20:42>]
SYMBOL_PACKAGE: com.github.javaparser.symbolsolver
QUALIFIER: com.github.javaparser [ <20:20 20:29>]
SYMBOL_PACKAGE: com.github.javaparser
QUALIFIER: com.github [ <20:13 20:18>]
SYMBOL_PACKAGE: com.github
QUALIFIER: com [ <20:9 20:11>]
SYMBOL_PACKAGE: com
COMMENT: comment [ <1:1 15:3>]
COMMENT: comment [ <17:1 19:3>]
