FILE: Value.java
SYMBOL_PACKAGE: com.github.javaparser.symbolsolver.model.resolution [ <17:50 17:59>]
QUALIFIER: com.github.javaparser.symbolsolver.model [ <17:44 17:48>]
QUALIFIER: com.github.javaparser.symbolsolver.model [ <19:43 19:47>]
QUALIFIER: com.github.javaparser.symbolsolver.model [ <20:43 20:47>]
SYMBOL_PACKAGE: com.github.javaparser.symbolsolver.model
QUALIFIER: com.github.javaparser.symbolsolver [ <17:31 17:42>]
QUALIFIER: com.github.javaparser.symbolsolver [ <19:30 19:41>]
QUALIFIER: com.github.javaparser.symbolsolver [ <20:30 20:41>]
SYMBOL_PACKAGE: com.github.javaparser.symbolsolver
QUALIFIER: com.github.javaparser [ <17:20 17:29>]
QUALIFIER: com.github.javaparser [ <19:19 19:28>]
QUALIFIER: com.github.javaparser [ <20:19 20:28>]
SYMBOL_PACKAGE: com.github.javaparser
QUALIFIER: com.github [ <17:13 17:18>]
QUALIFIER: com.github [ <19:12 19:17>]
QUALIFIER: com.github [ <20:12 20:17>]
SYMBOL_PACKAGE: com.github
QUALIFIER: com [ <17:9 17:11>]
QUALIFIER: com [ <19:8 19:10>]
QUALIFIER: com [ <20:8 20:10>]
SYMBOL_PACKAGE: com
QUALIFIER: com.github.javaparser.symbolsolver.model.declarations [ <19:49 19:60>]
SYMBOL_PACKAGE: com.github.javaparser.symbolsolver.model.declarations
QUALIFIER: com.github.javaparser.symbolsolver.model.typesystem [ <20:49 20:58>]
SYMBOL_PACKAGE: com.github.javaparser.symbolsolver.model.typesystem
QUALIFIER: com.github.javaparser.symbolsolver.model.resolution.Value [ <32:9 32:12>]
QUALIFIER: com.github.javaparser.symbolsolver.model.resolution.Value [ <33:9 33:12>]
SYMBOL_CLASS: public com.github.javaparser.symbolsolver.model.resolution.Value [ <27:1 <27:14 27:18> 60:1>]
SYMBOL_FIELD: private com.github.javaparser.symbolsolver.model.typesystem.Type com.github.javaparser.symbolsolver.model.resolution.Value.type [ <28:18 28:21>]
SYMBOL_FIELD: private java.lang.String com.github.javaparser.symbolsolver.model.resolution.Value.name [ <29:20 29:23>]
SYMBOL_PACKAGE: java.lang
SYMBOL_METHOD: public com.github.javaparser.symbolsolver.model.resolution.Value.Value(com.github.javaparser.symbolsolver.model.typesystem.Type, java.lang.String) [ <31:5 <31:5 <31:12 31:16> 31:40> 34:5>]
SYMBOL_METHOD: public static com.github.javaparser.symbolsolver.model.resolution.Value com.github.javaparser.symbolsolver.model.resolution.Value.from(com.github.javaparser.symbolsolver.model.declarations.ValueDeclaration) [ <39:1 <39:1 <39:25 39:28> 39:51> 42:5>]
SYMBOL_METHOD: com.github.javaparser.symbolsolver.model.typesystem.Type com.github.javaparser.symbolsolver.model.declarations.ValueDeclaration.getType()
SYMBOL_METHOD: java.lang.String com.github.javaparser.symbolsolver.model.declarations.Declaration.getName()
SYMBOL_METHOD: public java.lang.String com.github.javaparser.symbolsolver.model.resolution.Value.toString() [ <44:5 <44:5 <45:19 45:26> 45:28> 50:5>]
SYMBOL_METHOD: java.lang.String java.lang.Object.toString()
SYMBOL_METHOD: public java.lang.String com.github.javaparser.symbolsolver.model.resolution.Value.getName() [ <52:5 <52:5 <52:19 52:25> 52:27> 54:5>]
SYMBOL_METHOD: public com.github.javaparser.symbolsolver.model.typesystem.Type com.github.javaparser.symbolsolver.model.resolution.Value.getType() [ <56:5 <56:5 <56:17 56:23> 56:25> 58:5>]
REFERENCE_IMPORT: Value.java -> com.github.javaparser.symbolsolver.model.declarations.ValueDeclaration [ <19:62 19:77>]
REFERENCE_IMPORT: Value.java -> com.github.javaparser.symbolsolver.model.typesystem.Type [ <20:60 20:63>]
REFERENCE_TYPE_USAGE: com.github.javaparser.symbolsolver.model.typesystem.Type com.github.javaparser.symbolsolver.model.resolution.Value.type -> com.github.javaparser.symbolsolver.model.typesystem.Type [ <28:13 28:16>]
REFERENCE_TYPE_USAGE: java.lang.String com.github.javaparser.symbolsolver.model.resolution.Value.name -> java.lang.String [ <29:13 29:18>]
REFERENCE_TYPE_USAGE: com.github.javaparser.symbolsolver.model.resolution.Value.Value(com.github.javaparser.symbolsolver.model.typesystem.Type, java.lang.String) -> com.github.javaparser.symbolsolver.model.typesystem.Type [ <31:18 31:21>]
REFERENCE_TYPE_USAGE: com.github.javaparser.symbolsolver.model.resolution.Value.Value(com.github.javaparser.symbolsolver.model.typesystem.Type, java.lang.String) -> java.lang.String [ <31:29 31:34>]
REFERENCE_USAGE: com.github.javaparser.symbolsolver.model.resolution.Value.Value(com.github.javaparser.symbolsolver.model.typesystem.Type, java.lang.String) -> com.github.javaparser.symbolsolver.model.typesystem.Type com.github.javaparser.symbolsolver.model.resolution.Value.type [ <32:14 32:17>]
REFERENCE_USAGE: com.github.javaparser.symbolsolver.model.resolution.Value.Value(com.github.javaparser.symbolsolver.model.typesystem.Type, java.lang.String) -> java.lang.String com.github.javaparser.symbolsolver.model.resolution.Value.name [ <33:14 33:17>]
REFERENCE_TYPE_USAGE: static com.github.javaparser.symbolsolver.model.resolution.Value com.github.javaparser.symbolsolver.model.resolution.Value.from(com.github.javaparser.symbolsolver.model.declarations.ValueDeclaration) -> com.github.javaparser.symbolsolver.model.resolution.Value [ <39:19 39:23>]
REFERENCE_TYPE_USAGE: static com.github.javaparser.symbolsolver.model.resolution.Value com.github.javaparser.symbolsolver.model.resolution.Value.from(com.github.javaparser.symbolsolver.model.declarations.ValueDeclaration) -> com.github.javaparser.symbolsolver.model.resolution.Value [ <41:20 41:24>]
REFERENCE_TYPE_USAGE: static com.github.javaparser.symbolsolver.model.resolution.Value com.github.javaparser.symbolsolver.model.resolution.Value.from(com.github.javaparser.symbolsolver.model.declarations.ValueDeclaration) -> com.github.javaparser.symbolsolver.model.declarations.ValueDeclaration [ <39:30 39:45>]
REFERENCE_TYPE_USAGE: static com.github.javaparser.symbolsolver.model.resolution.Value com.github.javaparser.symbolsolver.model.resolution.Value.from(com.github.javaparser.symbolsolver.model.declarations.ValueDeclaration) -> com.github.javaparser.symbolsolver.model.typesystem.Type [ <40:9 40:12>]
REFERENCE_CALL: static com.github.javaparser.symbolsolver.model.resolution.Value com.github.javaparser.symbolsolver.model.resolution.Value.from(com.github.javaparser.symbolsolver.model.declarations.ValueDeclaration) -> com.github.javaparser.symbolsolver.model.typesystem.Type com.github.javaparser.symbolsolver.model.declarations.ValueDeclaration.getType() [ <40:26 40:32>]
REFERENCE_CALL: static com.github.javaparser.symbolsolver.model.resolution.Value com.github.javaparser.symbolsolver.model.resolution.Value.from(com.github.javaparser.symbolsolver.model.declarations.ValueDeclaration) -> com.github.javaparser.symbolsolver.model.resolution.Value.Value(com.github.javaparser.symbolsolver.model.typesystem.Type, java.lang.String) [ <41:20 41:24>]
REFERENCE_CALL: static com.github.javaparser.symbolsolver.model.resolution.Value com.github.javaparser.symbolsolver.model.resolution.Value.from(com.github.javaparser.symbolsolver.model.declarations.ValueDeclaration) -> java.lang.String com.github.javaparser.symbolsolver.model.declarations.Declaration.getName() [ <41:37 41:43>]
REFERENCE_OVERRIDE: java.lang.String com.github.javaparser.symbolsolver.model.resolution.Value.toString() -> java.lang.String java.lang.Object.toString() [ <45:19 45:26>]
REFERENCE_ANNOTATION_USAGE: java.lang.String com.github.javaparser.symbolsolver.model.resolution.Value.toString() -> java.lang.Override [ <44:6 44:13>]
REFERENCE_TYPE_USAGE: java.lang.String com.github.javaparser.symbolsolver.model.resolution.Value.toString() -> java.lang.String [ <45:12 45:17>]
REFERENCE_USAGE: java.lang.String com.github.javaparser.symbolsolver.model.resolution.Value.toString() -> com.github.javaparser.symbolsolver.model.typesystem.Type com.github.javaparser.symbolsolver.model.resolution.Value.type [ <47:32 47:35>]
REFERENCE_USAGE: java.lang.String com.github.javaparser.symbolsolver.model.resolution.Value.toString() -> java.lang.String com.github.javaparser.symbolsolver.model.resolution.Value.name [ <48:30 48:33>]
REFERENCE_TYPE_USAGE: java.lang.String com.github.javaparser.symbolsolver.model.resolution.Value.getName() -> java.lang.String [ <52:12 52:17>]
REFERENCE_USAGE: java.lang.String com.github.javaparser.symbolsolver.model.resolution.Value.getName() -> java.lang.String com.github.javaparser.symbolsolver.model.resolution.Value.name [ <53:16 53:19>]
REFERENCE_TYPE_USAGE: com.github.javaparser.symbolsolver.model.typesystem.Type com.github.javaparser.symbolsolver.model.resolution.Value.getType() -> com.github.javaparser.symbolsolver.model.typesystem.Type [ <56:12 56:15>]
REFERENCE_USAGE: com.github.javaparser.symbolsolver.model.typesystem.Type com.github.javaparser.symbolsolver.model.resolution.Value.getType() -> com.github.javaparser.symbolsolver.model.typesystem.Type com.github.javaparser.symbolsolver.model.resolution.Value.type [ <57:16 57:19>]
LOCAL_SYMBOL: Value.java<27:20> [ <27:20 27:20>]
LOCAL_SYMBOL: Value.java<27:20> [ <60:1 60:1>]
LOCAL_SYMBOL: Value.java<31:42> [ <31:42 31:42>]
LOCAL_SYMBOL: Value.java<31:42> [ <34:5 34:5>]
LOCAL_SYMBOL: Value.java<39:53> [ <39:53 39:53>]
LOCAL_SYMBOL: Value.java<39:53> [ <42:5 42:5>]
LOCAL_SYMBOL: Value.java<45:30> [ <45:30 45:30>]
LOCAL_SYMBOL: Value.java<45:30> [ <50:5 50:5>]
LOCAL_SYMBOL: Value.java<52:29> [ <52:29 52:29>]
LOCAL_SYMBOL: Value.java<52:29> [ <54:5 54:5>]
LOCAL_SYMBOL: Value.java<56:27> [ <56:27 56:27>]
LOCAL_SYMBOL: Value.java<56:27> [ <58:5 58:5>]
LOCAL_SYMBOL: com.github.javaparser.symbolsolver.model.resolution.Value.Value<0> [ <31:23 31:26>]
LOCAL_SYMBOL: com.github.javaparser.symbolsolver.model.resolution.Value.Value<0> [ <32:21 32:24>]
LOCAL_SYMBOL: com.github.javaparser.symbolsolver.model.resolution.Value.Value<1> [ <31:36 31:39>]
LOCAL_SYMBOL: com.github.javaparser.symbolsolver.model.resolution.Value.Value<1> [ <33:21 33:24>]
LOCAL_SYMBOL: com.github.javaparser.symbolsolver.model.resolution.Value.from<0> [ <39:47 39:50>]
LOCAL_SYMBOL: com.github.javaparser.symbolsolver.model.resolution.Value.from<0> [ <40:21 40:24>]
LOCAL_SYMBOL: com.github.javaparser.symbolsolver.model.resolution.Value.from<0> [ <41:32 41:35>]
LOCAL_SYMBOL: com.github.javaparser.symbolsolver.model.resolution.Value.from<1> [ <40:14 40:17>]
LOCAL_SYMBOL: com.github.javaparser.symbolsolver.model.resolution.Value.from<1> [ <41:26 41:29>]
COMMENT: comment [ <1:1 15:3>]
COMMENT: comment [ <22:1 26:3>]
COMMENT: comment [ <36:5 38:7>]
