SourceFilePath: "src/tictactoe/src/artificial_player.cpp"
	IndexedPath: "src/tictactoe/src/artificial_player.cpp"
	IndexedPath: "test/indexed/header/path"
	CompilerFlag: "-isystem"
	CompilerFlag: "src/tictactoe/include"
	CompilerFlag: "-v"
	CompilerFlag: "-std=c++17"
	CompilerFlag: "src/tictactoe/src/artificial_player.cpp"
	HeaderSearchPath: "test/header/search/path"
	FrameworkSearchPath: "test/framework/search/path"
SourceFilePath: "src/tictactoe/src/field.cpp"
	IndexedPath: "src/tictactoe/src/field.cpp"
	IndexedPath: "test/indexed/header/path"
	CompilerFlag: "-isystem"
	CompilerFlag: "src/tictactoe/include"
	CompilerFlag: "-v"
	CompilerFlag: "-std=c++17"
	CompilerFlag: "src/tictactoe/src/field.cpp"
	HeaderSearchPath: "test/header/search/path"
	FrameworkSearchPath: "test/framework/search/path"
SourceFilePath: "src/tictactoe/src/human_player.cc"
	IndexedPath: "src/tictactoe/src/human_player.cc"
	IndexedPath: "test/indexed/header/path"
	CompilerFlag: "-isystem"
	CompilerFlag: "src/tictactoe/include"
	CompilerFlag: "-v"
	CompilerFlag: "-std=c++17"
	CompilerFlag: "src/tictactoe/src/human_player.cc"
	HeaderSearchPath: "test/header/search/path"
	FrameworkSearchPath: "test/framework/search/path"
SourceFilePath: "src/tictactoe/src/io.cpp"
	IndexedPath: "src/tictactoe/src/io.cpp"
	IndexedPath: "test/indexed/header/path"
	CompilerFlag: "-isystem"
	CompilerFlag: "src/tictactoe/include"
	CompilerFlag: "-v"
	CompilerFlag: "-std=c++17"
	CompilerFlag: "src/tictactoe/src/io.cpp"
	HeaderSearchPath: "test/header/search/path"
	FrameworkSearchPath: "test/framework/search/path"
SourceFilePath: "src/tictactoe/src/main.cpp"
	IndexedPath: "src/tictactoe/src/main.cpp"
	IndexedPath: "test/indexed/header/path"
	CompilerFlag: "-isystem"
	CompilerFlag: "src/tictactoe/include"
	CompilerFlag: "-v"
	CompilerFlag: "-std=c++17"
	CompilerFlag: "src/tictactoe/src/main.cpp"
	HeaderSearchPath: "test/header/search/path"
	FrameworkSearchPath: "test/framework/search/path"
SourceFilePath: "src/tictactoe/src/player.cpp"
	IndexedPath: "src/tictactoe/src/player.cpp"
	IndexedPath: "test/indexed/header/path"
	CompilerFlag: "-isystem"
	CompilerFlag: "src/tictactoe/include"
	CompilerFlag: "-v"
	CompilerFlag: "-std=c++17"
	CompilerFlag: "src/tictactoe/src/player.cpp"
	HeaderSearchPath: "test/header/search/path"
	FrameworkSearchPath: "test/framework/search/path"
SourceFilePath: "src/tictactoe/src/tictactoe.cpp"
	IndexedPath: "src/tictactoe/src/tictactoe.cpp"
	IndexedPath: "test/indexed/header/path"
	CompilerFlag: "-isystem"
	CompilerFlag: "src/tictactoe/include"
	CompilerFlag: "-v"
	CompilerFlag: "-std=c++17"
	CompilerFlag: "src/tictactoe/src/tictactoe.cpp"
	HeaderSearchPath: "test/header/search/path"
	FrameworkSearchPath: "test/framework/search/path"
